[0.026s] Invoking command in '/home/tuanmac/linorobot2_ws/build/linorobot2_gazebo': CMAKE_PREFIX_PATH=${CMAKE_PREFIX_PATH}:/home/tuanmac/ros2_ws/install/my_robot_controllr:/opt/ros/humble /usr/bin/cmake --build /home/tuanmac/linorobot2_ws/build/linorobot2_gazebo -- -j16 -l16
[0.109s] Invoked command in '/home/tuanmac/linorobot2_ws/build/linorobot2_gazebo' returned '0': CMAKE_PREFIX_PATH=${CMAKE_PREFIX_PATH}:/home/tuanmac/ros2_ws/install/my_robot_controllr:/opt/ros/humble /usr/bin/cmake --build /home/tuanmac/linorobot2_ws/build/linorobot2_gazebo -- -j16 -l16
[0.109s] Invoking command in '/home/tuanmac/linorobot2_ws/build/linorobot2_gazebo': CMAKE_PREFIX_PATH=${CMAKE_PREFIX_PATH}:/home/tuanmac/ros2_ws/install/my_robot_controllr:/opt/ros/humble /usr/bin/cmake --install /home/tuanmac/linorobot2_ws/build/linorobot2_gazebo
[0.126s] -- Install configuration: ""
[0.127s] -- Execute custom install script
[0.127s] -- Up-to-date symlink: /home/tuanmac/linorobot2_ws/install/linorobot2_gazebo/share/linorobot2_gazebo/launch/gazebo.launch.py
[0.127s] -- Up-to-date symlink: /home/tuanmac/linorobot2_ws/install/linorobot2_gazebo/share/linorobot2_gazebo/rviz/view_urdf.rviz
[0.127s] -- Up-to-date symlink: /home/tuanmac/linorobot2_ws/install/linorobot2_gazebo/share/linorobot2_gazebo/worlds/gas_station.world
[0.127s] -- Up-to-date symlink: /home/tuanmac/linorobot2_ws/install/linorobot2_gazebo/share/linorobot2_gazebo/worlds/playground.world
[0.127s] -- Up-to-date symlink: /home/tuanmac/linorobot2_ws/install/linorobot2_gazebo/share/linorobot2_gazebo/worlds/speedbump_test.world
[0.127s] -- Up-to-date symlink: /home/tuanmac/linorobot2_ws/install/linorobot2_gazebo/lib/linorobot2_gazebo/command_timeout.py
[0.127s] -- Up-to-date symlink: /home/tuanmac/linorobot2_ws/install/linorobot2_gazebo/share/linorobot2_gazebo/environment/linorobot2_gazebo.sh
[0.127s] -- Up-to-date symlink: /home/tuanmac/linorobot2_ws/install/linorobot2_gazebo/share/ament_index/resource_index/package_run_dependencies/linorobot2_gazebo
[0.127s] -- Up-to-date symlink: /home/tuanmac/linorobot2_ws/install/linorobot2_gazebo/share/ament_index/resource_index/parent_prefix_path/linorobot2_gazebo
[0.127s] -- Up-to-date symlink: /home/tuanmac/linorobot2_ws/install/linorobot2_gazebo/share/linorobot2_gazebo/environment/ament_prefix_path.sh
[0.127s] -- Up-to-date symlink: /home/tuanmac/linorobot2_ws/install/linorobot2_gazebo/share/linorobot2_gazebo/environment/ament_prefix_path.dsv
[0.127s] -- Up-to-date symlink: /home/tuanmac/linorobot2_ws/install/linorobot2_gazebo/share/linorobot2_gazebo/environment/path.sh
[0.128s] -- Up-to-date symlink: /home/tuanmac/linorobot2_ws/install/linorobot2_gazebo/share/linorobot2_gazebo/environment/path.dsv
[0.128s] -- Up-to-date symlink: /home/tuanmac/linorobot2_ws/install/linorobot2_gazebo/share/linorobot2_gazebo/local_setup.bash
[0.128s] -- Up-to-date symlink: /home/tuanmac/linorobot2_ws/install/linorobot2_gazebo/share/linorobot2_gazebo/local_setup.sh
[0.128s] -- Up-to-date symlink: /home/tuanmac/linorobot2_ws/install/linorobot2_gazebo/share/linorobot2_gazebo/local_setup.zsh
[0.128s] -- Up-to-date symlink: /home/tuanmac/linorobot2_ws/install/linorobot2_gazebo/share/linorobot2_gazebo/local_setup.dsv
[0.128s] -- Symlinking: /home/tuanmac/linorobot2_ws/install/linorobot2_gazebo/share/linorobot2_gazebo/package.dsv
[0.136s] -- Up-to-date symlink: /home/tuanmac/linorobot2_ws/install/linorobot2_gazebo/share/ament_index/resource_index/packages/linorobot2_gazebo
[0.136s] -- Up-to-date symlink: /home/tuanmac/linorobot2_ws/install/linorobot2_gazebo/share/linorobot2_gazebo/cmake/linorobot2_gazeboConfig.cmake
[0.136s] -- Up-to-date symlink: /home/tuanmac/linorobot2_ws/install/linorobot2_gazebo/share/linorobot2_gazebo/cmake/linorobot2_gazeboConfig-version.cmake
[0.136s] -- Up-to-date symlink: /home/tuanmac/linorobot2_ws/install/linorobot2_gazebo/share/linorobot2_gazebo/package.xml
[0.160s] Invoked command in '/home/tuanmac/linorobot2_ws/build/linorobot2_gazebo' returned '0': CMAKE_PREFIX_PATH=${CMAKE_PREFIX_PATH}:/home/tuanmac/ros2_ws/install/my_robot_controllr:/opt/ros/humble /usr/bin/cmake --install /home/tuanmac/linorobot2_ws/build/linorobot2_gazebo
