[0.021s] Invoking command in '/home/tuanmac/linorobot2_ws/build/linorobot2': CMAKE_PREFIX_PATH=${CMAKE_PREFIX_PATH}:/home/tuanmac/ros2_ws/install/my_robot_controllr:/opt/ros/humble /usr/bin/cmake --build /home/tuanmac/linorobot2_ws/build/linorobot2 -- -j16 -l16
[0.089s] Invoked command in '/home/tuanmac/linorobot2_ws/build/linorobot2' returned '0': CMAKE_PREFIX_PATH=${CMAKE_PREFIX_PATH}:/home/tuanmac/ros2_ws/install/my_robot_controllr:/opt/ros/humble /usr/bin/cmake --build /home/tuanmac/linorobot2_ws/build/linorobot2 -- -j16 -l16
[0.090s] Invoking command in '/home/tuanmac/linorobot2_ws/build/linorobot2': CMAKE_PREFIX_PATH=${CMAKE_PREFIX_PATH}:/home/tuanmac/ros2_ws/install/my_robot_controllr:/opt/ros/humble /usr/bin/cmake --install /home/tuanmac/linorobot2_ws/build/linorobot2
[0.098s] -- Install configuration: ""
[0.098s] -- Execute custom install script
[0.098s] -- Up-to-date symlink: /home/tuanmac/linorobot2_ws/install/linorobot2/share/ament_index/resource_index/package_run_dependencies/linorobot2
[0.098s] -- Up-to-date symlink: /home/tuanmac/linorobot2_ws/install/linorobot2/share/ament_index/resource_index/parent_prefix_path/linorobot2
[0.098s] -- Up-to-date symlink: /home/tuanmac/linorobot2_ws/install/linorobot2/share/linorobot2/environment/ament_prefix_path.sh
[0.099s] -- Up-to-date symlink: /home/tuanmac/linorobot2_ws/install/linorobot2/share/linorobot2/environment/ament_prefix_path.dsv
[0.099s] -- Up-to-date symlink: /home/tuanmac/linorobot2_ws/install/linorobot2/share/linorobot2/environment/path.sh
[0.099s] -- Up-to-date symlink: /home/tuanmac/linorobot2_ws/install/linorobot2/share/linorobot2/environment/path.dsv
[0.100s] -- Up-to-date symlink: /home/tuanmac/linorobot2_ws/install/linorobot2/share/linorobot2/local_setup.bash
[0.100s] -- Up-to-date symlink: /home/tuanmac/linorobot2_ws/install/linorobot2/share/linorobot2/local_setup.sh
[0.100s] -- Up-to-date symlink: /home/tuanmac/linorobot2_ws/install/linorobot2/share/linorobot2/local_setup.zsh
[0.100s] -- Up-to-date symlink: /home/tuanmac/linorobot2_ws/install/linorobot2/share/linorobot2/local_setup.dsv
[0.100s] -- Symlinking: /home/tuanmac/linorobot2_ws/install/linorobot2/share/linorobot2/package.dsv
[0.115s] -- Up-to-date symlink: /home/tuanmac/linorobot2_ws/install/linorobot2/share/ament_index/resource_index/packages/linorobot2
[0.116s] -- Up-to-date symlink: /home/tuanmac/linorobot2_ws/install/linorobot2/share/linorobot2/cmake/linorobot2Config.cmake
[0.116s] -- Up-to-date symlink: /home/tuanmac/linorobot2_ws/install/linorobot2/share/linorobot2/cmake/linorobot2Config-version.cmake
[0.117s] -- Up-to-date symlink: /home/tuanmac/linorobot2_ws/install/linorobot2/share/linorobot2/package.xml
[0.134s] Invoked command in '/home/tuanmac/linorobot2_ws/build/linorobot2' returned '0': CMAKE_PREFIX_PATH=${CMAKE_PREFIX_PATH}:/home/tuanmac/ros2_ws/install/my_robot_controllr:/opt/ros/humble /usr/bin/cmake --install /home/tuanmac/linorobot2_ws/build/linorobot2
