[0.059s] DEBUG:colcon:Command line arguments: ['/usr/bin/colcon', 'list', '-p', '--base-paths', '/home/tuanmac/linorobot2_ws']
[0.059s] DEBUG:colcon:Parsed command line arguments: Namespace(log_base=None, log_level=None, verb_name='list', build_base='build', ignore_user_meta=False, metas=['./colcon.meta'], base_paths=['/home/tuanmac/linorobot2_ws'], packages_ignore=None, packages_ignore_regex=None, paths=None, packages_up_to=None, packages_up_to_regex=None, packages_above=None, packages_above_and_dependencies=None, packages_above_depth=None, packages_select_by_dep=None, packages_skip_by_dep=None, packages_skip_up_to=None, packages_select_build_failed=False, packages_skip_build_finished=False, packages_select_test_failures=False, packages_skip_test_passed=False, packages_select=None, packages_skip=None, packages_select_regex=None, packages_skip_regex=None, packages_start=None, packages_end=None, allow_overriding=[], topological_order=False, names_only=False, paths_only=True, topological_graph=False, topological_graph_dot=False, topological_graph_density=False, topological_graph_legend=False, topological_graph_dot_cluster=False, topological_graph_dot_include_skipped=False, verb_parser=<colcon_defaults.argument_parser.defaults.DefaultArgumentsDecorator object at 0x7f5a2c2351e0>, verb_extension=<colcon_package_information.verb.list.ListVerb object at 0x7f5a2c234310>, main=<bound method ListVerb.main of <colcon_package_information.verb.list.ListVerb object at 0x7f5a2c234310>>)
[0.156s] Level 1:colcon.colcon_core.package_discovery:discover_packages(colcon_meta) check parameters
[0.157s] Level 1:colcon.colcon_core.package_discovery:discover_packages(recursive) check parameters
[0.157s] Level 1:colcon.colcon_core.package_discovery:discover_packages(ignore) check parameters
[0.157s] Level 1:colcon.colcon_core.package_discovery:discover_packages(path) check parameters
[0.157s] Level 1:colcon.colcon_core.package_discovery:discover_packages(recursive) discover
[0.157s] INFO:colcon.colcon_core.package_discovery:Crawling recursively for packages in '/home/tuanmac/linorobot2_ws'
[0.157s] Level 1:colcon.colcon_core.package_identification:_identify(/home/tuanmac/linorobot2_ws) by extensions ['ignore', 'ignore_ament_install']
[0.157s] Level 1:colcon.colcon_core.package_identification:_identify(/home/tuanmac/linorobot2_ws) by extension 'ignore'
[0.157s] Level 1:colcon.colcon_core.package_identification:_identify(/home/tuanmac/linorobot2_ws) by extension 'ignore_ament_install'
[0.157s] Level 1:colcon.colcon_core.package_identification:_identify(/home/tuanmac/linorobot2_ws) by extensions ['colcon_pkg']
[0.157s] Level 1:colcon.colcon_core.package_identification:_identify(/home/tuanmac/linorobot2_ws) by extension 'colcon_pkg'
[0.157s] Level 1:colcon.colcon_core.package_identification:_identify(/home/tuanmac/linorobot2_ws) by extensions ['colcon_meta']
[0.157s] Level 1:colcon.colcon_core.package_identification:_identify(/home/tuanmac/linorobot2_ws) by extension 'colcon_meta'
[0.157s] Level 1:colcon.colcon_core.package_identification:_identify(/home/tuanmac/linorobot2_ws) by extensions ['ros']
[0.157s] Level 1:colcon.colcon_core.package_identification:_identify(/home/tuanmac/linorobot2_ws) by extension 'ros'
[0.165s] Level 1:colcon.colcon_core.package_identification:_identify(/home/tuanmac/linorobot2_ws) by extensions ['cmake', 'python']
[0.165s] Level 1:colcon.colcon_core.package_identification:_identify(/home/tuanmac/linorobot2_ws) by extension 'cmake'
[0.165s] Level 1:colcon.colcon_core.package_identification:_identify(/home/tuanmac/linorobot2_ws) by extension 'python'
[0.165s] Level 1:colcon.colcon_core.package_identification:_identify(/home/tuanmac/linorobot2_ws) by extensions ['python_setup_py']
[0.165s] Level 1:colcon.colcon_core.package_identification:_identify(/home/tuanmac/linorobot2_ws) by extension 'python_setup_py'
[0.165s] Level 1:colcon.colcon_core.package_identification:_identify(/home/tuanmac/linorobot2_ws/build) by extensions ['ignore', 'ignore_ament_install']
[0.165s] Level 1:colcon.colcon_core.package_identification:_identify(/home/tuanmac/linorobot2_ws/build) by extension 'ignore'
[0.165s] Level 1:colcon.colcon_core.package_identification:_identify(/home/tuanmac/linorobot2_ws/build) ignored
[0.165s] Level 1:colcon.colcon_core.package_identification:_identify(/home/tuanmac/linorobot2_ws/install) by extensions ['ignore', 'ignore_ament_install']
[0.165s] Level 1:colcon.colcon_core.package_identification:_identify(/home/tuanmac/linorobot2_ws/install) by extension 'ignore'
[0.165s] Level 1:colcon.colcon_core.package_identification:_identify(/home/tuanmac/linorobot2_ws/install) ignored
[0.165s] Level 1:colcon.colcon_core.package_identification:_identify(/home/tuanmac/linorobot2_ws/log) by extensions ['ignore', 'ignore_ament_install']
[0.165s] Level 1:colcon.colcon_core.package_identification:_identify(/home/tuanmac/linorobot2_ws/log) by extension 'ignore'
[0.165s] Level 1:colcon.colcon_core.package_identification:_identify(/home/tuanmac/linorobot2_ws/log) ignored
[0.165s] Level 1:colcon.colcon_core.package_identification:_identify(/home/tuanmac/linorobot2_ws/src) by extensions ['ignore', 'ignore_ament_install']
[0.165s] Level 1:colcon.colcon_core.package_identification:_identify(/home/tuanmac/linorobot2_ws/src) by extension 'ignore'
[0.165s] Level 1:colcon.colcon_core.package_identification:_identify(/home/tuanmac/linorobot2_ws/src) by extension 'ignore_ament_install'
[0.165s] Level 1:colcon.colcon_core.package_identification:_identify(/home/tuanmac/linorobot2_ws/src) by extensions ['colcon_pkg']
[0.165s] Level 1:colcon.colcon_core.package_identification:_identify(/home/tuanmac/linorobot2_ws/src) by extension 'colcon_pkg'
[0.165s] Level 1:colcon.colcon_core.package_identification:_identify(/home/tuanmac/linorobot2_ws/src) by extensions ['colcon_meta']
[0.165s] Level 1:colcon.colcon_core.package_identification:_identify(/home/tuanmac/linorobot2_ws/src) by extension 'colcon_meta'
[0.165s] Level 1:colcon.colcon_core.package_identification:_identify(/home/tuanmac/linorobot2_ws/src) by extensions ['ros']
[0.166s] Level 1:colcon.colcon_core.package_identification:_identify(/home/tuanmac/linorobot2_ws/src) by extension 'ros'
[0.166s] Level 1:colcon.colcon_core.package_identification:_identify(/home/tuanmac/linorobot2_ws/src) by extensions ['cmake', 'python']
[0.166s] Level 1:colcon.colcon_core.package_identification:_identify(/home/tuanmac/linorobot2_ws/src) by extension 'cmake'
[0.166s] Level 1:colcon.colcon_core.package_identification:_identify(/home/tuanmac/linorobot2_ws/src) by extension 'python'
[0.166s] Level 1:colcon.colcon_core.package_identification:_identify(/home/tuanmac/linorobot2_ws/src) by extensions ['python_setup_py']
[0.166s] Level 1:colcon.colcon_core.package_identification:_identify(/home/tuanmac/linorobot2_ws/src) by extension 'python_setup_py'
[0.166s] Level 1:colcon.colcon_core.package_identification:_identify(/home/tuanmac/linorobot2_ws/src/linorobot2-humble) by extensions ['ignore', 'ignore_ament_install']
[0.166s] Level 1:colcon.colcon_core.package_identification:_identify(/home/tuanmac/linorobot2_ws/src/linorobot2-humble) by extension 'ignore'
[0.166s] Level 1:colcon.colcon_core.package_identification:_identify(/home/tuanmac/linorobot2_ws/src/linorobot2-humble) by extension 'ignore_ament_install'
[0.166s] Level 1:colcon.colcon_core.package_identification:_identify(/home/tuanmac/linorobot2_ws/src/linorobot2-humble) by extensions ['colcon_pkg']
[0.166s] Level 1:colcon.colcon_core.package_identification:_identify(/home/tuanmac/linorobot2_ws/src/linorobot2-humble) by extension 'colcon_pkg'
[0.166s] Level 1:colcon.colcon_core.package_identification:_identify(/home/tuanmac/linorobot2_ws/src/linorobot2-humble) by extensions ['colcon_meta']
[0.166s] Level 1:colcon.colcon_core.package_identification:_identify(/home/tuanmac/linorobot2_ws/src/linorobot2-humble) by extension 'colcon_meta'
[0.166s] Level 1:colcon.colcon_core.package_identification:_identify(/home/tuanmac/linorobot2_ws/src/linorobot2-humble) by extensions ['ros']
[0.166s] Level 1:colcon.colcon_core.package_identification:_identify(/home/tuanmac/linorobot2_ws/src/linorobot2-humble) by extension 'ros'
[0.166s] Level 1:colcon.colcon_core.package_identification:_identify(/home/tuanmac/linorobot2_ws/src/linorobot2-humble) by extensions ['cmake', 'python']
[0.166s] Level 1:colcon.colcon_core.package_identification:_identify(/home/tuanmac/linorobot2_ws/src/linorobot2-humble) by extension 'cmake'
[0.166s] Level 1:colcon.colcon_core.package_identification:_identify(/home/tuanmac/linorobot2_ws/src/linorobot2-humble) by extension 'python'
[0.166s] Level 1:colcon.colcon_core.package_identification:_identify(/home/tuanmac/linorobot2_ws/src/linorobot2-humble) by extensions ['python_setup_py']
[0.166s] Level 1:colcon.colcon_core.package_identification:_identify(/home/tuanmac/linorobot2_ws/src/linorobot2-humble) by extension 'python_setup_py'
[0.166s] Level 1:colcon.colcon_core.package_identification:_identify(/home/tuanmac/linorobot2_ws/src/linorobot2-humble/docker) by extensions ['ignore', 'ignore_ament_install']
[0.166s] Level 1:colcon.colcon_core.package_identification:_identify(/home/tuanmac/linorobot2_ws/src/linorobot2-humble/docker) by extension 'ignore'
[0.166s] Level 1:colcon.colcon_core.package_identification:_identify(/home/tuanmac/linorobot2_ws/src/linorobot2-humble/docker) by extension 'ignore_ament_install'
[0.166s] Level 1:colcon.colcon_core.package_identification:_identify(/home/tuanmac/linorobot2_ws/src/linorobot2-humble/docker) by extensions ['colcon_pkg']
[0.166s] Level 1:colcon.colcon_core.package_identification:_identify(/home/tuanmac/linorobot2_ws/src/linorobot2-humble/docker) by extension 'colcon_pkg'
[0.166s] Level 1:colcon.colcon_core.package_identification:_identify(/home/tuanmac/linorobot2_ws/src/linorobot2-humble/docker) by extensions ['colcon_meta']
[0.166s] Level 1:colcon.colcon_core.package_identification:_identify(/home/tuanmac/linorobot2_ws/src/linorobot2-humble/docker) by extension 'colcon_meta'
[0.166s] Level 1:colcon.colcon_core.package_identification:_identify(/home/tuanmac/linorobot2_ws/src/linorobot2-humble/docker) by extensions ['ros']
[0.166s] Level 1:colcon.colcon_core.package_identification:_identify(/home/tuanmac/linorobot2_ws/src/linorobot2-humble/docker) by extension 'ros'
[0.166s] Level 1:colcon.colcon_core.package_identification:_identify(/home/tuanmac/linorobot2_ws/src/linorobot2-humble/docker) by extensions ['cmake', 'python']
[0.166s] Level 1:colcon.colcon_core.package_identification:_identify(/home/tuanmac/linorobot2_ws/src/linorobot2-humble/docker) by extension 'cmake'
[0.166s] Level 1:colcon.colcon_core.package_identification:_identify(/home/tuanmac/linorobot2_ws/src/linorobot2-humble/docker) by extension 'python'
[0.166s] Level 1:colcon.colcon_core.package_identification:_identify(/home/tuanmac/linorobot2_ws/src/linorobot2-humble/docker) by extensions ['python_setup_py']
[0.166s] Level 1:colcon.colcon_core.package_identification:_identify(/home/tuanmac/linorobot2_ws/src/linorobot2-humble/docker) by extension 'python_setup_py'
[0.166s] Level 1:colcon.colcon_core.package_identification:_identify(/home/tuanmac/linorobot2_ws/src/linorobot2-humble/docs) by extensions ['ignore', 'ignore_ament_install']
[0.166s] Level 1:colcon.colcon_core.package_identification:_identify(/home/tuanmac/linorobot2_ws/src/linorobot2-humble/docs) by extension 'ignore'
[0.166s] Level 1:colcon.colcon_core.package_identification:_identify(/home/tuanmac/linorobot2_ws/src/linorobot2-humble/docs) by extension 'ignore_ament_install'
[0.167s] Level 1:colcon.colcon_core.package_identification:_identify(/home/tuanmac/linorobot2_ws/src/linorobot2-humble/docs) by extensions ['colcon_pkg']
[0.167s] Level 1:colcon.colcon_core.package_identification:_identify(/home/tuanmac/linorobot2_ws/src/linorobot2-humble/docs) by extension 'colcon_pkg'
[0.167s] Level 1:colcon.colcon_core.package_identification:_identify(/home/tuanmac/linorobot2_ws/src/linorobot2-humble/docs) by extensions ['colcon_meta']
[0.167s] Level 1:colcon.colcon_core.package_identification:_identify(/home/tuanmac/linorobot2_ws/src/linorobot2-humble/docs) by extension 'colcon_meta'
[0.167s] Level 1:colcon.colcon_core.package_identification:_identify(/home/tuanmac/linorobot2_ws/src/linorobot2-humble/docs) by extensions ['ros']
[0.167s] Level 1:colcon.colcon_core.package_identification:_identify(/home/tuanmac/linorobot2_ws/src/linorobot2-humble/docs) by extension 'ros'
[0.167s] Level 1:colcon.colcon_core.package_identification:_identify(/home/tuanmac/linorobot2_ws/src/linorobot2-humble/docs) by extensions ['cmake', 'python']
[0.167s] Level 1:colcon.colcon_core.package_identification:_identify(/home/tuanmac/linorobot2_ws/src/linorobot2-humble/docs) by extension 'cmake'
[0.167s] Level 1:colcon.colcon_core.package_identification:_identify(/home/tuanmac/linorobot2_ws/src/linorobot2-humble/docs) by extension 'python'
[0.167s] Level 1:colcon.colcon_core.package_identification:_identify(/home/tuanmac/linorobot2_ws/src/linorobot2-humble/docs) by extensions ['python_setup_py']
[0.167s] Level 1:colcon.colcon_core.package_identification:_identify(/home/tuanmac/linorobot2_ws/src/linorobot2-humble/docs) by extension 'python_setup_py'
[0.167s] Level 1:colcon.colcon_core.package_identification:_identify(/home/tuanmac/linorobot2_ws/src/linorobot2-humble/linorobot2) by extensions ['ignore', 'ignore_ament_install']
[0.167s] Level 1:colcon.colcon_core.package_identification:_identify(/home/tuanmac/linorobot2_ws/src/linorobot2-humble/linorobot2) by extension 'ignore'
[0.167s] Level 1:colcon.colcon_core.package_identification:_identify(/home/tuanmac/linorobot2_ws/src/linorobot2-humble/linorobot2) by extension 'ignore_ament_install'
[0.167s] Level 1:colcon.colcon_core.package_identification:_identify(/home/tuanmac/linorobot2_ws/src/linorobot2-humble/linorobot2) by extensions ['colcon_pkg']
[0.167s] Level 1:colcon.colcon_core.package_identification:_identify(/home/tuanmac/linorobot2_ws/src/linorobot2-humble/linorobot2) by extension 'colcon_pkg'
[0.167s] Level 1:colcon.colcon_core.package_identification:_identify(/home/tuanmac/linorobot2_ws/src/linorobot2-humble/linorobot2) by extensions ['colcon_meta']
[0.167s] Level 1:colcon.colcon_core.package_identification:_identify(/home/tuanmac/linorobot2_ws/src/linorobot2-humble/linorobot2) by extension 'colcon_meta'
[0.167s] Level 1:colcon.colcon_core.package_identification:_identify(/home/tuanmac/linorobot2_ws/src/linorobot2-humble/linorobot2) by extensions ['ros']
[0.167s] Level 1:colcon.colcon_core.package_identification:_identify(/home/tuanmac/linorobot2_ws/src/linorobot2-humble/linorobot2) by extension 'ros'
[0.169s] DEBUG:colcon.colcon_core.package_identification:Package '/home/tuanmac/linorobot2_ws/src/linorobot2-humble/linorobot2' with type 'ros.ament_cmake' and name 'linorobot2'
[0.169s] Level 1:colcon.colcon_core.package_identification:_identify(/home/tuanmac/linorobot2_ws/src/linorobot2-humble/linorobot2_base) by extensions ['ignore', 'ignore_ament_install']
[0.169s] Level 1:colcon.colcon_core.package_identification:_identify(/home/tuanmac/linorobot2_ws/src/linorobot2-humble/linorobot2_base) by extension 'ignore'
[0.169s] Level 1:colcon.colcon_core.package_identification:_identify(/home/tuanmac/linorobot2_ws/src/linorobot2-humble/linorobot2_base) by extension 'ignore_ament_install'
[0.169s] Level 1:colcon.colcon_core.package_identification:_identify(/home/tuanmac/linorobot2_ws/src/linorobot2-humble/linorobot2_base) by extensions ['colcon_pkg']
[0.169s] Level 1:colcon.colcon_core.package_identification:_identify(/home/tuanmac/linorobot2_ws/src/linorobot2-humble/linorobot2_base) by extension 'colcon_pkg'
[0.169s] Level 1:colcon.colcon_core.package_identification:_identify(/home/tuanmac/linorobot2_ws/src/linorobot2-humble/linorobot2_base) by extensions ['colcon_meta']
[0.169s] Level 1:colcon.colcon_core.package_identification:_identify(/home/tuanmac/linorobot2_ws/src/linorobot2-humble/linorobot2_base) by extension 'colcon_meta'
[0.169s] Level 1:colcon.colcon_core.package_identification:_identify(/home/tuanmac/linorobot2_ws/src/linorobot2-humble/linorobot2_base) by extensions ['ros']
[0.169s] Level 1:colcon.colcon_core.package_identification:_identify(/home/tuanmac/linorobot2_ws/src/linorobot2-humble/linorobot2_base) by extension 'ros'
[0.169s] DEBUG:colcon.colcon_core.package_identification:Package '/home/tuanmac/linorobot2_ws/src/linorobot2-humble/linorobot2_base' with type 'ros.ament_cmake' and name 'linorobot2_base'
[0.169s] Level 1:colcon.colcon_core.package_identification:_identify(/home/tuanmac/linorobot2_ws/src/linorobot2-humble/linorobot2_bringup) by extensions ['ignore', 'ignore_ament_install']
[0.169s] Level 1:colcon.colcon_core.package_identification:_identify(/home/tuanmac/linorobot2_ws/src/linorobot2-humble/linorobot2_bringup) by extension 'ignore'
[0.169s] Level 1:colcon.colcon_core.package_identification:_identify(/home/tuanmac/linorobot2_ws/src/linorobot2-humble/linorobot2_bringup) by extension 'ignore_ament_install'
[0.169s] Level 1:colcon.colcon_core.package_identification:_identify(/home/tuanmac/linorobot2_ws/src/linorobot2-humble/linorobot2_bringup) by extensions ['colcon_pkg']
[0.170s] Level 1:colcon.colcon_core.package_identification:_identify(/home/tuanmac/linorobot2_ws/src/linorobot2-humble/linorobot2_bringup) by extension 'colcon_pkg'
[0.170s] Level 1:colcon.colcon_core.package_identification:_identify(/home/tuanmac/linorobot2_ws/src/linorobot2-humble/linorobot2_bringup) by extensions ['colcon_meta']
[0.170s] Level 1:colcon.colcon_core.package_identification:_identify(/home/tuanmac/linorobot2_ws/src/linorobot2-humble/linorobot2_bringup) by extension 'colcon_meta'
[0.170s] Level 1:colcon.colcon_core.package_identification:_identify(/home/tuanmac/linorobot2_ws/src/linorobot2-humble/linorobot2_bringup) by extensions ['ros']
[0.170s] Level 1:colcon.colcon_core.package_identification:_identify(/home/tuanmac/linorobot2_ws/src/linorobot2-humble/linorobot2_bringup) by extension 'ros'
[0.170s] DEBUG:colcon.colcon_core.package_identification:Package '/home/tuanmac/linorobot2_ws/src/linorobot2-humble/linorobot2_bringup' with type 'ros.ament_cmake' and name 'linorobot2_bringup'
[0.170s] Level 1:colcon.colcon_core.package_identification:_identify(/home/tuanmac/linorobot2_ws/src/linorobot2-humble/linorobot2_description) by extensions ['ignore', 'ignore_ament_install']
[0.170s] Level 1:colcon.colcon_core.package_identification:_identify(/home/tuanmac/linorobot2_ws/src/linorobot2-humble/linorobot2_description) by extension 'ignore'
[0.170s] Level 1:colcon.colcon_core.package_identification:_identify(/home/tuanmac/linorobot2_ws/src/linorobot2-humble/linorobot2_description) by extension 'ignore_ament_install'
[0.170s] Level 1:colcon.colcon_core.package_identification:_identify(/home/tuanmac/linorobot2_ws/src/linorobot2-humble/linorobot2_description) by extensions ['colcon_pkg']
[0.170s] Level 1:colcon.colcon_core.package_identification:_identify(/home/tuanmac/linorobot2_ws/src/linorobot2-humble/linorobot2_description) by extension 'colcon_pkg'
[0.170s] Level 1:colcon.colcon_core.package_identification:_identify(/home/tuanmac/linorobot2_ws/src/linorobot2-humble/linorobot2_description) by extensions ['colcon_meta']
[0.170s] Level 1:colcon.colcon_core.package_identification:_identify(/home/tuanmac/linorobot2_ws/src/linorobot2-humble/linorobot2_description) by extension 'colcon_meta'
[0.170s] Level 1:colcon.colcon_core.package_identification:_identify(/home/tuanmac/linorobot2_ws/src/linorobot2-humble/linorobot2_description) by extensions ['ros']
[0.170s] Level 1:colcon.colcon_core.package_identification:_identify(/home/tuanmac/linorobot2_ws/src/linorobot2-humble/linorobot2_description) by extension 'ros'
[0.171s] DEBUG:colcon.colcon_core.package_identification:Package '/home/tuanmac/linorobot2_ws/src/linorobot2-humble/linorobot2_description' with type 'ros.ament_cmake' and name 'linorobot2_description'
[0.171s] Level 1:colcon.colcon_core.package_identification:_identify(/home/tuanmac/linorobot2_ws/src/linorobot2-humble/linorobot2_gazebo) by extensions ['ignore', 'ignore_ament_install']
[0.171s] Level 1:colcon.colcon_core.package_identification:_identify(/home/tuanmac/linorobot2_ws/src/linorobot2-humble/linorobot2_gazebo) by extension 'ignore'
[0.171s] Level 1:colcon.colcon_core.package_identification:_identify(/home/tuanmac/linorobot2_ws/src/linorobot2-humble/linorobot2_gazebo) by extension 'ignore_ament_install'
[0.171s] Level 1:colcon.colcon_core.package_identification:_identify(/home/tuanmac/linorobot2_ws/src/linorobot2-humble/linorobot2_gazebo) by extensions ['colcon_pkg']
[0.171s] Level 1:colcon.colcon_core.package_identification:_identify(/home/tuanmac/linorobot2_ws/src/linorobot2-humble/linorobot2_gazebo) by extension 'colcon_pkg'
[0.171s] Level 1:colcon.colcon_core.package_identification:_identify(/home/tuanmac/linorobot2_ws/src/linorobot2-humble/linorobot2_gazebo) by extensions ['colcon_meta']
[0.171s] Level 1:colcon.colcon_core.package_identification:_identify(/home/tuanmac/linorobot2_ws/src/linorobot2-humble/linorobot2_gazebo) by extension 'colcon_meta'
[0.171s] Level 1:colcon.colcon_core.package_identification:_identify(/home/tuanmac/linorobot2_ws/src/linorobot2-humble/linorobot2_gazebo) by extensions ['ros']
[0.171s] Level 1:colcon.colcon_core.package_identification:_identify(/home/tuanmac/linorobot2_ws/src/linorobot2-humble/linorobot2_gazebo) by extension 'ros'
[0.171s] DEBUG:colcon.colcon_core.package_identification:Package '/home/tuanmac/linorobot2_ws/src/linorobot2-humble/linorobot2_gazebo' with type 'ros.ament_cmake' and name 'linorobot2_gazebo'
[0.171s] Level 1:colcon.colcon_core.package_identification:_identify(/home/tuanmac/linorobot2_ws/src/linorobot2-humble/linorobot2_navigation) by extensions ['ignore', 'ignore_ament_install']
[0.171s] Level 1:colcon.colcon_core.package_identification:_identify(/home/tuanmac/linorobot2_ws/src/linorobot2-humble/linorobot2_navigation) by extension 'ignore'
[0.171s] Level 1:colcon.colcon_core.package_identification:_identify(/home/tuanmac/linorobot2_ws/src/linorobot2-humble/linorobot2_navigation) by extension 'ignore_ament_install'
[0.172s] Level 1:colcon.colcon_core.package_identification:_identify(/home/tuanmac/linorobot2_ws/src/linorobot2-humble/linorobot2_navigation) by extensions ['colcon_pkg']
[0.172s] Level 1:colcon.colcon_core.package_identification:_identify(/home/tuanmac/linorobot2_ws/src/linorobot2-humble/linorobot2_navigation) by extension 'colcon_pkg'
[0.172s] Level 1:colcon.colcon_core.package_identification:_identify(/home/tuanmac/linorobot2_ws/src/linorobot2-humble/linorobot2_navigation) by extensions ['colcon_meta']
[0.172s] Level 1:colcon.colcon_core.package_identification:_identify(/home/tuanmac/linorobot2_ws/src/linorobot2-humble/linorobot2_navigation) by extension 'colcon_meta'
[0.172s] Level 1:colcon.colcon_core.package_identification:_identify(/home/tuanmac/linorobot2_ws/src/linorobot2-humble/linorobot2_navigation) by extensions ['ros']
[0.172s] Level 1:colcon.colcon_core.package_identification:_identify(/home/tuanmac/linorobot2_ws/src/linorobot2-humble/linorobot2_navigation) by extension 'ros'
[0.172s] DEBUG:colcon.colcon_core.package_identification:Package '/home/tuanmac/linorobot2_ws/src/linorobot2-humble/linorobot2_navigation' with type 'ros.ament_cmake' and name 'linorobot2_navigation'
[0.172s] Level 1:colcon.colcon_core.package_discovery:discover_packages(recursive) using defaults
