[0.085s] DEBUG:colcon:Command line arguments: ['/usr/bin/colcon', 'build', '--symlink-install']
[0.085s] DEBUG:colcon:Parsed command line arguments: Namespace(log_base=None, log_level=None, verb_name='build', build_base='build', install_base='install', merge_install=False, symlink_install=True, test_result_base=None, continue_on_error=False, executor='parallel', parallel_workers=16, event_handlers=None, ignore_user_meta=False, metas=['./colcon.meta'], base_paths=['.'], packages_ignore=None, packages_ignore_regex=None, paths=None, packages_up_to=None, packages_up_to_regex=None, packages_above=None, packages_above_and_dependencies=None, packages_above_depth=None, packages_select_by_dep=None, packages_skip_by_dep=None, packages_skip_up_to=None, packages_select_build_failed=False, packages_skip_build_finished=False, packages_select_test_failures=False, packages_skip_test_passed=False, packages_select=None, packages_skip=None, packages_select_regex=None, packages_skip_regex=None, packages_start=None, packages_end=None, allow_overriding=[], cmake_args=None, cmake_target=None, cmake_target_skip_unavailable=False, cmake_clean_cache=False, cmake_clean_first=False, cmake_force_configure=False, ament_cmake_args=None, catkin_cmake_args=None, catkin_skip_building_tests=False, verb_parser=<colcon_defaults.argument_parser.defaults.DefaultArgumentsDecorator object at 0x77fb7b470850>, verb_extension=<colcon_core.verb.build.BuildVerb object at 0x77fb7b470280>, main=<bound method BuildVerb.main of <colcon_core.verb.build.BuildVerb object at 0x77fb7b470280>>)
[0.267s] Level 1:colcon.colcon_core.package_discovery:discover_packages(colcon_meta) check parameters
[0.267s] Level 1:colcon.colcon_core.package_discovery:discover_packages(recursive) check parameters
[0.267s] Level 1:colcon.colcon_core.package_discovery:discover_packages(ignore) check parameters
[0.267s] Level 1:colcon.colcon_core.package_discovery:discover_packages(path) check parameters
[0.267s] Level 1:colcon.colcon_core.package_discovery:discover_packages(colcon_meta) discover
[0.267s] Level 1:colcon.colcon_core.package_discovery:discover_packages(recursive) discover
[0.267s] INFO:colcon.colcon_core.package_discovery:Crawling recursively for packages in '/home/tuanmac/linorobot2_ws'
[0.268s] Level 1:colcon.colcon_core.package_identification:_identify(.) by extensions ['ignore', 'ignore_ament_install']
[0.268s] Level 1:colcon.colcon_core.package_identification:_identify(.) by extension 'ignore'
[0.268s] Level 1:colcon.colcon_core.package_identification:_identify(.) by extension 'ignore_ament_install'
[0.268s] Level 1:colcon.colcon_core.package_identification:_identify(.) by extensions ['colcon_pkg']
[0.268s] Level 1:colcon.colcon_core.package_identification:_identify(.) by extension 'colcon_pkg'
[0.268s] Level 1:colcon.colcon_core.package_identification:_identify(.) by extensions ['colcon_meta']
[0.268s] Level 1:colcon.colcon_core.package_identification:_identify(.) by extension 'colcon_meta'
[0.268s] Level 1:colcon.colcon_core.package_identification:_identify(.) by extensions ['ros']
[0.268s] Level 1:colcon.colcon_core.package_identification:_identify(.) by extension 'ros'
[0.275s] Level 1:colcon.colcon_core.package_identification:_identify(.) by extensions ['cmake', 'python']
[0.275s] Level 1:colcon.colcon_core.package_identification:_identify(.) by extension 'cmake'
[0.275s] Level 1:colcon.colcon_core.package_identification:_identify(.) by extension 'python'
[0.275s] Level 1:colcon.colcon_core.package_identification:_identify(.) by extensions ['python_setup_py']
[0.275s] Level 1:colcon.colcon_core.package_identification:_identify(.) by extension 'python_setup_py'
[0.275s] Level 1:colcon.colcon_core.package_identification:_identify(build) by extensions ['ignore', 'ignore_ament_install']
[0.276s] Level 1:colcon.colcon_core.package_identification:_identify(build) by extension 'ignore'
[0.276s] Level 1:colcon.colcon_core.package_identification:_identify(build) ignored
[0.276s] Level 1:colcon.colcon_core.package_identification:_identify(install) by extensions ['ignore', 'ignore_ament_install']
[0.276s] Level 1:colcon.colcon_core.package_identification:_identify(install) by extension 'ignore'
[0.276s] Level 1:colcon.colcon_core.package_identification:_identify(install) ignored
[0.276s] Level 1:colcon.colcon_core.package_identification:_identify(log) by extensions ['ignore', 'ignore_ament_install']
[0.276s] Level 1:colcon.colcon_core.package_identification:_identify(log) by extension 'ignore'
[0.276s] Level 1:colcon.colcon_core.package_identification:_identify(log) ignored
[0.276s] Level 1:colcon.colcon_core.package_identification:_identify(src) by extensions ['ignore', 'ignore_ament_install']
[0.276s] Level 1:colcon.colcon_core.package_identification:_identify(src) by extension 'ignore'
[0.276s] Level 1:colcon.colcon_core.package_identification:_identify(src) by extension 'ignore_ament_install'
[0.276s] Level 1:colcon.colcon_core.package_identification:_identify(src) by extensions ['colcon_pkg']
[0.276s] Level 1:colcon.colcon_core.package_identification:_identify(src) by extension 'colcon_pkg'
[0.276s] Level 1:colcon.colcon_core.package_identification:_identify(src) by extensions ['colcon_meta']
[0.276s] Level 1:colcon.colcon_core.package_identification:_identify(src) by extension 'colcon_meta'
[0.276s] Level 1:colcon.colcon_core.package_identification:_identify(src) by extensions ['ros']
[0.276s] Level 1:colcon.colcon_core.package_identification:_identify(src) by extension 'ros'
[0.276s] Level 1:colcon.colcon_core.package_identification:_identify(src) by extensions ['cmake', 'python']
[0.276s] Level 1:colcon.colcon_core.package_identification:_identify(src) by extension 'cmake'
[0.276s] Level 1:colcon.colcon_core.package_identification:_identify(src) by extension 'python'
[0.276s] Level 1:colcon.colcon_core.package_identification:_identify(src) by extensions ['python_setup_py']
[0.276s] Level 1:colcon.colcon_core.package_identification:_identify(src) by extension 'python_setup_py'
[0.276s] Level 1:colcon.colcon_core.package_identification:_identify(src/linorobot2-humble) by extensions ['ignore', 'ignore_ament_install']
[0.276s] Level 1:colcon.colcon_core.package_identification:_identify(src/linorobot2-humble) by extension 'ignore'
[0.276s] Level 1:colcon.colcon_core.package_identification:_identify(src/linorobot2-humble) by extension 'ignore_ament_install'
[0.277s] Level 1:colcon.colcon_core.package_identification:_identify(src/linorobot2-humble) by extensions ['colcon_pkg']
[0.277s] Level 1:colcon.colcon_core.package_identification:_identify(src/linorobot2-humble) by extension 'colcon_pkg'
[0.277s] Level 1:colcon.colcon_core.package_identification:_identify(src/linorobot2-humble) by extensions ['colcon_meta']
[0.277s] Level 1:colcon.colcon_core.package_identification:_identify(src/linorobot2-humble) by extension 'colcon_meta'
[0.277s] Level 1:colcon.colcon_core.package_identification:_identify(src/linorobot2-humble) by extensions ['ros']
[0.277s] Level 1:colcon.colcon_core.package_identification:_identify(src/linorobot2-humble) by extension 'ros'
[0.277s] Level 1:colcon.colcon_core.package_identification:_identify(src/linorobot2-humble) by extensions ['cmake', 'python']
[0.277s] Level 1:colcon.colcon_core.package_identification:_identify(src/linorobot2-humble) by extension 'cmake'
[0.277s] Level 1:colcon.colcon_core.package_identification:_identify(src/linorobot2-humble) by extension 'python'
[0.277s] Level 1:colcon.colcon_core.package_identification:_identify(src/linorobot2-humble) by extensions ['python_setup_py']
[0.277s] Level 1:colcon.colcon_core.package_identification:_identify(src/linorobot2-humble) by extension 'python_setup_py'
[0.277s] Level 1:colcon.colcon_core.package_identification:_identify(src/linorobot2-humble/docker) by extensions ['ignore', 'ignore_ament_install']
[0.277s] Level 1:colcon.colcon_core.package_identification:_identify(src/linorobot2-humble/docker) by extension 'ignore'
[0.277s] Level 1:colcon.colcon_core.package_identification:_identify(src/linorobot2-humble/docker) by extension 'ignore_ament_install'
[0.277s] Level 1:colcon.colcon_core.package_identification:_identify(src/linorobot2-humble/docker) by extensions ['colcon_pkg']
[0.277s] Level 1:colcon.colcon_core.package_identification:_identify(src/linorobot2-humble/docker) by extension 'colcon_pkg'
[0.277s] Level 1:colcon.colcon_core.package_identification:_identify(src/linorobot2-humble/docker) by extensions ['colcon_meta']
[0.277s] Level 1:colcon.colcon_core.package_identification:_identify(src/linorobot2-humble/docker) by extension 'colcon_meta'
[0.277s] Level 1:colcon.colcon_core.package_identification:_identify(src/linorobot2-humble/docker) by extensions ['ros']
[0.277s] Level 1:colcon.colcon_core.package_identification:_identify(src/linorobot2-humble/docker) by extension 'ros'
[0.277s] Level 1:colcon.colcon_core.package_identification:_identify(src/linorobot2-humble/docker) by extensions ['cmake', 'python']
[0.277s] Level 1:colcon.colcon_core.package_identification:_identify(src/linorobot2-humble/docker) by extension 'cmake'
[0.277s] Level 1:colcon.colcon_core.package_identification:_identify(src/linorobot2-humble/docker) by extension 'python'
[0.277s] Level 1:colcon.colcon_core.package_identification:_identify(src/linorobot2-humble/docker) by extensions ['python_setup_py']
[0.277s] Level 1:colcon.colcon_core.package_identification:_identify(src/linorobot2-humble/docker) by extension 'python_setup_py'
[0.277s] Level 1:colcon.colcon_core.package_identification:_identify(src/linorobot2-humble/docs) by extensions ['ignore', 'ignore_ament_install']
[0.277s] Level 1:colcon.colcon_core.package_identification:_identify(src/linorobot2-humble/docs) by extension 'ignore'
[0.277s] Level 1:colcon.colcon_core.package_identification:_identify(src/linorobot2-humble/docs) by extension 'ignore_ament_install'
[0.277s] Level 1:colcon.colcon_core.package_identification:_identify(src/linorobot2-humble/docs) by extensions ['colcon_pkg']
[0.277s] Level 1:colcon.colcon_core.package_identification:_identify(src/linorobot2-humble/docs) by extension 'colcon_pkg'
[0.277s] Level 1:colcon.colcon_core.package_identification:_identify(src/linorobot2-humble/docs) by extensions ['colcon_meta']
[0.277s] Level 1:colcon.colcon_core.package_identification:_identify(src/linorobot2-humble/docs) by extension 'colcon_meta'
[0.277s] Level 1:colcon.colcon_core.package_identification:_identify(src/linorobot2-humble/docs) by extensions ['ros']
[0.277s] Level 1:colcon.colcon_core.package_identification:_identify(src/linorobot2-humble/docs) by extension 'ros'
[0.277s] Level 1:colcon.colcon_core.package_identification:_identify(src/linorobot2-humble/docs) by extensions ['cmake', 'python']
[0.278s] Level 1:colcon.colcon_core.package_identification:_identify(src/linorobot2-humble/docs) by extension 'cmake'
[0.278s] Level 1:colcon.colcon_core.package_identification:_identify(src/linorobot2-humble/docs) by extension 'python'
[0.278s] Level 1:colcon.colcon_core.package_identification:_identify(src/linorobot2-humble/docs) by extensions ['python_setup_py']
[0.278s] Level 1:colcon.colcon_core.package_identification:_identify(src/linorobot2-humble/docs) by extension 'python_setup_py'
[0.278s] Level 1:colcon.colcon_core.package_identification:_identify(src/linorobot2-humble/linorobot2) by extensions ['ignore', 'ignore_ament_install']
[0.278s] Level 1:colcon.colcon_core.package_identification:_identify(src/linorobot2-humble/linorobot2) by extension 'ignore'
[0.278s] Level 1:colcon.colcon_core.package_identification:_identify(src/linorobot2-humble/linorobot2) by extension 'ignore_ament_install'
[0.278s] Level 1:colcon.colcon_core.package_identification:_identify(src/linorobot2-humble/linorobot2) by extensions ['colcon_pkg']
[0.278s] Level 1:colcon.colcon_core.package_identification:_identify(src/linorobot2-humble/linorobot2) by extension 'colcon_pkg'
[0.278s] Level 1:colcon.colcon_core.package_identification:_identify(src/linorobot2-humble/linorobot2) by extensions ['colcon_meta']
[0.278s] Level 1:colcon.colcon_core.package_identification:_identify(src/linorobot2-humble/linorobot2) by extension 'colcon_meta'
[0.278s] Level 1:colcon.colcon_core.package_identification:_identify(src/linorobot2-humble/linorobot2) by extensions ['ros']
[0.278s] Level 1:colcon.colcon_core.package_identification:_identify(src/linorobot2-humble/linorobot2) by extension 'ros'
[0.280s] DEBUG:colcon.colcon_core.package_identification:Package 'src/linorobot2-humble/linorobot2' with type 'ros.ament_cmake' and name 'linorobot2'
[0.280s] Level 1:colcon.colcon_core.package_identification:_identify(src/linorobot2-humble/linorobot2_base) by extensions ['ignore', 'ignore_ament_install']
[0.280s] Level 1:colcon.colcon_core.package_identification:_identify(src/linorobot2-humble/linorobot2_base) by extension 'ignore'
[0.280s] Level 1:colcon.colcon_core.package_identification:_identify(src/linorobot2-humble/linorobot2_base) by extension 'ignore_ament_install'
[0.280s] Level 1:colcon.colcon_core.package_identification:_identify(src/linorobot2-humble/linorobot2_base) by extensions ['colcon_pkg']
[0.280s] Level 1:colcon.colcon_core.package_identification:_identify(src/linorobot2-humble/linorobot2_base) by extension 'colcon_pkg'
[0.280s] Level 1:colcon.colcon_core.package_identification:_identify(src/linorobot2-humble/linorobot2_base) by extensions ['colcon_meta']
[0.280s] Level 1:colcon.colcon_core.package_identification:_identify(src/linorobot2-humble/linorobot2_base) by extension 'colcon_meta'
[0.280s] Level 1:colcon.colcon_core.package_identification:_identify(src/linorobot2-humble/linorobot2_base) by extensions ['ros']
[0.280s] Level 1:colcon.colcon_core.package_identification:_identify(src/linorobot2-humble/linorobot2_base) by extension 'ros'
[0.280s] DEBUG:colcon.colcon_core.package_identification:Package 'src/linorobot2-humble/linorobot2_base' with type 'ros.ament_cmake' and name 'linorobot2_base'
[0.281s] Level 1:colcon.colcon_core.package_identification:_identify(src/linorobot2-humble/linorobot2_bringup) by extensions ['ignore', 'ignore_ament_install']
[0.281s] Level 1:colcon.colcon_core.package_identification:_identify(src/linorobot2-humble/linorobot2_bringup) by extension 'ignore'
[0.281s] Level 1:colcon.colcon_core.package_identification:_identify(src/linorobot2-humble/linorobot2_bringup) by extension 'ignore_ament_install'
[0.281s] Level 1:colcon.colcon_core.package_identification:_identify(src/linorobot2-humble/linorobot2_bringup) by extensions ['colcon_pkg']
[0.281s] Level 1:colcon.colcon_core.package_identification:_identify(src/linorobot2-humble/linorobot2_bringup) by extension 'colcon_pkg'
[0.281s] Level 1:colcon.colcon_core.package_identification:_identify(src/linorobot2-humble/linorobot2_bringup) by extensions ['colcon_meta']
[0.281s] Level 1:colcon.colcon_core.package_identification:_identify(src/linorobot2-humble/linorobot2_bringup) by extension 'colcon_meta'
[0.281s] Level 1:colcon.colcon_core.package_identification:_identify(src/linorobot2-humble/linorobot2_bringup) by extensions ['ros']
[0.281s] Level 1:colcon.colcon_core.package_identification:_identify(src/linorobot2-humble/linorobot2_bringup) by extension 'ros'
[0.281s] DEBUG:colcon.colcon_core.package_identification:Package 'src/linorobot2-humble/linorobot2_bringup' with type 'ros.ament_cmake' and name 'linorobot2_bringup'
[0.281s] Level 1:colcon.colcon_core.package_identification:_identify(src/linorobot2-humble/linorobot2_description) by extensions ['ignore', 'ignore_ament_install']
[0.281s] Level 1:colcon.colcon_core.package_identification:_identify(src/linorobot2-humble/linorobot2_description) by extension 'ignore'
[0.281s] Level 1:colcon.colcon_core.package_identification:_identify(src/linorobot2-humble/linorobot2_description) by extension 'ignore_ament_install'
[0.282s] Level 1:colcon.colcon_core.package_identification:_identify(src/linorobot2-humble/linorobot2_description) by extensions ['colcon_pkg']
[0.282s] Level 1:colcon.colcon_core.package_identification:_identify(src/linorobot2-humble/linorobot2_description) by extension 'colcon_pkg'
[0.282s] Level 1:colcon.colcon_core.package_identification:_identify(src/linorobot2-humble/linorobot2_description) by extensions ['colcon_meta']
[0.282s] Level 1:colcon.colcon_core.package_identification:_identify(src/linorobot2-humble/linorobot2_description) by extension 'colcon_meta'
[0.282s] Level 1:colcon.colcon_core.package_identification:_identify(src/linorobot2-humble/linorobot2_description) by extensions ['ros']
[0.282s] Level 1:colcon.colcon_core.package_identification:_identify(src/linorobot2-humble/linorobot2_description) by extension 'ros'
[0.282s] DEBUG:colcon.colcon_core.package_identification:Package 'src/linorobot2-humble/linorobot2_description' with type 'ros.ament_cmake' and name 'linorobot2_description'
[0.282s] Level 1:colcon.colcon_core.package_identification:_identify(src/linorobot2-humble/linorobot2_gazebo) by extensions ['ignore', 'ignore_ament_install']
[0.282s] Level 1:colcon.colcon_core.package_identification:_identify(src/linorobot2-humble/linorobot2_gazebo) by extension 'ignore'
[0.282s] Level 1:colcon.colcon_core.package_identification:_identify(src/linorobot2-humble/linorobot2_gazebo) by extension 'ignore_ament_install'
[0.282s] Level 1:colcon.colcon_core.package_identification:_identify(src/linorobot2-humble/linorobot2_gazebo) by extensions ['colcon_pkg']
[0.282s] Level 1:colcon.colcon_core.package_identification:_identify(src/linorobot2-humble/linorobot2_gazebo) by extension 'colcon_pkg'
[0.282s] Level 1:colcon.colcon_core.package_identification:_identify(src/linorobot2-humble/linorobot2_gazebo) by extensions ['colcon_meta']
[0.282s] Level 1:colcon.colcon_core.package_identification:_identify(src/linorobot2-humble/linorobot2_gazebo) by extension 'colcon_meta'
[0.282s] Level 1:colcon.colcon_core.package_identification:_identify(src/linorobot2-humble/linorobot2_gazebo) by extensions ['ros']
[0.282s] Level 1:colcon.colcon_core.package_identification:_identify(src/linorobot2-humble/linorobot2_gazebo) by extension 'ros'
[0.283s] DEBUG:colcon.colcon_core.package_identification:Package 'src/linorobot2-humble/linorobot2_gazebo' with type 'ros.ament_cmake' and name 'linorobot2_gazebo'
[0.283s] Level 1:colcon.colcon_core.package_identification:_identify(src/linorobot2-humble/linorobot2_navigation) by extensions ['ignore', 'ignore_ament_install']
[0.283s] Level 1:colcon.colcon_core.package_identification:_identify(src/linorobot2-humble/linorobot2_navigation) by extension 'ignore'
[0.283s] Level 1:colcon.colcon_core.package_identification:_identify(src/linorobot2-humble/linorobot2_navigation) by extension 'ignore_ament_install'
[0.283s] Level 1:colcon.colcon_core.package_identification:_identify(src/linorobot2-humble/linorobot2_navigation) by extensions ['colcon_pkg']
[0.283s] Level 1:colcon.colcon_core.package_identification:_identify(src/linorobot2-humble/linorobot2_navigation) by extension 'colcon_pkg'
[0.283s] Level 1:colcon.colcon_core.package_identification:_identify(src/linorobot2-humble/linorobot2_navigation) by extensions ['colcon_meta']
[0.283s] Level 1:colcon.colcon_core.package_identification:_identify(src/linorobot2-humble/linorobot2_navigation) by extension 'colcon_meta'
[0.283s] Level 1:colcon.colcon_core.package_identification:_identify(src/linorobot2-humble/linorobot2_navigation) by extensions ['ros']
[0.283s] Level 1:colcon.colcon_core.package_identification:_identify(src/linorobot2-humble/linorobot2_navigation) by extension 'ros'
[0.284s] DEBUG:colcon.colcon_core.package_identification:Package 'src/linorobot2-humble/linorobot2_navigation' with type 'ros.ament_cmake' and name 'linorobot2_navigation'
[0.284s] Level 1:colcon.colcon_core.package_discovery:discover_packages(recursive) using defaults
[0.284s] Level 1:colcon.colcon_core.package_discovery:discover_packages(ignore) discover
[0.284s] Level 1:colcon.colcon_core.package_discovery:discover_packages(ignore) using defaults
[0.284s] Level 1:colcon.colcon_core.package_discovery:discover_packages(path) discover
[0.284s] Level 1:colcon.colcon_core.package_discovery:discover_packages(path) using defaults
[0.306s] Level 1:colcon.colcon_core.package_discovery:discover_packages(prefix_path) check parameters
[0.306s] Level 1:colcon.colcon_core.package_discovery:discover_packages(prefix_path) discover
[0.308s] DEBUG:colcon.colcon_installed_package_information.package_discovery:Found 8 installed packages in /home/tuanmac/ros2_ws/install
[0.308s] Level 1:colcon.colcon_core.package_discovery:discover_packages(prefix_path) using defaults
[0.312s] Level 5:colcon.colcon_core.verb:set package 'linorobot2' build argument 'cmake_args' from command line to 'None'
[0.312s] Level 5:colcon.colcon_core.verb:set package 'linorobot2' build argument 'cmake_target' from command line to 'None'
[0.312s] Level 5:colcon.colcon_core.verb:set package 'linorobot2' build argument 'cmake_target_skip_unavailable' from command line to 'False'
[0.312s] Level 5:colcon.colcon_core.verb:set package 'linorobot2' build argument 'cmake_clean_cache' from command line to 'False'
[0.312s] Level 5:colcon.colcon_core.verb:set package 'linorobot2' build argument 'cmake_clean_first' from command line to 'False'
[0.312s] Level 5:colcon.colcon_core.verb:set package 'linorobot2' build argument 'cmake_force_configure' from command line to 'False'
[0.312s] Level 5:colcon.colcon_core.verb:set package 'linorobot2' build argument 'ament_cmake_args' from command line to 'None'
[0.312s] Level 5:colcon.colcon_core.verb:set package 'linorobot2' build argument 'catkin_cmake_args' from command line to 'None'
[0.312s] Level 5:colcon.colcon_core.verb:set package 'linorobot2' build argument 'catkin_skip_building_tests' from command line to 'False'
[0.312s] DEBUG:colcon.colcon_core.verb:Building package 'linorobot2' with the following arguments: {'ament_cmake_args': None, 'build_base': '/home/tuanmac/linorobot2_ws/build/linorobot2', 'catkin_cmake_args': None, 'catkin_skip_building_tests': False, 'cmake_args': None, 'cmake_clean_cache': False, 'cmake_clean_first': False, 'cmake_force_configure': False, 'cmake_target': None, 'cmake_target_skip_unavailable': False, 'install_base': '/home/tuanmac/linorobot2_ws/install/linorobot2', 'merge_install': False, 'path': '/home/tuanmac/linorobot2_ws/src/linorobot2-humble/linorobot2', 'symlink_install': True, 'test_result_base': None}
[0.312s] Level 5:colcon.colcon_core.verb:set package 'linorobot2_base' build argument 'cmake_args' from command line to 'None'
[0.312s] Level 5:colcon.colcon_core.verb:set package 'linorobot2_base' build argument 'cmake_target' from command line to 'None'
[0.312s] Level 5:colcon.colcon_core.verb:set package 'linorobot2_base' build argument 'cmake_target_skip_unavailable' from command line to 'False'
[0.312s] Level 5:colcon.colcon_core.verb:set package 'linorobot2_base' build argument 'cmake_clean_cache' from command line to 'False'
[0.312s] Level 5:colcon.colcon_core.verb:set package 'linorobot2_base' build argument 'cmake_clean_first' from command line to 'False'
[0.312s] Level 5:colcon.colcon_core.verb:set package 'linorobot2_base' build argument 'cmake_force_configure' from command line to 'False'
[0.312s] Level 5:colcon.colcon_core.verb:set package 'linorobot2_base' build argument 'ament_cmake_args' from command line to 'None'
[0.312s] Level 5:colcon.colcon_core.verb:set package 'linorobot2_base' build argument 'catkin_cmake_args' from command line to 'None'
[0.312s] Level 5:colcon.colcon_core.verb:set package 'linorobot2_base' build argument 'catkin_skip_building_tests' from command line to 'False'
[0.312s] DEBUG:colcon.colcon_core.verb:Building package 'linorobot2_base' with the following arguments: {'ament_cmake_args': None, 'build_base': '/home/tuanmac/linorobot2_ws/build/linorobot2_base', 'catkin_cmake_args': None, 'catkin_skip_building_tests': False, 'cmake_args': None, 'cmake_clean_cache': False, 'cmake_clean_first': False, 'cmake_force_configure': False, 'cmake_target': None, 'cmake_target_skip_unavailable': False, 'install_base': '/home/tuanmac/linorobot2_ws/install/linorobot2_base', 'merge_install': False, 'path': '/home/tuanmac/linorobot2_ws/src/linorobot2-humble/linorobot2_base', 'symlink_install': True, 'test_result_base': None}
[0.313s] Level 5:colcon.colcon_core.verb:set package 'linorobot2_bringup' build argument 'cmake_args' from command line to 'None'
[0.313s] Level 5:colcon.colcon_core.verb:set package 'linorobot2_bringup' build argument 'cmake_target' from command line to 'None'
[0.313s] Level 5:colcon.colcon_core.verb:set package 'linorobot2_bringup' build argument 'cmake_target_skip_unavailable' from command line to 'False'
[0.313s] Level 5:colcon.colcon_core.verb:set package 'linorobot2_bringup' build argument 'cmake_clean_cache' from command line to 'False'
[0.313s] Level 5:colcon.colcon_core.verb:set package 'linorobot2_bringup' build argument 'cmake_clean_first' from command line to 'False'
[0.313s] Level 5:colcon.colcon_core.verb:set package 'linorobot2_bringup' build argument 'cmake_force_configure' from command line to 'False'
[0.313s] Level 5:colcon.colcon_core.verb:set package 'linorobot2_bringup' build argument 'ament_cmake_args' from command line to 'None'
[0.313s] Level 5:colcon.colcon_core.verb:set package 'linorobot2_bringup' build argument 'catkin_cmake_args' from command line to 'None'
[0.313s] Level 5:colcon.colcon_core.verb:set package 'linorobot2_bringup' build argument 'catkin_skip_building_tests' from command line to 'False'
[0.313s] DEBUG:colcon.colcon_core.verb:Building package 'linorobot2_bringup' with the following arguments: {'ament_cmake_args': None, 'build_base': '/home/tuanmac/linorobot2_ws/build/linorobot2_bringup', 'catkin_cmake_args': None, 'catkin_skip_building_tests': False, 'cmake_args': None, 'cmake_clean_cache': False, 'cmake_clean_first': False, 'cmake_force_configure': False, 'cmake_target': None, 'cmake_target_skip_unavailable': False, 'install_base': '/home/tuanmac/linorobot2_ws/install/linorobot2_bringup', 'merge_install': False, 'path': '/home/tuanmac/linorobot2_ws/src/linorobot2-humble/linorobot2_bringup', 'symlink_install': True, 'test_result_base': None}
[0.313s] Level 5:colcon.colcon_core.verb:set package 'linorobot2_description' build argument 'cmake_args' from command line to 'None'
[0.313s] Level 5:colcon.colcon_core.verb:set package 'linorobot2_description' build argument 'cmake_target' from command line to 'None'
[0.313s] Level 5:colcon.colcon_core.verb:set package 'linorobot2_description' build argument 'cmake_target_skip_unavailable' from command line to 'False'
[0.313s] Level 5:colcon.colcon_core.verb:set package 'linorobot2_description' build argument 'cmake_clean_cache' from command line to 'False'
[0.313s] Level 5:colcon.colcon_core.verb:set package 'linorobot2_description' build argument 'cmake_clean_first' from command line to 'False'
[0.313s] Level 5:colcon.colcon_core.verb:set package 'linorobot2_description' build argument 'cmake_force_configure' from command line to 'False'
[0.313s] Level 5:colcon.colcon_core.verb:set package 'linorobot2_description' build argument 'ament_cmake_args' from command line to 'None'
[0.313s] Level 5:colcon.colcon_core.verb:set package 'linorobot2_description' build argument 'catkin_cmake_args' from command line to 'None'
[0.313s] Level 5:colcon.colcon_core.verb:set package 'linorobot2_description' build argument 'catkin_skip_building_tests' from command line to 'False'
[0.313s] DEBUG:colcon.colcon_core.verb:Building package 'linorobot2_description' with the following arguments: {'ament_cmake_args': None, 'build_base': '/home/tuanmac/linorobot2_ws/build/linorobot2_description', 'catkin_cmake_args': None, 'catkin_skip_building_tests': False, 'cmake_args': None, 'cmake_clean_cache': False, 'cmake_clean_first': False, 'cmake_force_configure': False, 'cmake_target': None, 'cmake_target_skip_unavailable': False, 'install_base': '/home/tuanmac/linorobot2_ws/install/linorobot2_description', 'merge_install': False, 'path': '/home/tuanmac/linorobot2_ws/src/linorobot2-humble/linorobot2_description', 'symlink_install': True, 'test_result_base': None}
[0.313s] Level 5:colcon.colcon_core.verb:set package 'linorobot2_gazebo' build argument 'cmake_args' from command line to 'None'
[0.313s] Level 5:colcon.colcon_core.verb:set package 'linorobot2_gazebo' build argument 'cmake_target' from command line to 'None'
[0.313s] Level 5:colcon.colcon_core.verb:set package 'linorobot2_gazebo' build argument 'cmake_target_skip_unavailable' from command line to 'False'
[0.313s] Level 5:colcon.colcon_core.verb:set package 'linorobot2_gazebo' build argument 'cmake_clean_cache' from command line to 'False'
[0.313s] Level 5:colcon.colcon_core.verb:set package 'linorobot2_gazebo' build argument 'cmake_clean_first' from command line to 'False'
[0.313s] Level 5:colcon.colcon_core.verb:set package 'linorobot2_gazebo' build argument 'cmake_force_configure' from command line to 'False'
[0.313s] Level 5:colcon.colcon_core.verb:set package 'linorobot2_gazebo' build argument 'ament_cmake_args' from command line to 'None'
[0.313s] Level 5:colcon.colcon_core.verb:set package 'linorobot2_gazebo' build argument 'catkin_cmake_args' from command line to 'None'
[0.313s] Level 5:colcon.colcon_core.verb:set package 'linorobot2_gazebo' build argument 'catkin_skip_building_tests' from command line to 'False'
[0.313s] DEBUG:colcon.colcon_core.verb:Building package 'linorobot2_gazebo' with the following arguments: {'ament_cmake_args': None, 'build_base': '/home/tuanmac/linorobot2_ws/build/linorobot2_gazebo', 'catkin_cmake_args': None, 'catkin_skip_building_tests': False, 'cmake_args': None, 'cmake_clean_cache': False, 'cmake_clean_first': False, 'cmake_force_configure': False, 'cmake_target': None, 'cmake_target_skip_unavailable': False, 'install_base': '/home/tuanmac/linorobot2_ws/install/linorobot2_gazebo', 'merge_install': False, 'path': '/home/tuanmac/linorobot2_ws/src/linorobot2-humble/linorobot2_gazebo', 'symlink_install': True, 'test_result_base': None}
[0.314s] Level 5:colcon.colcon_core.verb:set package 'linorobot2_navigation' build argument 'cmake_args' from command line to 'None'
[0.314s] Level 5:colcon.colcon_core.verb:set package 'linorobot2_navigation' build argument 'cmake_target' from command line to 'None'
[0.314s] Level 5:colcon.colcon_core.verb:set package 'linorobot2_navigation' build argument 'cmake_target_skip_unavailable' from command line to 'False'
[0.314s] Level 5:colcon.colcon_core.verb:set package 'linorobot2_navigation' build argument 'cmake_clean_cache' from command line to 'False'
[0.314s] Level 5:colcon.colcon_core.verb:set package 'linorobot2_navigation' build argument 'cmake_clean_first' from command line to 'False'
[0.314s] Level 5:colcon.colcon_core.verb:set package 'linorobot2_navigation' build argument 'cmake_force_configure' from command line to 'False'
[0.314s] Level 5:colcon.colcon_core.verb:set package 'linorobot2_navigation' build argument 'ament_cmake_args' from command line to 'None'
[0.314s] Level 5:colcon.colcon_core.verb:set package 'linorobot2_navigation' build argument 'catkin_cmake_args' from command line to 'None'
[0.314s] Level 5:colcon.colcon_core.verb:set package 'linorobot2_navigation' build argument 'catkin_skip_building_tests' from command line to 'False'
[0.314s] DEBUG:colcon.colcon_core.verb:Building package 'linorobot2_navigation' with the following arguments: {'ament_cmake_args': None, 'build_base': '/home/tuanmac/linorobot2_ws/build/linorobot2_navigation', 'catkin_cmake_args': None, 'catkin_skip_building_tests': False, 'cmake_args': None, 'cmake_clean_cache': False, 'cmake_clean_first': False, 'cmake_force_configure': False, 'cmake_target': None, 'cmake_target_skip_unavailable': False, 'install_base': '/home/tuanmac/linorobot2_ws/install/linorobot2_navigation', 'merge_install': False, 'path': '/home/tuanmac/linorobot2_ws/src/linorobot2-humble/linorobot2_navigation', 'symlink_install': True, 'test_result_base': None}
[0.314s] INFO:colcon.colcon_core.executor:Executing jobs using 'parallel' executor
[0.314s] DEBUG:colcon.colcon_parallel_executor.executor.parallel:run_until_complete
[0.315s] INFO:colcon.colcon_ros.task.ament_cmake.build:Building ROS package in '/home/tuanmac/linorobot2_ws/src/linorobot2-humble/linorobot2' with build type 'ament_cmake'
[0.315s] INFO:colcon.colcon_cmake.task.cmake.build:Building CMake package in '/home/tuanmac/linorobot2_ws/src/linorobot2-humble/linorobot2'
[0.317s] INFO:colcon.colcon_core.plugin_system:Skipping extension 'colcon_core.shell.bat': Not used on non-Windows systems
[0.317s] INFO:colcon.colcon_core.shell:Skip shell extension 'powershell' for command environment: Not usable outside of PowerShell
[0.317s] DEBUG:colcon.colcon_core.shell:Skip shell extension 'dsv' for command environment
[0.318s] INFO:colcon.colcon_ros.task.ament_cmake.build:Building ROS package in '/home/tuanmac/linorobot2_ws/src/linorobot2-humble/linorobot2_base' with build type 'ament_cmake'
[0.318s] INFO:colcon.colcon_cmake.task.cmake.build:Building CMake package in '/home/tuanmac/linorobot2_ws/src/linorobot2-humble/linorobot2_base'
[0.318s] INFO:colcon.colcon_core.shell:Skip shell extension 'powershell' for command environment: Not usable outside of PowerShell
[0.319s] DEBUG:colcon.colcon_core.shell:Skip shell extension 'dsv' for command environment
[0.319s] INFO:colcon.colcon_ros.task.ament_cmake.build:Building ROS package in '/home/tuanmac/linorobot2_ws/src/linorobot2-humble/linorobot2_bringup' with build type 'ament_cmake'
[0.320s] INFO:colcon.colcon_cmake.task.cmake.build:Building CMake package in '/home/tuanmac/linorobot2_ws/src/linorobot2-humble/linorobot2_bringup'
[0.320s] INFO:colcon.colcon_core.shell:Skip shell extension 'powershell' for command environment: Not usable outside of PowerShell
[0.320s] DEBUG:colcon.colcon_core.shell:Skip shell extension 'dsv' for command environment
[0.321s] INFO:colcon.colcon_ros.task.ament_cmake.build:Building ROS package in '/home/tuanmac/linorobot2_ws/src/linorobot2-humble/linorobot2_description' with build type 'ament_cmake'
[0.321s] INFO:colcon.colcon_cmake.task.cmake.build:Building CMake package in '/home/tuanmac/linorobot2_ws/src/linorobot2-humble/linorobot2_description'
[0.321s] INFO:colcon.colcon_core.shell:Skip shell extension 'powershell' for command environment: Not usable outside of PowerShell
[0.321s] DEBUG:colcon.colcon_core.shell:Skip shell extension 'dsv' for command environment
[0.322s] INFO:colcon.colcon_ros.task.ament_cmake.build:Building ROS package in '/home/tuanmac/linorobot2_ws/src/linorobot2-humble/linorobot2_gazebo' with build type 'ament_cmake'
[0.322s] INFO:colcon.colcon_cmake.task.cmake.build:Building CMake package in '/home/tuanmac/linorobot2_ws/src/linorobot2-humble/linorobot2_gazebo'
[0.322s] INFO:colcon.colcon_core.shell:Skip shell extension 'powershell' for command environment: Not usable outside of PowerShell
[0.322s] DEBUG:colcon.colcon_core.shell:Skip shell extension 'dsv' for command environment
[0.323s] INFO:colcon.colcon_ros.task.ament_cmake.build:Building ROS package in '/home/tuanmac/linorobot2_ws/src/linorobot2-humble/linorobot2_navigation' with build type 'ament_cmake'
[0.323s] INFO:colcon.colcon_cmake.task.cmake.build:Building CMake package in '/home/tuanmac/linorobot2_ws/src/linorobot2-humble/linorobot2_navigation'
[0.324s] INFO:colcon.colcon_core.shell:Skip shell extension 'powershell' for command environment: Not usable outside of PowerShell
[0.324s] DEBUG:colcon.colcon_core.shell:Skip shell extension 'dsv' for command environment
[0.329s] DEBUG:colcon.colcon_core.event_handler.log_command:Invoking command in '/home/tuanmac/linorobot2_ws/build/linorobot2': /usr/bin/cmake /home/tuanmac/linorobot2_ws/src/linorobot2-humble/linorobot2 -DAMENT_CMAKE_SYMLINK_INSTALL=1 -DCMAKE_INSTALL_PREFIX=/home/tuanmac/linorobot2_ws/install/linorobot2
[0.330s] DEBUG:colcon.colcon_core.event_handler.log_command:Invoking command in '/home/tuanmac/linorobot2_ws/build/linorobot2_base': /usr/bin/cmake /home/tuanmac/linorobot2_ws/src/linorobot2-humble/linorobot2_base -DAMENT_CMAKE_SYMLINK_INSTALL=1 -DCMAKE_INSTALL_PREFIX=/home/tuanmac/linorobot2_ws/install/linorobot2_base
[0.331s] DEBUG:colcon.colcon_core.event_handler.log_command:Invoking command in '/home/tuanmac/linorobot2_ws/build/linorobot2_bringup': /usr/bin/cmake /home/tuanmac/linorobot2_ws/src/linorobot2-humble/linorobot2_bringup -DAMENT_CMAKE_SYMLINK_INSTALL=1 -DCMAKE_INSTALL_PREFIX=/home/tuanmac/linorobot2_ws/install/linorobot2_bringup
[0.332s] DEBUG:colcon.colcon_core.event_handler.log_command:Invoking command in '/home/tuanmac/linorobot2_ws/build/linorobot2_description': /usr/bin/cmake /home/tuanmac/linorobot2_ws/src/linorobot2-humble/linorobot2_description -DAMENT_CMAKE_SYMLINK_INSTALL=1 -DCMAKE_INSTALL_PREFIX=/home/tuanmac/linorobot2_ws/install/linorobot2_description
[0.333s] DEBUG:colcon.colcon_core.event_handler.log_command:Invoking command in '/home/tuanmac/linorobot2_ws/build/linorobot2_gazebo': /usr/bin/cmake /home/tuanmac/linorobot2_ws/src/linorobot2-humble/linorobot2_gazebo -DAMENT_CMAKE_SYMLINK_INSTALL=1 -DCMAKE_INSTALL_PREFIX=/home/tuanmac/linorobot2_ws/install/linorobot2_gazebo
[0.338s] DEBUG:colcon.colcon_core.event_handler.log_command:Invoking command in '/home/tuanmac/linorobot2_ws/build/linorobot2_navigation': /usr/bin/cmake /home/tuanmac/linorobot2_ws/src/linorobot2-humble/linorobot2_navigation -DAMENT_CMAKE_SYMLINK_INSTALL=1 -DCMAKE_INSTALL_PREFIX=/home/tuanmac/linorobot2_ws/install/linorobot2_navigation
[0.923s] DEBUG:colcon.colcon_core.event_handler.log_command:Invoked command in '/home/tuanmac/linorobot2_ws/build/linorobot2_bringup' returned '0': /usr/bin/cmake /home/tuanmac/linorobot2_ws/src/linorobot2-humble/linorobot2_bringup -DAMENT_CMAKE_SYMLINK_INSTALL=1 -DCMAKE_INSTALL_PREFIX=/home/tuanmac/linorobot2_ws/install/linorobot2_bringup
[0.926s] DEBUG:colcon.colcon_core.event_handler.log_command:Invoking command in '/home/tuanmac/linorobot2_ws/build/linorobot2_bringup': /usr/bin/cmake --build /home/tuanmac/linorobot2_ws/build/linorobot2_bringup -- -j16 -l16
[0.933s] DEBUG:colcon.colcon_core.event_handler.log_command:Invoked command in '/home/tuanmac/linorobot2_ws/build/linorobot2_navigation' returned '0': /usr/bin/cmake /home/tuanmac/linorobot2_ws/src/linorobot2-humble/linorobot2_navigation -DAMENT_CMAKE_SYMLINK_INSTALL=1 -DCMAKE_INSTALL_PREFIX=/home/tuanmac/linorobot2_ws/install/linorobot2_navigation
[0.934s] DEBUG:colcon.colcon_core.event_handler.log_command:Invoking command in '/home/tuanmac/linorobot2_ws/build/linorobot2_navigation': /usr/bin/cmake --build /home/tuanmac/linorobot2_ws/build/linorobot2_navigation -- -j16 -l16
[0.934s] DEBUG:colcon.colcon_core.event_handler.log_command:Invoked command in '/home/tuanmac/linorobot2_ws/build/linorobot2_base' returned '0': /usr/bin/cmake /home/tuanmac/linorobot2_ws/src/linorobot2-humble/linorobot2_base -DAMENT_CMAKE_SYMLINK_INSTALL=1 -DCMAKE_INSTALL_PREFIX=/home/tuanmac/linorobot2_ws/install/linorobot2_base
[0.935s] DEBUG:colcon.colcon_core.event_handler.log_command:Invoking command in '/home/tuanmac/linorobot2_ws/build/linorobot2_base': /usr/bin/cmake --build /home/tuanmac/linorobot2_ws/build/linorobot2_base -- -j16 -l16
[0.944s] DEBUG:colcon.colcon_core.event_handler.log_command:Invoked command in '/home/tuanmac/linorobot2_ws/build/linorobot2' returned '0': /usr/bin/cmake /home/tuanmac/linorobot2_ws/src/linorobot2-humble/linorobot2 -DAMENT_CMAKE_SYMLINK_INSTALL=1 -DCMAKE_INSTALL_PREFIX=/home/tuanmac/linorobot2_ws/install/linorobot2
[0.945s] DEBUG:colcon.colcon_core.event_handler.log_command:Invoking command in '/home/tuanmac/linorobot2_ws/build/linorobot2': /usr/bin/cmake --build /home/tuanmac/linorobot2_ws/build/linorobot2 -- -j16 -l16
[0.952s] DEBUG:colcon.colcon_core.event_handler.log_command:Invoked command in '/home/tuanmac/linorobot2_ws/build/linorobot2_bringup' returned '0': /usr/bin/cmake --build /home/tuanmac/linorobot2_ws/build/linorobot2_bringup -- -j16 -l16
[0.959s] DEBUG:colcon.colcon_core.event_handler.log_command:Invoking command in '/home/tuanmac/linorobot2_ws/build/linorobot2_bringup': /usr/bin/cmake --install /home/tuanmac/linorobot2_ws/build/linorobot2_bringup
[0.960s] DEBUG:colcon.colcon_core.event_handler.log_command:Invoked command in '/home/tuanmac/linorobot2_ws/build/linorobot2_base' returned '0': /usr/bin/cmake --build /home/tuanmac/linorobot2_ws/build/linorobot2_base -- -j16 -l16
[0.962s] DEBUG:colcon.colcon_core.event_handler.log_command:Invoking command in '/home/tuanmac/linorobot2_ws/build/linorobot2_base': /usr/bin/cmake --install /home/tuanmac/linorobot2_ws/build/linorobot2_base
[0.966s] DEBUG:colcon.colcon_core.event_handler.log_command:Invoked command in '/home/tuanmac/linorobot2_ws/build/linorobot2_navigation' returned '0': /usr/bin/cmake --build /home/tuanmac/linorobot2_ws/build/linorobot2_navigation -- -j16 -l16
[0.967s] DEBUG:colcon.colcon_core.event_handler.log_command:Invoking command in '/home/tuanmac/linorobot2_ws/build/linorobot2_navigation': /usr/bin/cmake --install /home/tuanmac/linorobot2_ws/build/linorobot2_navigation
[0.973s] DEBUG:colcon.colcon_core.event_handler.log_command:Invoked command in '/home/tuanmac/linorobot2_ws/build/linorobot2' returned '0': /usr/bin/cmake --build /home/tuanmac/linorobot2_ws/build/linorobot2 -- -j16 -l16
[0.974s] DEBUG:colcon.colcon_core.event_handler.log_command:Invoking command in '/home/tuanmac/linorobot2_ws/build/linorobot2': /usr/bin/cmake --install /home/tuanmac/linorobot2_ws/build/linorobot2
[0.990s] DEBUG:colcon.colcon_core.event_handler.log_command:Invoked command in '/home/tuanmac/linorobot2_ws/build/linorobot2_description' returned '0': /usr/bin/cmake /home/tuanmac/linorobot2_ws/src/linorobot2-humble/linorobot2_description -DAMENT_CMAKE_SYMLINK_INSTALL=1 -DCMAKE_INSTALL_PREFIX=/home/tuanmac/linorobot2_ws/install/linorobot2_description
[0.991s] DEBUG:colcon.colcon_core.event_handler.log_command:Invoking command in '/home/tuanmac/linorobot2_ws/build/linorobot2_description': /usr/bin/cmake --build /home/tuanmac/linorobot2_ws/build/linorobot2_description -- -j16 -l16
[1.019s] DEBUG:colcon.colcon_core.event_handler.log_command:Invoked command in '/home/tuanmac/linorobot2_ws/build/linorobot2_description' returned '0': /usr/bin/cmake --build /home/tuanmac/linorobot2_ws/build/linorobot2_description -- -j16 -l16
[1.020s] DEBUG:colcon.colcon_core.event_handler.log_command:Invoking command in '/home/tuanmac/linorobot2_ws/build/linorobot2_description': /usr/bin/cmake --install /home/tuanmac/linorobot2_ws/build/linorobot2_description
[1.052s] Level 1:colcon.colcon_core.environment:create_environment_scripts_only(linorobot2_base)
[1.052s] DEBUG:colcon.colcon_core.event_handler.log_command:Invoked command in '/home/tuanmac/linorobot2_ws/build/linorobot2_base' returned '0': /usr/bin/cmake --install /home/tuanmac/linorobot2_ws/build/linorobot2_base
[1.056s] Level 1:colcon.colcon_core.environment:checking '/home/tuanmac/linorobot2_ws/install/linorobot2_base' for CMake module files
[1.057s] Level 1:colcon.colcon_core.environment:checking '/home/tuanmac/linorobot2_ws/install/linorobot2_base' for CMake config files
[1.058s] Level 1:colcon.colcon_core.shell:create_environment_hook('linorobot2_base', 'cmake_prefix_path')
[1.058s] INFO:colcon.colcon_core.shell:Creating environment hook '/home/tuanmac/linorobot2_ws/install/linorobot2_base/share/linorobot2_base/hook/cmake_prefix_path.ps1'
[1.059s] INFO:colcon.colcon_core.shell:Creating environment descriptor '/home/tuanmac/linorobot2_ws/install/linorobot2_base/share/linorobot2_base/hook/cmake_prefix_path.dsv'
[1.059s] INFO:colcon.colcon_core.shell:Creating environment hook '/home/tuanmac/linorobot2_ws/install/linorobot2_base/share/linorobot2_base/hook/cmake_prefix_path.sh'
[1.060s] Level 1:colcon.colcon_core.environment:checking '/home/tuanmac/linorobot2_ws/install/linorobot2_base/bin'
[1.060s] Level 1:colcon.colcon_core.environment:checking '/home/tuanmac/linorobot2_ws/install/linorobot2_base/lib/pkgconfig/linorobot2_base.pc'
[1.061s] Level 1:colcon.colcon_core.environment:checking '/home/tuanmac/linorobot2_ws/install/linorobot2_base/lib/python3.10/site-packages'
[1.062s] Level 1:colcon.colcon_core.environment:checking '/home/tuanmac/linorobot2_ws/install/linorobot2_base/bin'
[1.062s] INFO:colcon.colcon_core.shell:Creating package script '/home/tuanmac/linorobot2_ws/install/linorobot2_base/share/linorobot2_base/package.ps1'
[1.063s] INFO:colcon.colcon_core.shell:Creating package descriptor '/home/tuanmac/linorobot2_ws/install/linorobot2_base/share/linorobot2_base/package.dsv'
[1.063s] INFO:colcon.colcon_core.shell:Creating package script '/home/tuanmac/linorobot2_ws/install/linorobot2_base/share/linorobot2_base/package.sh'
[1.064s] INFO:colcon.colcon_core.shell:Creating package script '/home/tuanmac/linorobot2_ws/install/linorobot2_base/share/linorobot2_base/package.bash'
[1.064s] INFO:colcon.colcon_core.shell:Creating package script '/home/tuanmac/linorobot2_ws/install/linorobot2_base/share/linorobot2_base/package.zsh'
[1.065s] Level 1:colcon.colcon_core.environment:create_file_with_runtime_dependencies(/home/tuanmac/linorobot2_ws/install/linorobot2_base/share/colcon-core/packages/linorobot2_base)
[1.066s] Level 1:colcon.colcon_core.environment:create_environment_scripts_only(linorobot2_base)
[1.066s] Level 1:colcon.colcon_core.environment:checking '/home/tuanmac/linorobot2_ws/install/linorobot2_base' for CMake module files
[1.066s] Level 1:colcon.colcon_core.environment:checking '/home/tuanmac/linorobot2_ws/install/linorobot2_base' for CMake config files
[1.066s] Level 1:colcon.colcon_core.shell:create_environment_hook('linorobot2_base', 'cmake_prefix_path')
[1.067s] INFO:colcon.colcon_core.shell:Creating environment hook '/home/tuanmac/linorobot2_ws/install/linorobot2_base/share/linorobot2_base/hook/cmake_prefix_path.ps1'
[1.067s] INFO:colcon.colcon_core.shell:Creating environment descriptor '/home/tuanmac/linorobot2_ws/install/linorobot2_base/share/linorobot2_base/hook/cmake_prefix_path.dsv'
[1.067s] INFO:colcon.colcon_core.shell:Creating environment hook '/home/tuanmac/linorobot2_ws/install/linorobot2_base/share/linorobot2_base/hook/cmake_prefix_path.sh'
[1.067s] Level 1:colcon.colcon_core.environment:checking '/home/tuanmac/linorobot2_ws/install/linorobot2_base/bin'
[1.067s] Level 1:colcon.colcon_core.environment:checking '/home/tuanmac/linorobot2_ws/install/linorobot2_base/lib/pkgconfig/linorobot2_base.pc'
[1.068s] Level 1:colcon.colcon_core.environment:checking '/home/tuanmac/linorobot2_ws/install/linorobot2_base/lib/python3.10/site-packages'
[1.068s] Level 1:colcon.colcon_core.environment:checking '/home/tuanmac/linorobot2_ws/install/linorobot2_base/bin'
[1.068s] INFO:colcon.colcon_core.shell:Creating package script '/home/tuanmac/linorobot2_ws/install/linorobot2_base/share/linorobot2_base/package.ps1'
[1.068s] INFO:colcon.colcon_core.shell:Creating package descriptor '/home/tuanmac/linorobot2_ws/install/linorobot2_base/share/linorobot2_base/package.dsv'
[1.068s] INFO:colcon.colcon_core.shell:Creating package script '/home/tuanmac/linorobot2_ws/install/linorobot2_base/share/linorobot2_base/package.sh'
[1.069s] INFO:colcon.colcon_core.shell:Creating package script '/home/tuanmac/linorobot2_ws/install/linorobot2_base/share/linorobot2_base/package.bash'
[1.069s] INFO:colcon.colcon_core.shell:Creating package script '/home/tuanmac/linorobot2_ws/install/linorobot2_base/share/linorobot2_base/package.zsh'
[1.069s] Level 1:colcon.colcon_core.environment:create_file_with_runtime_dependencies(/home/tuanmac/linorobot2_ws/install/linorobot2_base/share/colcon-core/packages/linorobot2_base)
[1.070s] Level 1:colcon.colcon_core.environment:create_environment_scripts_only(linorobot2)
[1.070s] DEBUG:colcon.colcon_core.event_handler.log_command:Invoked command in '/home/tuanmac/linorobot2_ws/build/linorobot2' returned '0': /usr/bin/cmake --install /home/tuanmac/linorobot2_ws/build/linorobot2
[1.070s] Level 1:colcon.colcon_core.environment:checking '/home/tuanmac/linorobot2_ws/install/linorobot2' for CMake module files
[1.071s] Level 1:colcon.colcon_core.environment:checking '/home/tuanmac/linorobot2_ws/install/linorobot2' for CMake config files
[1.072s] Level 1:colcon.colcon_core.shell:create_environment_hook('linorobot2', 'cmake_prefix_path')
[1.072s] INFO:colcon.colcon_core.shell:Creating environment hook '/home/tuanmac/linorobot2_ws/install/linorobot2/share/linorobot2/hook/cmake_prefix_path.ps1'
[1.072s] INFO:colcon.colcon_core.shell:Creating environment descriptor '/home/tuanmac/linorobot2_ws/install/linorobot2/share/linorobot2/hook/cmake_prefix_path.dsv'
[1.073s] INFO:colcon.colcon_core.shell:Creating environment hook '/home/tuanmac/linorobot2_ws/install/linorobot2/share/linorobot2/hook/cmake_prefix_path.sh'
[1.074s] Level 1:colcon.colcon_core.environment:checking '/home/tuanmac/linorobot2_ws/install/linorobot2/bin'
[1.074s] Level 1:colcon.colcon_core.environment:checking '/home/tuanmac/linorobot2_ws/install/linorobot2/lib/pkgconfig/linorobot2.pc'
[1.074s] Level 1:colcon.colcon_core.environment:checking '/home/tuanmac/linorobot2_ws/install/linorobot2/lib/python3.10/site-packages'
[1.074s] Level 1:colcon.colcon_core.environment:checking '/home/tuanmac/linorobot2_ws/install/linorobot2/bin'
[1.075s] INFO:colcon.colcon_core.shell:Creating package script '/home/tuanmac/linorobot2_ws/install/linorobot2/share/linorobot2/package.ps1'
[1.075s] INFO:colcon.colcon_core.shell:Creating package descriptor '/home/tuanmac/linorobot2_ws/install/linorobot2/share/linorobot2/package.dsv'
[1.076s] INFO:colcon.colcon_core.shell:Creating package script '/home/tuanmac/linorobot2_ws/install/linorobot2/share/linorobot2/package.sh'
[1.077s] INFO:colcon.colcon_core.shell:Creating package script '/home/tuanmac/linorobot2_ws/install/linorobot2/share/linorobot2/package.bash'
[1.077s] INFO:colcon.colcon_core.shell:Creating package script '/home/tuanmac/linorobot2_ws/install/linorobot2/share/linorobot2/package.zsh'
[1.077s] Level 1:colcon.colcon_core.environment:create_file_with_runtime_dependencies(/home/tuanmac/linorobot2_ws/install/linorobot2/share/colcon-core/packages/linorobot2)
[1.078s] Level 1:colcon.colcon_core.environment:create_environment_scripts_only(linorobot2)
[1.078s] Level 1:colcon.colcon_core.environment:checking '/home/tuanmac/linorobot2_ws/install/linorobot2' for CMake module files
[1.079s] Level 1:colcon.colcon_core.environment:checking '/home/tuanmac/linorobot2_ws/install/linorobot2' for CMake config files
[1.079s] Level 1:colcon.colcon_core.shell:create_environment_hook('linorobot2', 'cmake_prefix_path')
[1.079s] INFO:colcon.colcon_core.shell:Creating environment hook '/home/tuanmac/linorobot2_ws/install/linorobot2/share/linorobot2/hook/cmake_prefix_path.ps1'
[1.080s] INFO:colcon.colcon_core.shell:Creating environment descriptor '/home/tuanmac/linorobot2_ws/install/linorobot2/share/linorobot2/hook/cmake_prefix_path.dsv'
[1.080s] INFO:colcon.colcon_core.shell:Creating environment hook '/home/tuanmac/linorobot2_ws/install/linorobot2/share/linorobot2/hook/cmake_prefix_path.sh'
[1.081s] Level 1:colcon.colcon_core.environment:checking '/home/tuanmac/linorobot2_ws/install/linorobot2/bin'
[1.081s] Level 1:colcon.colcon_core.environment:checking '/home/tuanmac/linorobot2_ws/install/linorobot2/lib/pkgconfig/linorobot2.pc'
[1.082s] Level 1:colcon.colcon_core.environment:checking '/home/tuanmac/linorobot2_ws/install/linorobot2/lib/python3.10/site-packages'
[1.082s] Level 1:colcon.colcon_core.environment:checking '/home/tuanmac/linorobot2_ws/install/linorobot2/bin'
[1.083s] INFO:colcon.colcon_core.shell:Creating package script '/home/tuanmac/linorobot2_ws/install/linorobot2/share/linorobot2/package.ps1'
[1.083s] INFO:colcon.colcon_core.shell:Creating package descriptor '/home/tuanmac/linorobot2_ws/install/linorobot2/share/linorobot2/package.dsv'
[1.084s] INFO:colcon.colcon_core.shell:Creating package script '/home/tuanmac/linorobot2_ws/install/linorobot2/share/linorobot2/package.sh'
[1.084s] INFO:colcon.colcon_core.shell:Creating package script '/home/tuanmac/linorobot2_ws/install/linorobot2/share/linorobot2/package.bash'
[1.085s] INFO:colcon.colcon_core.shell:Creating package script '/home/tuanmac/linorobot2_ws/install/linorobot2/share/linorobot2/package.zsh'
[1.085s] Level 1:colcon.colcon_core.environment:create_file_with_runtime_dependencies(/home/tuanmac/linorobot2_ws/install/linorobot2/share/colcon-core/packages/linorobot2)
[1.116s] Level 1:colcon.colcon_core.environment:create_environment_scripts_only(linorobot2_bringup)
[1.116s] DEBUG:colcon.colcon_core.event_handler.log_command:Invoked command in '/home/tuanmac/linorobot2_ws/build/linorobot2_bringup' returned '0': /usr/bin/cmake --install /home/tuanmac/linorobot2_ws/build/linorobot2_bringup
[1.116s] Level 1:colcon.colcon_core.environment:checking '/home/tuanmac/linorobot2_ws/install/linorobot2_bringup' for CMake module files
[1.117s] Level 1:colcon.colcon_core.environment:checking '/home/tuanmac/linorobot2_ws/install/linorobot2_bringup' for CMake config files
[1.117s] Level 1:colcon.colcon_core.shell:create_environment_hook('linorobot2_bringup', 'cmake_prefix_path')
[1.118s] INFO:colcon.colcon_core.shell:Creating environment hook '/home/tuanmac/linorobot2_ws/install/linorobot2_bringup/share/linorobot2_bringup/hook/cmake_prefix_path.ps1'
[1.118s] INFO:colcon.colcon_core.shell:Creating environment descriptor '/home/tuanmac/linorobot2_ws/install/linorobot2_bringup/share/linorobot2_bringup/hook/cmake_prefix_path.dsv'
[1.119s] INFO:colcon.colcon_core.shell:Creating environment hook '/home/tuanmac/linorobot2_ws/install/linorobot2_bringup/share/linorobot2_bringup/hook/cmake_prefix_path.sh'
[1.119s] Level 1:colcon.colcon_core.environment:checking '/home/tuanmac/linorobot2_ws/install/linorobot2_bringup/bin'
[1.119s] Level 1:colcon.colcon_core.environment:checking '/home/tuanmac/linorobot2_ws/install/linorobot2_bringup/lib/pkgconfig/linorobot2_bringup.pc'
[1.119s] Level 1:colcon.colcon_core.environment:checking '/home/tuanmac/linorobot2_ws/install/linorobot2_bringup/lib/python3.10/site-packages'
[1.120s] Level 1:colcon.colcon_core.environment:checking '/home/tuanmac/linorobot2_ws/install/linorobot2_bringup/bin'
[1.120s] INFO:colcon.colcon_core.shell:Creating package script '/home/tuanmac/linorobot2_ws/install/linorobot2_bringup/share/linorobot2_bringup/package.ps1'
[1.120s] INFO:colcon.colcon_core.shell:Creating package descriptor '/home/tuanmac/linorobot2_ws/install/linorobot2_bringup/share/linorobot2_bringup/package.dsv'
[1.121s] INFO:colcon.colcon_core.shell:Creating package script '/home/tuanmac/linorobot2_ws/install/linorobot2_bringup/share/linorobot2_bringup/package.sh'
[1.121s] INFO:colcon.colcon_core.shell:Creating package script '/home/tuanmac/linorobot2_ws/install/linorobot2_bringup/share/linorobot2_bringup/package.bash'
[1.121s] INFO:colcon.colcon_core.shell:Creating package script '/home/tuanmac/linorobot2_ws/install/linorobot2_bringup/share/linorobot2_bringup/package.zsh'
[1.121s] Level 1:colcon.colcon_core.environment:create_file_with_runtime_dependencies(/home/tuanmac/linorobot2_ws/install/linorobot2_bringup/share/colcon-core/packages/linorobot2_bringup)
[1.122s] Level 1:colcon.colcon_core.environment:create_environment_scripts_only(linorobot2_bringup)
[1.122s] Level 1:colcon.colcon_core.environment:checking '/home/tuanmac/linorobot2_ws/install/linorobot2_bringup' for CMake module files
[1.122s] Level 1:colcon.colcon_core.environment:checking '/home/tuanmac/linorobot2_ws/install/linorobot2_bringup' for CMake config files
[1.122s] Level 1:colcon.colcon_core.shell:create_environment_hook('linorobot2_bringup', 'cmake_prefix_path')
[1.122s] INFO:colcon.colcon_core.shell:Creating environment hook '/home/tuanmac/linorobot2_ws/install/linorobot2_bringup/share/linorobot2_bringup/hook/cmake_prefix_path.ps1'
[1.123s] INFO:colcon.colcon_core.shell:Creating environment descriptor '/home/tuanmac/linorobot2_ws/install/linorobot2_bringup/share/linorobot2_bringup/hook/cmake_prefix_path.dsv'
[1.123s] INFO:colcon.colcon_core.shell:Creating environment hook '/home/tuanmac/linorobot2_ws/install/linorobot2_bringup/share/linorobot2_bringup/hook/cmake_prefix_path.sh'
[1.123s] Level 1:colcon.colcon_core.environment:checking '/home/tuanmac/linorobot2_ws/install/linorobot2_bringup/bin'
[1.123s] Level 1:colcon.colcon_core.environment:checking '/home/tuanmac/linorobot2_ws/install/linorobot2_bringup/lib/pkgconfig/linorobot2_bringup.pc'
[1.123s] Level 1:colcon.colcon_core.environment:checking '/home/tuanmac/linorobot2_ws/install/linorobot2_bringup/lib/python3.10/site-packages'
[1.124s] Level 1:colcon.colcon_core.environment:checking '/home/tuanmac/linorobot2_ws/install/linorobot2_bringup/bin'
[1.124s] INFO:colcon.colcon_core.shell:Creating package script '/home/tuanmac/linorobot2_ws/install/linorobot2_bringup/share/linorobot2_bringup/package.ps1'
[1.124s] INFO:colcon.colcon_core.shell:Creating package descriptor '/home/tuanmac/linorobot2_ws/install/linorobot2_bringup/share/linorobot2_bringup/package.dsv'
[1.124s] INFO:colcon.colcon_core.shell:Creating package script '/home/tuanmac/linorobot2_ws/install/linorobot2_bringup/share/linorobot2_bringup/package.sh'
[1.125s] INFO:colcon.colcon_core.shell:Creating package script '/home/tuanmac/linorobot2_ws/install/linorobot2_bringup/share/linorobot2_bringup/package.bash'
[1.125s] INFO:colcon.colcon_core.shell:Creating package script '/home/tuanmac/linorobot2_ws/install/linorobot2_bringup/share/linorobot2_bringup/package.zsh'
[1.125s] Level 1:colcon.colcon_core.environment:create_file_with_runtime_dependencies(/home/tuanmac/linorobot2_ws/install/linorobot2_bringup/share/colcon-core/packages/linorobot2_bringup)
[1.136s] Level 1:colcon.colcon_core.environment:create_environment_scripts_only(linorobot2_navigation)
[1.136s] DEBUG:colcon.colcon_core.event_handler.log_command:Invoked command in '/home/tuanmac/linorobot2_ws/build/linorobot2_navigation' returned '0': /usr/bin/cmake --install /home/tuanmac/linorobot2_ws/build/linorobot2_navigation
[1.136s] Level 1:colcon.colcon_core.environment:checking '/home/tuanmac/linorobot2_ws/install/linorobot2_navigation' for CMake module files
[1.137s] Level 1:colcon.colcon_core.environment:checking '/home/tuanmac/linorobot2_ws/install/linorobot2_navigation' for CMake config files
[1.137s] Level 1:colcon.colcon_core.shell:create_environment_hook('linorobot2_navigation', 'cmake_prefix_path')
[1.138s] INFO:colcon.colcon_core.shell:Creating environment hook '/home/tuanmac/linorobot2_ws/install/linorobot2_navigation/share/linorobot2_navigation/hook/cmake_prefix_path.ps1'
[1.138s] INFO:colcon.colcon_core.shell:Creating environment descriptor '/home/tuanmac/linorobot2_ws/install/linorobot2_navigation/share/linorobot2_navigation/hook/cmake_prefix_path.dsv'
[1.139s] INFO:colcon.colcon_core.shell:Creating environment hook '/home/tuanmac/linorobot2_ws/install/linorobot2_navigation/share/linorobot2_navigation/hook/cmake_prefix_path.sh'
[1.139s] Level 1:colcon.colcon_core.environment:checking '/home/tuanmac/linorobot2_ws/install/linorobot2_navigation/bin'
[1.139s] Level 1:colcon.colcon_core.environment:checking '/home/tuanmac/linorobot2_ws/install/linorobot2_navigation/lib/pkgconfig/linorobot2_navigation.pc'
[1.140s] Level 1:colcon.colcon_core.environment:checking '/home/tuanmac/linorobot2_ws/install/linorobot2_navigation/lib/python3.10/site-packages'
[1.140s] Level 1:colcon.colcon_core.environment:checking '/home/tuanmac/linorobot2_ws/install/linorobot2_navigation/bin'
[1.141s] INFO:colcon.colcon_core.shell:Creating package script '/home/tuanmac/linorobot2_ws/install/linorobot2_navigation/share/linorobot2_navigation/package.ps1'
[1.141s] INFO:colcon.colcon_core.shell:Creating package descriptor '/home/tuanmac/linorobot2_ws/install/linorobot2_navigation/share/linorobot2_navigation/package.dsv'
[1.142s] INFO:colcon.colcon_core.shell:Creating package script '/home/tuanmac/linorobot2_ws/install/linorobot2_navigation/share/linorobot2_navigation/package.sh'
[1.142s] INFO:colcon.colcon_core.shell:Creating package script '/home/tuanmac/linorobot2_ws/install/linorobot2_navigation/share/linorobot2_navigation/package.bash'
[1.142s] INFO:colcon.colcon_core.shell:Creating package script '/home/tuanmac/linorobot2_ws/install/linorobot2_navigation/share/linorobot2_navigation/package.zsh'
[1.143s] Level 1:colcon.colcon_core.environment:create_file_with_runtime_dependencies(/home/tuanmac/linorobot2_ws/install/linorobot2_navigation/share/colcon-core/packages/linorobot2_navigation)
[1.143s] Level 1:colcon.colcon_core.environment:create_environment_scripts_only(linorobot2_navigation)
[1.144s] Level 1:colcon.colcon_core.environment:checking '/home/tuanmac/linorobot2_ws/install/linorobot2_navigation' for CMake module files
[1.144s] Level 1:colcon.colcon_core.environment:checking '/home/tuanmac/linorobot2_ws/install/linorobot2_navigation' for CMake config files
[1.145s] Level 1:colcon.colcon_core.shell:create_environment_hook('linorobot2_navigation', 'cmake_prefix_path')
[1.145s] INFO:colcon.colcon_core.shell:Creating environment hook '/home/tuanmac/linorobot2_ws/install/linorobot2_navigation/share/linorobot2_navigation/hook/cmake_prefix_path.ps1'
[1.145s] INFO:colcon.colcon_core.shell:Creating environment descriptor '/home/tuanmac/linorobot2_ws/install/linorobot2_navigation/share/linorobot2_navigation/hook/cmake_prefix_path.dsv'
[1.145s] INFO:colcon.colcon_core.shell:Creating environment hook '/home/tuanmac/linorobot2_ws/install/linorobot2_navigation/share/linorobot2_navigation/hook/cmake_prefix_path.sh'
[1.145s] Level 1:colcon.colcon_core.environment:checking '/home/tuanmac/linorobot2_ws/install/linorobot2_navigation/bin'
[1.146s] Level 1:colcon.colcon_core.environment:checking '/home/tuanmac/linorobot2_ws/install/linorobot2_navigation/lib/pkgconfig/linorobot2_navigation.pc'
[1.146s] Level 1:colcon.colcon_core.environment:checking '/home/tuanmac/linorobot2_ws/install/linorobot2_navigation/lib/python3.10/site-packages'
[1.146s] Level 1:colcon.colcon_core.environment:checking '/home/tuanmac/linorobot2_ws/install/linorobot2_navigation/bin'
[1.146s] INFO:colcon.colcon_core.shell:Creating package script '/home/tuanmac/linorobot2_ws/install/linorobot2_navigation/share/linorobot2_navigation/package.ps1'
[1.146s] INFO:colcon.colcon_core.shell:Creating package descriptor '/home/tuanmac/linorobot2_ws/install/linorobot2_navigation/share/linorobot2_navigation/package.dsv'
[1.147s] INFO:colcon.colcon_core.shell:Creating package script '/home/tuanmac/linorobot2_ws/install/linorobot2_navigation/share/linorobot2_navigation/package.sh'
[1.147s] INFO:colcon.colcon_core.shell:Creating package script '/home/tuanmac/linorobot2_ws/install/linorobot2_navigation/share/linorobot2_navigation/package.bash'
[1.147s] INFO:colcon.colcon_core.shell:Creating package script '/home/tuanmac/linorobot2_ws/install/linorobot2_navigation/share/linorobot2_navigation/package.zsh'
[1.147s] Level 1:colcon.colcon_core.environment:create_file_with_runtime_dependencies(/home/tuanmac/linorobot2_ws/install/linorobot2_navigation/share/colcon-core/packages/linorobot2_navigation)
[1.315s] Level 1:colcon.colcon_core.environment:create_environment_scripts_only(linorobot2_description)
[1.315s] DEBUG:colcon.colcon_core.event_handler.log_command:Invoked command in '/home/tuanmac/linorobot2_ws/build/linorobot2_description' returned '0': /usr/bin/cmake --install /home/tuanmac/linorobot2_ws/build/linorobot2_description
[1.316s] Level 1:colcon.colcon_core.environment:checking '/home/tuanmac/linorobot2_ws/install/linorobot2_description' for CMake module files
[1.317s] Level 1:colcon.colcon_core.environment:checking '/home/tuanmac/linorobot2_ws/install/linorobot2_description' for CMake config files
[1.317s] Level 1:colcon.colcon_core.shell:create_environment_hook('linorobot2_description', 'cmake_prefix_path')
[1.317s] INFO:colcon.colcon_core.shell:Creating environment hook '/home/tuanmac/linorobot2_ws/install/linorobot2_description/share/linorobot2_description/hook/cmake_prefix_path.ps1'
[1.318s] INFO:colcon.colcon_core.shell:Creating environment descriptor '/home/tuanmac/linorobot2_ws/install/linorobot2_description/share/linorobot2_description/hook/cmake_prefix_path.dsv'
[1.318s] INFO:colcon.colcon_core.shell:Creating environment hook '/home/tuanmac/linorobot2_ws/install/linorobot2_description/share/linorobot2_description/hook/cmake_prefix_path.sh'
[1.318s] Level 1:colcon.colcon_core.environment:checking '/home/tuanmac/linorobot2_ws/install/linorobot2_description/bin'
[1.319s] Level 1:colcon.colcon_core.environment:checking '/home/tuanmac/linorobot2_ws/install/linorobot2_description/lib/pkgconfig/linorobot2_description.pc'
[1.319s] Level 1:colcon.colcon_core.environment:checking '/home/tuanmac/linorobot2_ws/install/linorobot2_description/lib/python3.10/site-packages'
[1.319s] Level 1:colcon.colcon_core.environment:checking '/home/tuanmac/linorobot2_ws/install/linorobot2_description/bin'
[1.319s] INFO:colcon.colcon_core.shell:Creating package script '/home/tuanmac/linorobot2_ws/install/linorobot2_description/share/linorobot2_description/package.ps1'
[1.320s] INFO:colcon.colcon_core.shell:Creating package descriptor '/home/tuanmac/linorobot2_ws/install/linorobot2_description/share/linorobot2_description/package.dsv'
[1.320s] INFO:colcon.colcon_core.shell:Creating package script '/home/tuanmac/linorobot2_ws/install/linorobot2_description/share/linorobot2_description/package.sh'
[1.320s] INFO:colcon.colcon_core.shell:Creating package script '/home/tuanmac/linorobot2_ws/install/linorobot2_description/share/linorobot2_description/package.bash'
[1.320s] INFO:colcon.colcon_core.shell:Creating package script '/home/tuanmac/linorobot2_ws/install/linorobot2_description/share/linorobot2_description/package.zsh'
[1.320s] Level 1:colcon.colcon_core.environment:create_file_with_runtime_dependencies(/home/tuanmac/linorobot2_ws/install/linorobot2_description/share/colcon-core/packages/linorobot2_description)
[1.321s] Level 1:colcon.colcon_core.environment:create_environment_scripts_only(linorobot2_description)
[1.321s] Level 1:colcon.colcon_core.environment:checking '/home/tuanmac/linorobot2_ws/install/linorobot2_description' for CMake module files
[1.321s] Level 1:colcon.colcon_core.environment:checking '/home/tuanmac/linorobot2_ws/install/linorobot2_description' for CMake config files
[1.321s] Level 1:colcon.colcon_core.shell:create_environment_hook('linorobot2_description', 'cmake_prefix_path')
[1.322s] INFO:colcon.colcon_core.shell:Creating environment hook '/home/tuanmac/linorobot2_ws/install/linorobot2_description/share/linorobot2_description/hook/cmake_prefix_path.ps1'
[1.322s] INFO:colcon.colcon_core.shell:Creating environment descriptor '/home/tuanmac/linorobot2_ws/install/linorobot2_description/share/linorobot2_description/hook/cmake_prefix_path.dsv'
[1.322s] INFO:colcon.colcon_core.shell:Creating environment hook '/home/tuanmac/linorobot2_ws/install/linorobot2_description/share/linorobot2_description/hook/cmake_prefix_path.sh'
[1.322s] Level 1:colcon.colcon_core.environment:checking '/home/tuanmac/linorobot2_ws/install/linorobot2_description/bin'
[1.322s] Level 1:colcon.colcon_core.environment:checking '/home/tuanmac/linorobot2_ws/install/linorobot2_description/lib/pkgconfig/linorobot2_description.pc'
[1.323s] Level 1:colcon.colcon_core.environment:checking '/home/tuanmac/linorobot2_ws/install/linorobot2_description/lib/python3.10/site-packages'
[1.323s] Level 1:colcon.colcon_core.environment:checking '/home/tuanmac/linorobot2_ws/install/linorobot2_description/bin'
[1.323s] INFO:colcon.colcon_core.shell:Creating package script '/home/tuanmac/linorobot2_ws/install/linorobot2_description/share/linorobot2_description/package.ps1'
[1.323s] INFO:colcon.colcon_core.shell:Creating package descriptor '/home/tuanmac/linorobot2_ws/install/linorobot2_description/share/linorobot2_description/package.dsv'
[1.324s] INFO:colcon.colcon_core.shell:Creating package script '/home/tuanmac/linorobot2_ws/install/linorobot2_description/share/linorobot2_description/package.sh'
[1.324s] INFO:colcon.colcon_core.shell:Creating package script '/home/tuanmac/linorobot2_ws/install/linorobot2_description/share/linorobot2_description/package.bash'
[1.324s] INFO:colcon.colcon_core.shell:Creating package script '/home/tuanmac/linorobot2_ws/install/linorobot2_description/share/linorobot2_description/package.zsh'
[1.325s] Level 1:colcon.colcon_core.environment:create_file_with_runtime_dependencies(/home/tuanmac/linorobot2_ws/install/linorobot2_description/share/colcon-core/packages/linorobot2_description)
[4.922s] DEBUG:colcon.colcon_core.event_handler.log_command:Invoked command in '/home/tuanmac/linorobot2_ws/build/linorobot2_gazebo' returned '0': /usr/bin/cmake /home/tuanmac/linorobot2_ws/src/linorobot2-humble/linorobot2_gazebo -DAMENT_CMAKE_SYMLINK_INSTALL=1 -DCMAKE_INSTALL_PREFIX=/home/tuanmac/linorobot2_ws/install/linorobot2_gazebo
[4.923s] DEBUG:colcon.colcon_core.event_handler.log_command:Invoking command in '/home/tuanmac/linorobot2_ws/build/linorobot2_gazebo': /usr/bin/cmake --build /home/tuanmac/linorobot2_ws/build/linorobot2_gazebo -- -j16 -l16
[4.961s] DEBUG:colcon.colcon_core.event_handler.log_command:Invoked command in '/home/tuanmac/linorobot2_ws/build/linorobot2_gazebo' returned '0': /usr/bin/cmake --build /home/tuanmac/linorobot2_ws/build/linorobot2_gazebo -- -j16 -l16
[4.963s] DEBUG:colcon.colcon_core.event_handler.log_command:Invoking command in '/home/tuanmac/linorobot2_ws/build/linorobot2_gazebo': /usr/bin/cmake --install /home/tuanmac/linorobot2_ws/build/linorobot2_gazebo
[5.208s] Level 1:colcon.colcon_core.environment:create_environment_scripts_only(linorobot2_gazebo)
[5.209s] DEBUG:colcon.colcon_core.event_handler.log_command:Invoked command in '/home/tuanmac/linorobot2_ws/build/linorobot2_gazebo' returned '0': /usr/bin/cmake --install /home/tuanmac/linorobot2_ws/build/linorobot2_gazebo
[5.209s] Level 1:colcon.colcon_core.environment:checking '/home/tuanmac/linorobot2_ws/install/linorobot2_gazebo' for CMake module files
[5.211s] Level 1:colcon.colcon_core.environment:checking '/home/tuanmac/linorobot2_ws/install/linorobot2_gazebo' for CMake config files
[5.211s] Level 1:colcon.colcon_core.shell:create_environment_hook('linorobot2_gazebo', 'cmake_prefix_path')
[5.212s] INFO:colcon.colcon_core.shell:Creating environment hook '/home/tuanmac/linorobot2_ws/install/linorobot2_gazebo/share/linorobot2_gazebo/hook/cmake_prefix_path.ps1'
[5.213s] INFO:colcon.colcon_core.shell:Creating environment descriptor '/home/tuanmac/linorobot2_ws/install/linorobot2_gazebo/share/linorobot2_gazebo/hook/cmake_prefix_path.dsv'
[5.213s] INFO:colcon.colcon_core.shell:Creating environment hook '/home/tuanmac/linorobot2_ws/install/linorobot2_gazebo/share/linorobot2_gazebo/hook/cmake_prefix_path.sh'
[5.214s] Level 1:colcon.colcon_core.environment:checking '/home/tuanmac/linorobot2_ws/install/linorobot2_gazebo/lib'
[5.215s] Level 1:colcon.colcon_core.environment:checking '/home/tuanmac/linorobot2_ws/install/linorobot2_gazebo/bin'
[5.215s] Level 1:colcon.colcon_core.environment:checking '/home/tuanmac/linorobot2_ws/install/linorobot2_gazebo/lib/pkgconfig/linorobot2_gazebo.pc'
[5.216s] Level 1:colcon.colcon_core.environment:checking '/home/tuanmac/linorobot2_ws/install/linorobot2_gazebo/lib/python3.10/site-packages'
[5.216s] Level 1:colcon.colcon_core.environment:checking '/home/tuanmac/linorobot2_ws/install/linorobot2_gazebo/bin'
[5.217s] INFO:colcon.colcon_core.shell:Creating package script '/home/tuanmac/linorobot2_ws/install/linorobot2_gazebo/share/linorobot2_gazebo/package.ps1'
[5.218s] INFO:colcon.colcon_core.shell:Creating package descriptor '/home/tuanmac/linorobot2_ws/install/linorobot2_gazebo/share/linorobot2_gazebo/package.dsv'
[5.218s] INFO:colcon.colcon_core.shell:Creating package script '/home/tuanmac/linorobot2_ws/install/linorobot2_gazebo/share/linorobot2_gazebo/package.sh'
[5.219s] INFO:colcon.colcon_core.shell:Creating package script '/home/tuanmac/linorobot2_ws/install/linorobot2_gazebo/share/linorobot2_gazebo/package.bash'
[5.219s] INFO:colcon.colcon_core.shell:Creating package script '/home/tuanmac/linorobot2_ws/install/linorobot2_gazebo/share/linorobot2_gazebo/package.zsh'
[5.220s] Level 1:colcon.colcon_core.environment:create_file_with_runtime_dependencies(/home/tuanmac/linorobot2_ws/install/linorobot2_gazebo/share/colcon-core/packages/linorobot2_gazebo)
[5.220s] Level 1:colcon.colcon_core.environment:create_environment_scripts_only(linorobot2_gazebo)
[5.221s] Level 1:colcon.colcon_core.environment:checking '/home/tuanmac/linorobot2_ws/install/linorobot2_gazebo' for CMake module files
[5.221s] Level 1:colcon.colcon_core.environment:checking '/home/tuanmac/linorobot2_ws/install/linorobot2_gazebo' for CMake config files
[5.222s] Level 1:colcon.colcon_core.shell:create_environment_hook('linorobot2_gazebo', 'cmake_prefix_path')
[5.222s] INFO:colcon.colcon_core.shell:Creating environment hook '/home/tuanmac/linorobot2_ws/install/linorobot2_gazebo/share/linorobot2_gazebo/hook/cmake_prefix_path.ps1'
[5.222s] INFO:colcon.colcon_core.shell:Creating environment descriptor '/home/tuanmac/linorobot2_ws/install/linorobot2_gazebo/share/linorobot2_gazebo/hook/cmake_prefix_path.dsv'
[5.223s] INFO:colcon.colcon_core.shell:Creating environment hook '/home/tuanmac/linorobot2_ws/install/linorobot2_gazebo/share/linorobot2_gazebo/hook/cmake_prefix_path.sh'
[5.224s] Level 1:colcon.colcon_core.environment:checking '/home/tuanmac/linorobot2_ws/install/linorobot2_gazebo/lib'
[5.224s] Level 1:colcon.colcon_core.environment:checking '/home/tuanmac/linorobot2_ws/install/linorobot2_gazebo/bin'
[5.225s] Level 1:colcon.colcon_core.environment:checking '/home/tuanmac/linorobot2_ws/install/linorobot2_gazebo/lib/pkgconfig/linorobot2_gazebo.pc'
[5.225s] Level 1:colcon.colcon_core.environment:checking '/home/tuanmac/linorobot2_ws/install/linorobot2_gazebo/lib/python3.10/site-packages'
[5.225s] Level 1:colcon.colcon_core.environment:checking '/home/tuanmac/linorobot2_ws/install/linorobot2_gazebo/bin'
[5.226s] INFO:colcon.colcon_core.shell:Creating package script '/home/tuanmac/linorobot2_ws/install/linorobot2_gazebo/share/linorobot2_gazebo/package.ps1'
[5.226s] INFO:colcon.colcon_core.shell:Creating package descriptor '/home/tuanmac/linorobot2_ws/install/linorobot2_gazebo/share/linorobot2_gazebo/package.dsv'
[5.227s] INFO:colcon.colcon_core.shell:Creating package script '/home/tuanmac/linorobot2_ws/install/linorobot2_gazebo/share/linorobot2_gazebo/package.sh'
[5.227s] INFO:colcon.colcon_core.shell:Creating package script '/home/tuanmac/linorobot2_ws/install/linorobot2_gazebo/share/linorobot2_gazebo/package.bash'
[5.228s] INFO:colcon.colcon_core.shell:Creating package script '/home/tuanmac/linorobot2_ws/install/linorobot2_gazebo/share/linorobot2_gazebo/package.zsh'
[5.229s] Level 1:colcon.colcon_core.environment:create_file_with_runtime_dependencies(/home/tuanmac/linorobot2_ws/install/linorobot2_gazebo/share/colcon-core/packages/linorobot2_gazebo)
[5.229s] DEBUG:colcon.colcon_parallel_executor.executor.parallel:closing loop
[5.229s] DEBUG:colcon.colcon_parallel_executor.executor.parallel:loop closed
[5.229s] DEBUG:colcon.colcon_parallel_executor.executor.parallel:run_until_complete finished with '0'
[5.229s] DEBUG:colcon.colcon_core.event_reactor:joining thread
[5.237s] INFO:colcon.colcon_core.plugin_system:Skipping extension 'colcon_notification.desktop_notification.terminal_notifier': Not used on non-Darwin systems
[5.237s] INFO:colcon.colcon_core.plugin_system:Skipping extension 'colcon_notification.desktop_notification.win32': Not used on non-Windows systems
[5.237s] INFO:colcon.colcon_notification.desktop_notification:Sending desktop notification using 'notify2'
[5.257s] DEBUG:colcon.colcon_core.event_reactor:joined thread
[5.257s] INFO:colcon.colcon_core.shell:Creating prefix script '/home/tuanmac/linorobot2_ws/install/local_setup.ps1'
[5.258s] INFO:colcon.colcon_core.shell:Creating prefix util module '/home/tuanmac/linorobot2_ws/install/_local_setup_util_ps1.py'
[5.260s] INFO:colcon.colcon_core.shell:Creating prefix chain script '/home/tuanmac/linorobot2_ws/install/setup.ps1'
[5.260s] INFO:colcon.colcon_core.shell:Creating prefix script '/home/tuanmac/linorobot2_ws/install/local_setup.sh'
[5.261s] INFO:colcon.colcon_core.shell:Creating prefix util module '/home/tuanmac/linorobot2_ws/install/_local_setup_util_sh.py'
[5.262s] INFO:colcon.colcon_core.shell:Creating prefix chain script '/home/tuanmac/linorobot2_ws/install/setup.sh'
[5.263s] INFO:colcon.colcon_core.shell:Creating prefix script '/home/tuanmac/linorobot2_ws/install/local_setup.bash'
[5.263s] INFO:colcon.colcon_core.shell:Creating prefix chain script '/home/tuanmac/linorobot2_ws/install/setup.bash'
[5.264s] INFO:colcon.colcon_core.shell:Creating prefix script '/home/tuanmac/linorobot2_ws/install/local_setup.zsh'
[5.265s] INFO:colcon.colcon_core.shell:Creating prefix chain script '/home/tuanmac/linorobot2_ws/install/setup.zsh'
