[0.011s] Invoking command in '/home/tuanmac/linorobot2_ws/build/linorobot2_bringup': /usr/bin/cmake /home/tuanmac/linorobot2_ws/src/linorobot2-humble/linorobot2_bringup -DAMENT_CMAKE_SYMLINK_INSTALL=1 -DCMAKE_INSTALL_PREFIX=/home/tuanmac/linorobot2_ws/install/linorobot2_bringup
[0.126s] -- The C compiler identification is GNU 11.4.0
[0.224s] -- The CXX compiler identification is GNU 11.4.0
[0.236s] -- Detecting C compiler ABI info
[0.293s] -- Detecting C compiler ABI info - done
[0.300s] -- Check for working C compiler: /usr/bin/cc - skipped
[0.301s] -- Detecting C compile features
[0.301s] -- Detecting C compile features - done
[0.304s] -- Detecting CXX compiler ABI info
[0.366s] -- Detecting CXX compiler ABI info - done
[0.373s] -- Check for working CXX compiler: /usr/bin/c++ - skipped
[0.373s] -- Detecting CXX compile features
[0.373s] -- Detecting CXX compile features - done
[0.377s] -- Found ament_cmake: 1.3.13 (/opt/ros/humble/share/ament_cmake/cmake)
[0.483s] -- Found Python3: /usr/bin/python3 (found version "3.10.12") found components: Interpreter 
[0.532s] -- Override CMake install command with custom implementation using symlinks instead of copying resources
[0.599s] -- Configuring done
[0.600s] -- Generating done
[0.601s] -- Build files have been written to: /home/tuanmac/linorobot2_ws/build/linorobot2_bringup
[0.603s] Invoked command in '/home/tuanmac/linorobot2_ws/build/linorobot2_bringup' returned '0': /usr/bin/cmake /home/tuanmac/linorobot2_ws/src/linorobot2-humble/linorobot2_bringup -DAMENT_CMAKE_SYMLINK_INSTALL=1 -DCMAKE_INSTALL_PREFIX=/home/tuanmac/linorobot2_ws/install/linorobot2_bringup
[0.606s] Invoking command in '/home/tuanmac/linorobot2_ws/build/linorobot2_bringup': /usr/bin/cmake --build /home/tuanmac/linorobot2_ws/build/linorobot2_bringup -- -j16 -l16
[0.632s] Invoked command in '/home/tuanmac/linorobot2_ws/build/linorobot2_bringup' returned '0': /usr/bin/cmake --build /home/tuanmac/linorobot2_ws/build/linorobot2_bringup -- -j16 -l16
[0.639s] Invoking command in '/home/tuanmac/linorobot2_ws/build/linorobot2_bringup': /usr/bin/cmake --install /home/tuanmac/linorobot2_ws/build/linorobot2_bringup
[0.643s] -- Install configuration: ""
[0.644s] -- Execute custom install script
[0.644s] -- Symlinking: /home/tuanmac/linorobot2_ws/install/linorobot2_bringup/share/linorobot2_bringup/launch/bringup.launch.py
[0.654s] -- Symlinking: /home/tuanmac/linorobot2_ws/install/linorobot2_bringup/share/linorobot2_bringup/launch/custom_robot.launch.py
[0.660s] -- Symlinking: /home/tuanmac/linorobot2_ws/install/linorobot2_bringup/share/linorobot2_bringup/launch/default_robot.launch.py
[0.667s] -- Symlinking: /home/tuanmac/linorobot2_ws/install/linorobot2_bringup/share/linorobot2_bringup/launch/depth.launch.py
[0.673s] -- Symlinking: /home/tuanmac/linorobot2_ws/install/linorobot2_bringup/share/linorobot2_bringup/launch/extra.launch.py
[0.677s] -- Symlinking: /home/tuanmac/linorobot2_ws/install/linorobot2_bringup/share/linorobot2_bringup/launch/joy_teleop.launch.py
[0.682s] -- Symlinking: /home/tuanmac/linorobot2_ws/install/linorobot2_bringup/share/linorobot2_bringup/launch/lasers.launch.py
[0.687s] -- Symlinking: /home/tuanmac/linorobot2_ws/install/linorobot2_bringup/share/linorobot2_bringup/launch/sensors.launch.py
[0.692s] -- Symlinking: /home/tuanmac/linorobot2_ws/install/linorobot2_bringup/share/linorobot2_bringup/config/box_laser_filter.yaml
[0.697s] -- Symlinking: /home/tuanmac/linorobot2_ws/install/linorobot2_bringup/share/linorobot2_bringup/config/fake_laser.yaml
[0.702s] -- Symlinking: /home/tuanmac/linorobot2_ws/install/linorobot2_bringup/share/linorobot2_bringup/config/joy.yaml
[0.710s] -- Symlinking: /home/tuanmac/linorobot2_ws/install/linorobot2_bringup/share/linorobot2_bringup/config/zed_common.yaml
[0.714s] -- Symlinking: /home/tuanmac/linorobot2_ws/install/linorobot2_bringup/share/ament_index/resource_index/package_run_dependencies/linorobot2_bringup
[0.719s] -- Symlinking: /home/tuanmac/linorobot2_ws/install/linorobot2_bringup/share/ament_index/resource_index/parent_prefix_path/linorobot2_bringup
[0.724s] -- Symlinking: /home/tuanmac/linorobot2_ws/install/linorobot2_bringup/share/linorobot2_bringup/environment/ament_prefix_path.sh
[0.730s] -- Symlinking: /home/tuanmac/linorobot2_ws/install/linorobot2_bringup/share/linorobot2_bringup/environment/ament_prefix_path.dsv
[0.737s] -- Symlinking: /home/tuanmac/linorobot2_ws/install/linorobot2_bringup/share/linorobot2_bringup/environment/path.sh
[0.742s] -- Symlinking: /home/tuanmac/linorobot2_ws/install/linorobot2_bringup/share/linorobot2_bringup/environment/path.dsv
[0.746s] -- Symlinking: /home/tuanmac/linorobot2_ws/install/linorobot2_bringup/share/linorobot2_bringup/local_setup.bash
[0.751s] -- Symlinking: /home/tuanmac/linorobot2_ws/install/linorobot2_bringup/share/linorobot2_bringup/local_setup.sh
[0.756s] -- Symlinking: /home/tuanmac/linorobot2_ws/install/linorobot2_bringup/share/linorobot2_bringup/local_setup.zsh
[0.761s] -- Symlinking: /home/tuanmac/linorobot2_ws/install/linorobot2_bringup/share/linorobot2_bringup/local_setup.dsv
[0.766s] -- Symlinking: /home/tuanmac/linorobot2_ws/install/linorobot2_bringup/share/linorobot2_bringup/package.dsv
[0.771s] -- Symlinking: /home/tuanmac/linorobot2_ws/install/linorobot2_bringup/share/ament_index/resource_index/packages/linorobot2_bringup
[0.779s] -- Symlinking: /home/tuanmac/linorobot2_ws/install/linorobot2_bringup/share/linorobot2_bringup/cmake/linorobot2_bringupConfig.cmake
[0.784s] -- Symlinking: /home/tuanmac/linorobot2_ws/install/linorobot2_bringup/share/linorobot2_bringup/cmake/linorobot2_bringupConfig-version.cmake
[0.789s] -- Symlinking: /home/tuanmac/linorobot2_ws/install/linorobot2_bringup/share/linorobot2_bringup/package.xml
[0.796s] Invoked command in '/home/tuanmac/linorobot2_ws/build/linorobot2_bringup' returned '0': /usr/bin/cmake --install /home/tuanmac/linorobot2_ws/build/linorobot2_bringup
