[0.011s] Invoking command in '/home/tuanmac/linorobot2_ws/build/linorobot2_base': /usr/bin/cmake /home/tuanmac/linorobot2_ws/src/linorobot2-humble/linorobot2_base -DAMENT_CMAKE_SYMLINK_INSTALL=1 -DCMAKE_INSTALL_PREFIX=/home/tuanmac/linorobot2_ws/install/linorobot2_base
[0.127s] -- The C compiler identification is GNU 11.4.0
[0.224s] -- The CXX compiler identification is GNU 11.4.0
[0.234s] -- Detecting C compiler ABI info
[0.308s] -- Detecting C compiler ABI info - done
[0.313s] -- Check for working C compiler: /usr/bin/cc - skipped
[0.314s] -- Detecting C compile features
[0.314s] -- Detecting C compile features - done
[0.316s] -- Detecting CXX compiler ABI info
[0.372s] -- Detecting CXX compiler ABI info - done
[0.379s] -- Check for working CXX compiler: /usr/bin/c++ - skipped
[0.379s] -- Detecting CXX compile features
[0.380s] -- Detecting CXX compile features - done
[0.382s] -- Found ament_cmake: 1.3.13 (/opt/ros/humble/share/ament_cmake/cmake)
[0.485s] -- Found Python3: /usr/bin/python3 (found version "3.10.12") found components: Interpreter 
[0.533s] -- Override CMake install command with custom implementation using symlinks instead of copying resources
[0.607s] -- Configuring done
[0.609s] -- Generating done
[0.611s] -- Build files have been written to: /home/tuanmac/linorobot2_ws/build/linorobot2_base
[0.616s] Invoked command in '/home/tuanmac/linorobot2_ws/build/linorobot2_base' returned '0': /usr/bin/cmake /home/tuanmac/linorobot2_ws/src/linorobot2-humble/linorobot2_base -DAMENT_CMAKE_SYMLINK_INSTALL=1 -DCMAKE_INSTALL_PREFIX=/home/tuanmac/linorobot2_ws/install/linorobot2_base
[0.616s] Invoking command in '/home/tuanmac/linorobot2_ws/build/linorobot2_base': /usr/bin/cmake --build /home/tuanmac/linorobot2_ws/build/linorobot2_base -- -j16 -l16
[0.642s] Invoked command in '/home/tuanmac/linorobot2_ws/build/linorobot2_base' returned '0': /usr/bin/cmake --build /home/tuanmac/linorobot2_ws/build/linorobot2_base -- -j16 -l16
[0.643s] Invoking command in '/home/tuanmac/linorobot2_ws/build/linorobot2_base': /usr/bin/cmake --install /home/tuanmac/linorobot2_ws/build/linorobot2_base
[0.646s] -- Install configuration: ""
[0.647s] -- Execute custom install script
[0.647s] -- Symlinking: /home/tuanmac/linorobot2_ws/install/linorobot2_base/share/linorobot2_base/config/ekf.yaml
[0.654s] -- Symlinking: /home/tuanmac/linorobot2_ws/install/linorobot2_base/share/ament_index/resource_index/package_run_dependencies/linorobot2_base
[0.659s] -- Symlinking: /home/tuanmac/linorobot2_ws/install/linorobot2_base/share/ament_index/resource_index/parent_prefix_path/linorobot2_base
[0.663s] -- Symlinking: /home/tuanmac/linorobot2_ws/install/linorobot2_base/share/linorobot2_base/environment/ament_prefix_path.sh
[0.668s] -- Symlinking: /home/tuanmac/linorobot2_ws/install/linorobot2_base/share/linorobot2_base/environment/ament_prefix_path.dsv
[0.674s] -- Symlinking: /home/tuanmac/linorobot2_ws/install/linorobot2_base/share/linorobot2_base/environment/path.sh
[0.678s] -- Symlinking: /home/tuanmac/linorobot2_ws/install/linorobot2_base/share/linorobot2_base/environment/path.dsv
[0.683s] -- Symlinking: /home/tuanmac/linorobot2_ws/install/linorobot2_base/share/linorobot2_base/local_setup.bash
[0.688s] -- Symlinking: /home/tuanmac/linorobot2_ws/install/linorobot2_base/share/linorobot2_base/local_setup.sh
[0.693s] -- Symlinking: /home/tuanmac/linorobot2_ws/install/linorobot2_base/share/linorobot2_base/local_setup.zsh
[0.702s] -- Symlinking: /home/tuanmac/linorobot2_ws/install/linorobot2_base/share/linorobot2_base/local_setup.dsv
[0.706s] -- Symlinking: /home/tuanmac/linorobot2_ws/install/linorobot2_base/share/linorobot2_base/package.dsv
[0.710s] -- Symlinking: /home/tuanmac/linorobot2_ws/install/linorobot2_base/share/ament_index/resource_index/packages/linorobot2_base
[0.715s] -- Symlinking: /home/tuanmac/linorobot2_ws/install/linorobot2_base/share/linorobot2_base/cmake/linorobot2_baseConfig.cmake
[0.719s] -- Symlinking: /home/tuanmac/linorobot2_ws/install/linorobot2_base/share/linorobot2_base/cmake/linorobot2_baseConfig-version.cmake
[0.724s] -- Symlinking: /home/tuanmac/linorobot2_ws/install/linorobot2_base/share/linorobot2_base/package.xml
[0.734s] Invoked command in '/home/tuanmac/linorobot2_ws/build/linorobot2_base' returned '0': /usr/bin/cmake --install /home/tuanmac/linorobot2_ws/build/linorobot2_base
