-- The C compiler identification is GNU 11.4.0
-- The CXX compiler identification is GNU 11.4.0
-- Detecting C compiler ABI info
-- Detecting C compiler ABI info - done
-- Check for working C compiler: /usr/bin/cc - skipped
-- Detecting C compile features
-- Detecting C compile features - done
-- Detecting CXX compiler ABI info
-- Detecting CXX compiler ABI info - done
-- Check for working CXX compiler: /usr/bin/c++ - skipped
-- Detecting CXX compile features
-- Detecting CXX compile features - done
-- Found ament_cmake: 1.3.13 (/opt/ros/humble/share/ament_cmake/cmake)
-- Found Python3: /usr/bin/python3 (found version "3.10.12") found components: Interpreter 
-- Override CMake install command with custom implementation using symlinks instead of copying resources
-- Found rclpy: 3.3.20 (/opt/ros/humble/share/rclpy/cmake)
-- Configuring done
-- Generating done
-- Build files have been written to: /home/tuanmac/linorobot2_ws/build/linorobot2_gazebo
-- Install configuration: ""
-- Execute custom install script
-- Symlinking: /home/tuanmac/linorobot2_ws/install/linorobot2_gazebo/share/linorobot2_gazebo/launch/gazebo.launch.py
-- Symlinking: /home/tuanmac/linorobot2_ws/install/linorobot2_gazebo/share/linorobot2_gazebo/rviz/view_urdf.rviz
-- Symlinking: /home/tuanmac/linorobot2_ws/install/linorobot2_gazebo/share/linorobot2_gazebo/worlds/gas_station.world
-- Symlinking: /home/tuanmac/linorobot2_ws/install/linorobot2_gazebo/share/linorobot2_gazebo/worlds/playground.world
-- Symlinking: /home/tuanmac/linorobot2_ws/install/linorobot2_gazebo/lib/linorobot2_gazebo/command_timeout.py
-- Symlinking: /home/tuanmac/linorobot2_ws/install/linorobot2_gazebo/share/linorobot2_gazebo/environment/linorobot2_gazebo.sh
-- Symlinking: /home/tuanmac/linorobot2_ws/install/linorobot2_gazebo/share/ament_index/resource_index/package_run_dependencies/linorobot2_gazebo
-- Symlinking: /home/tuanmac/linorobot2_ws/install/linorobot2_gazebo/share/ament_index/resource_index/parent_prefix_path/linorobot2_gazebo
-- Symlinking: /home/tuanmac/linorobot2_ws/install/linorobot2_gazebo/share/linorobot2_gazebo/environment/ament_prefix_path.sh
-- Symlinking: /home/tuanmac/linorobot2_ws/install/linorobot2_gazebo/share/linorobot2_gazebo/environment/ament_prefix_path.dsv
-- Symlinking: /home/tuanmac/linorobot2_ws/install/linorobot2_gazebo/share/linorobot2_gazebo/environment/path.sh
-- Symlinking: /home/tuanmac/linorobot2_ws/install/linorobot2_gazebo/share/linorobot2_gazebo/environment/path.dsv
-- Symlinking: /home/tuanmac/linorobot2_ws/install/linorobot2_gazebo/share/linorobot2_gazebo/local_setup.bash
-- Symlinking: /home/tuanmac/linorobot2_ws/install/linorobot2_gazebo/share/linorobot2_gazebo/local_setup.sh
-- Symlinking: /home/tuanmac/linorobot2_ws/install/linorobot2_gazebo/share/linorobot2_gazebo/local_setup.zsh
-- Symlinking: /home/tuanmac/linorobot2_ws/install/linorobot2_gazebo/share/linorobot2_gazebo/local_setup.dsv
-- Symlinking: /home/tuanmac/linorobot2_ws/install/linorobot2_gazebo/share/linorobot2_gazebo/package.dsv
-- Symlinking: /home/tuanmac/linorobot2_ws/install/linorobot2_gazebo/share/ament_index/resource_index/packages/linorobot2_gazebo
-- Symlinking: /home/tuanmac/linorobot2_ws/install/linorobot2_gazebo/share/linorobot2_gazebo/cmake/linorobot2_gazeboConfig.cmake
-- Symlinking: /home/tuanmac/linorobot2_ws/install/linorobot2_gazebo/share/linorobot2_gazebo/cmake/linorobot2_gazeboConfig-version.cmake
-- Symlinking: /home/tuanmac/linorobot2_ws/install/linorobot2_gazebo/share/linorobot2_gazebo/package.xml
