[0.010s] Invoking command in '/home/tuanmac/linorobot2_ws/build/linorobot2_gazebo': /usr/bin/cmake /home/tuanmac/linorobot2_ws/src/linorobot2-humble/linorobot2_gazebo -DAMENT_CMAKE_SYMLINK_INSTALL=1 -DCMAKE_INSTALL_PREFIX=/home/tuanmac/linorobot2_ws/install/linorobot2_gazebo
[0.124s] -- The C compiler identification is GNU 11.4.0
[0.220s] -- The CXX compiler identification is GNU 11.4.0
[0.231s] -- Detecting C compiler ABI info
[0.295s] -- Detecting C compiler ABI info - done
[0.302s] -- Check for working C compiler: /usr/bin/cc - skipped
[0.302s] -- Detecting C compile features
[0.303s] -- Detecting C compile features - done
[0.305s] -- Detecting CXX compiler ABI info
[0.364s] -- Detecting CXX compiler ABI info - done
[0.374s] -- Check for working CXX compiler: /usr/bin/c++ - skipped
[0.374s] -- Detecting CXX compile features
[0.375s] -- Detecting CXX compile features - done
[0.379s] -- Found ament_cmake: 1.3.13 (/opt/ros/humble/share/ament_cmake/cmake)
[0.493s] -- Found Python3: /usr/bin/python3 (found version "3.10.12") found components: Interpreter 
[0.535s] -- Override CMake install command with custom implementation using symlinks instead of copying resources
[0.551s] -- Found rclpy: 3.3.20 (/opt/ros/humble/share/rclpy/cmake)
[4.472s] Traceback (most recent call last):
[4.472s]   File "/home/tuanmac/linorobot2_ws/src/linorobot2-humble/linorobot2_gazebo/scripts/map2gazebo.py", line 395, in <module>
[4.472s]     Converter.map_callback()
[4.472s]   File "/home/tuanmac/linorobot2_ws/src/linorobot2-humble/linorobot2_gazebo/scripts/map2gazebo.py", line 272, in map_callback
[4.472s]     mesh = self.create_mesh_from_map(map_array, map_info)
[4.472s]   File "/home/tuanmac/linorobot2_ws/src/linorobot2-humble/linorobot2_gazebo/scripts/map2gazebo.py", line 365, in create_mesh_from_map
[4.472s]     mesh.remove_duplicate_faces()
[4.472s] AttributeError: 'Trimesh' object has no attribute 'remove_duplicate_faces'
[4.541s] [33mCMake Warning at CMakeLists.txt:18 (message):
[4.541s]   Python script execution failed with error code: 1
[4.541s] 
[4.541s] [0m
[4.541s] [33mCMake Warning at CMakeLists.txt:19 (message):
[4.541s]   Script output: loading map file:
[4.541s]   /home/tuanmac/linorobot2_ws/src/linorobot2-humble/linorobot2_gazebo/../linorobot2_navigation/maps/map.pgm
[4.541s] 
[4.541s] 
[4.541s]   Processing...
[4.541s] 
[4.541s] 
[4.541s] [0m
[4.595s] -- Configuring done
[4.597s] -- Generating done
[4.597s] -- Build files have been written to: /home/tuanmac/linorobot2_ws/build/linorobot2_gazebo
[4.600s] Invoked command in '/home/tuanmac/linorobot2_ws/build/linorobot2_gazebo' returned '0': /usr/bin/cmake /home/tuanmac/linorobot2_ws/src/linorobot2-humble/linorobot2_gazebo -DAMENT_CMAKE_SYMLINK_INSTALL=1 -DCMAKE_INSTALL_PREFIX=/home/tuanmac/linorobot2_ws/install/linorobot2_gazebo
[4.601s] Invoking command in '/home/tuanmac/linorobot2_ws/build/linorobot2_gazebo': /usr/bin/cmake --build /home/tuanmac/linorobot2_ws/build/linorobot2_gazebo -- -j16 -l16
[4.638s] Invoked command in '/home/tuanmac/linorobot2_ws/build/linorobot2_gazebo' returned '0': /usr/bin/cmake --build /home/tuanmac/linorobot2_ws/build/linorobot2_gazebo -- -j16 -l16
[4.641s] Invoking command in '/home/tuanmac/linorobot2_ws/build/linorobot2_gazebo': /usr/bin/cmake --install /home/tuanmac/linorobot2_ws/build/linorobot2_gazebo
[4.648s] -- Install configuration: ""
[4.649s] -- Execute custom install script
[4.650s] -- Symlinking: /home/tuanmac/linorobot2_ws/install/linorobot2_gazebo/share/linorobot2_gazebo/launch/gazebo.launch.py
[4.660s] -- Symlinking: /home/tuanmac/linorobot2_ws/install/linorobot2_gazebo/share/linorobot2_gazebo/rviz/view_urdf.rviz
[4.672s] -- Symlinking: /home/tuanmac/linorobot2_ws/install/linorobot2_gazebo/share/linorobot2_gazebo/worlds/gas_station.world
[4.682s] -- Symlinking: /home/tuanmac/linorobot2_ws/install/linorobot2_gazebo/share/linorobot2_gazebo/worlds/playground.world
[4.691s] -- Symlinking: /home/tuanmac/linorobot2_ws/install/linorobot2_gazebo/lib/linorobot2_gazebo/command_timeout.py
[4.701s] -- Symlinking: /home/tuanmac/linorobot2_ws/install/linorobot2_gazebo/share/linorobot2_gazebo/environment/linorobot2_gazebo.sh
[4.710s] -- Symlinking: /home/tuanmac/linorobot2_ws/install/linorobot2_gazebo/share/ament_index/resource_index/package_run_dependencies/linorobot2_gazebo
[4.719s] -- Symlinking: /home/tuanmac/linorobot2_ws/install/linorobot2_gazebo/share/ament_index/resource_index/parent_prefix_path/linorobot2_gazebo
[4.728s] -- Symlinking: /home/tuanmac/linorobot2_ws/install/linorobot2_gazebo/share/linorobot2_gazebo/environment/ament_prefix_path.sh
[4.737s] -- Symlinking: /home/tuanmac/linorobot2_ws/install/linorobot2_gazebo/share/linorobot2_gazebo/environment/ament_prefix_path.dsv
[4.748s] -- Symlinking: /home/tuanmac/linorobot2_ws/install/linorobot2_gazebo/share/linorobot2_gazebo/environment/path.sh
[4.761s] -- Symlinking: /home/tuanmac/linorobot2_ws/install/linorobot2_gazebo/share/linorobot2_gazebo/environment/path.dsv
[4.775s] -- Symlinking: /home/tuanmac/linorobot2_ws/install/linorobot2_gazebo/share/linorobot2_gazebo/local_setup.bash
[4.787s] -- Symlinking: /home/tuanmac/linorobot2_ws/install/linorobot2_gazebo/share/linorobot2_gazebo/local_setup.sh
[4.798s] -- Symlinking: /home/tuanmac/linorobot2_ws/install/linorobot2_gazebo/share/linorobot2_gazebo/local_setup.zsh
[4.808s] -- Symlinking: /home/tuanmac/linorobot2_ws/install/linorobot2_gazebo/share/linorobot2_gazebo/local_setup.dsv
[4.821s] -- Symlinking: /home/tuanmac/linorobot2_ws/install/linorobot2_gazebo/share/linorobot2_gazebo/package.dsv
[4.833s] -- Symlinking: /home/tuanmac/linorobot2_ws/install/linorobot2_gazebo/share/ament_index/resource_index/packages/linorobot2_gazebo
[4.844s] -- Symlinking: /home/tuanmac/linorobot2_ws/install/linorobot2_gazebo/share/linorobot2_gazebo/cmake/linorobot2_gazeboConfig.cmake
[4.856s] -- Symlinking: /home/tuanmac/linorobot2_ws/install/linorobot2_gazebo/share/linorobot2_gazebo/cmake/linorobot2_gazeboConfig-version.cmake
[4.870s] -- Symlinking: /home/tuanmac/linorobot2_ws/install/linorobot2_gazebo/share/linorobot2_gazebo/package.xml
[4.886s] Invoked command in '/home/tuanmac/linorobot2_ws/build/linorobot2_gazebo' returned '0': /usr/bin/cmake --install /home/tuanmac/linorobot2_ws/build/linorobot2_gazebo
