[0.087s] DEBUG:colcon:Command line arguments: ['/usr/bin/colcon', 'build', '--symlink-install']
[0.087s] DEBUG:colcon:Parsed command line arguments: Namespace(log_base=None, log_level=None, verb_name='build', build_base='build', install_base='install', merge_install=False, symlink_install=True, test_result_base=None, continue_on_error=False, executor='parallel', parallel_workers=16, event_handlers=None, ignore_user_meta=False, metas=['./colcon.meta'], base_paths=['.'], packages_ignore=None, packages_ignore_regex=None, paths=None, packages_up_to=None, packages_up_to_regex=None, packages_above=None, packages_above_and_dependencies=None, packages_above_depth=None, packages_select_by_dep=None, packages_skip_by_dep=None, packages_skip_up_to=None, packages_select_build_failed=False, packages_skip_build_finished=False, packages_select_test_failures=False, packages_skip_test_passed=False, packages_select=None, packages_skip=None, packages_select_regex=None, packages_skip_regex=None, packages_start=None, packages_end=None, allow_overriding=[], cmake_args=None, cmake_target=None, cmake_target_skip_unavailable=False, cmake_clean_cache=False, cmake_clean_first=False, cmake_force_configure=False, ament_cmake_args=None, catkin_cmake_args=None, catkin_skip_building_tests=False, verb_parser=<colcon_defaults.argument_parser.defaults.DefaultArgumentsDecorator object at 0x752f015c4730>, verb_extension=<colcon_core.verb.build.BuildVerb object at 0x752f015c4160>, main=<bound method BuildVerb.main of <colcon_core.verb.build.BuildVerb object at 0x752f015c4160>>)
[0.235s] Level 1:colcon.colcon_core.package_discovery:discover_packages(colcon_meta) check parameters
[0.235s] Level 1:colcon.colcon_core.package_discovery:discover_packages(recursive) check parameters
[0.235s] Level 1:colcon.colcon_core.package_discovery:discover_packages(ignore) check parameters
[0.235s] Level 1:colcon.colcon_core.package_discovery:discover_packages(path) check parameters
[0.235s] Level 1:colcon.colcon_core.package_discovery:discover_packages(colcon_meta) discover
[0.235s] Level 1:colcon.colcon_core.package_discovery:discover_packages(recursive) discover
[0.235s] INFO:colcon.colcon_core.package_discovery:Crawling recursively for packages in '/home/tuanmac/linorobot2_ws'
[0.236s] Level 1:colcon.colcon_core.package_identification:_identify(.) by extensions ['ignore', 'ignore_ament_install']
[0.236s] Level 1:colcon.colcon_core.package_identification:_identify(.) by extension 'ignore'
[0.236s] Level 1:colcon.colcon_core.package_identification:_identify(.) by extension 'ignore_ament_install'
[0.236s] Level 1:colcon.colcon_core.package_identification:_identify(.) by extensions ['colcon_pkg']
[0.236s] Level 1:colcon.colcon_core.package_identification:_identify(.) by extension 'colcon_pkg'
[0.236s] Level 1:colcon.colcon_core.package_identification:_identify(.) by extensions ['colcon_meta']
[0.236s] Level 1:colcon.colcon_core.package_identification:_identify(.) by extension 'colcon_meta'
[0.236s] Level 1:colcon.colcon_core.package_identification:_identify(.) by extensions ['ros']
[0.236s] Level 1:colcon.colcon_core.package_identification:_identify(.) by extension 'ros'
[0.244s] Level 1:colcon.colcon_core.package_identification:_identify(.) by extensions ['cmake', 'python']
[0.244s] Level 1:colcon.colcon_core.package_identification:_identify(.) by extension 'cmake'
[0.244s] Level 1:colcon.colcon_core.package_identification:_identify(.) by extension 'python'
[0.244s] Level 1:colcon.colcon_core.package_identification:_identify(.) by extensions ['python_setup_py']
[0.244s] Level 1:colcon.colcon_core.package_identification:_identify(.) by extension 'python_setup_py'
[0.244s] Level 1:colcon.colcon_core.package_identification:_identify(build) by extensions ['ignore', 'ignore_ament_install']
[0.244s] Level 1:colcon.colcon_core.package_identification:_identify(build) by extension 'ignore'
[0.244s] Level 1:colcon.colcon_core.package_identification:_identify(build) ignored
[0.244s] Level 1:colcon.colcon_core.package_identification:_identify(install) by extensions ['ignore', 'ignore_ament_install']
[0.244s] Level 1:colcon.colcon_core.package_identification:_identify(install) by extension 'ignore'
[0.244s] Level 1:colcon.colcon_core.package_identification:_identify(install) ignored
[0.244s] Level 1:colcon.colcon_core.package_identification:_identify(log) by extensions ['ignore', 'ignore_ament_install']
[0.244s] Level 1:colcon.colcon_core.package_identification:_identify(log) by extension 'ignore'
[0.244s] Level 1:colcon.colcon_core.package_identification:_identify(log) ignored
[0.244s] Level 1:colcon.colcon_core.package_identification:_identify(src) by extensions ['ignore', 'ignore_ament_install']
[0.244s] Level 1:colcon.colcon_core.package_identification:_identify(src) by extension 'ignore'
[0.244s] Level 1:colcon.colcon_core.package_identification:_identify(src) by extension 'ignore_ament_install'
[0.244s] Level 1:colcon.colcon_core.package_identification:_identify(src) by extensions ['colcon_pkg']
[0.244s] Level 1:colcon.colcon_core.package_identification:_identify(src) by extension 'colcon_pkg'
[0.244s] Level 1:colcon.colcon_core.package_identification:_identify(src) by extensions ['colcon_meta']
[0.244s] Level 1:colcon.colcon_core.package_identification:_identify(src) by extension 'colcon_meta'
[0.244s] Level 1:colcon.colcon_core.package_identification:_identify(src) by extensions ['ros']
[0.244s] Level 1:colcon.colcon_core.package_identification:_identify(src) by extension 'ros'
[0.245s] Level 1:colcon.colcon_core.package_identification:_identify(src) by extensions ['cmake', 'python']
[0.245s] Level 1:colcon.colcon_core.package_identification:_identify(src) by extension 'cmake'
[0.245s] Level 1:colcon.colcon_core.package_identification:_identify(src) by extension 'python'
[0.245s] Level 1:colcon.colcon_core.package_identification:_identify(src) by extensions ['python_setup_py']
[0.245s] Level 1:colcon.colcon_core.package_identification:_identify(src) by extension 'python_setup_py'
[0.245s] Level 1:colcon.colcon_core.package_identification:_identify(src/linorobot2-humble) by extensions ['ignore', 'ignore_ament_install']
[0.245s] Level 1:colcon.colcon_core.package_identification:_identify(src/linorobot2-humble) by extension 'ignore'
[0.245s] Level 1:colcon.colcon_core.package_identification:_identify(src/linorobot2-humble) by extension 'ignore_ament_install'
[0.245s] Level 1:colcon.colcon_core.package_identification:_identify(src/linorobot2-humble) by extensions ['colcon_pkg']
[0.245s] Level 1:colcon.colcon_core.package_identification:_identify(src/linorobot2-humble) by extension 'colcon_pkg'
[0.245s] Level 1:colcon.colcon_core.package_identification:_identify(src/linorobot2-humble) by extensions ['colcon_meta']
[0.245s] Level 1:colcon.colcon_core.package_identification:_identify(src/linorobot2-humble) by extension 'colcon_meta'
[0.245s] Level 1:colcon.colcon_core.package_identification:_identify(src/linorobot2-humble) by extensions ['ros']
[0.245s] Level 1:colcon.colcon_core.package_identification:_identify(src/linorobot2-humble) by extension 'ros'
[0.245s] Level 1:colcon.colcon_core.package_identification:_identify(src/linorobot2-humble) by extensions ['cmake', 'python']
[0.245s] Level 1:colcon.colcon_core.package_identification:_identify(src/linorobot2-humble) by extension 'cmake'
[0.245s] Level 1:colcon.colcon_core.package_identification:_identify(src/linorobot2-humble) by extension 'python'
[0.245s] Level 1:colcon.colcon_core.package_identification:_identify(src/linorobot2-humble) by extensions ['python_setup_py']
[0.245s] Level 1:colcon.colcon_core.package_identification:_identify(src/linorobot2-humble) by extension 'python_setup_py'
[0.245s] Level 1:colcon.colcon_core.package_identification:_identify(src/linorobot2-humble/docker) by extensions ['ignore', 'ignore_ament_install']
[0.245s] Level 1:colcon.colcon_core.package_identification:_identify(src/linorobot2-humble/docker) by extension 'ignore'
[0.245s] Level 1:colcon.colcon_core.package_identification:_identify(src/linorobot2-humble/docker) by extension 'ignore_ament_install'
[0.245s] Level 1:colcon.colcon_core.package_identification:_identify(src/linorobot2-humble/docker) by extensions ['colcon_pkg']
[0.245s] Level 1:colcon.colcon_core.package_identification:_identify(src/linorobot2-humble/docker) by extension 'colcon_pkg'
[0.245s] Level 1:colcon.colcon_core.package_identification:_identify(src/linorobot2-humble/docker) by extensions ['colcon_meta']
[0.245s] Level 1:colcon.colcon_core.package_identification:_identify(src/linorobot2-humble/docker) by extension 'colcon_meta'
[0.245s] Level 1:colcon.colcon_core.package_identification:_identify(src/linorobot2-humble/docker) by extensions ['ros']
[0.245s] Level 1:colcon.colcon_core.package_identification:_identify(src/linorobot2-humble/docker) by extension 'ros'
[0.245s] Level 1:colcon.colcon_core.package_identification:_identify(src/linorobot2-humble/docker) by extensions ['cmake', 'python']
[0.245s] Level 1:colcon.colcon_core.package_identification:_identify(src/linorobot2-humble/docker) by extension 'cmake'
[0.245s] Level 1:colcon.colcon_core.package_identification:_identify(src/linorobot2-humble/docker) by extension 'python'
[0.245s] Level 1:colcon.colcon_core.package_identification:_identify(src/linorobot2-humble/docker) by extensions ['python_setup_py']
[0.245s] Level 1:colcon.colcon_core.package_identification:_identify(src/linorobot2-humble/docker) by extension 'python_setup_py'
[0.246s] Level 1:colcon.colcon_core.package_identification:_identify(src/linorobot2-humble/docs) by extensions ['ignore', 'ignore_ament_install']
[0.246s] Level 1:colcon.colcon_core.package_identification:_identify(src/linorobot2-humble/docs) by extension 'ignore'
[0.246s] Level 1:colcon.colcon_core.package_identification:_identify(src/linorobot2-humble/docs) by extension 'ignore_ament_install'
[0.246s] Level 1:colcon.colcon_core.package_identification:_identify(src/linorobot2-humble/docs) by extensions ['colcon_pkg']
[0.246s] Level 1:colcon.colcon_core.package_identification:_identify(src/linorobot2-humble/docs) by extension 'colcon_pkg'
[0.246s] Level 1:colcon.colcon_core.package_identification:_identify(src/linorobot2-humble/docs) by extensions ['colcon_meta']
[0.246s] Level 1:colcon.colcon_core.package_identification:_identify(src/linorobot2-humble/docs) by extension 'colcon_meta'
[0.246s] Level 1:colcon.colcon_core.package_identification:_identify(src/linorobot2-humble/docs) by extensions ['ros']
[0.246s] Level 1:colcon.colcon_core.package_identification:_identify(src/linorobot2-humble/docs) by extension 'ros'
[0.246s] Level 1:colcon.colcon_core.package_identification:_identify(src/linorobot2-humble/docs) by extensions ['cmake', 'python']
[0.246s] Level 1:colcon.colcon_core.package_identification:_identify(src/linorobot2-humble/docs) by extension 'cmake'
[0.246s] Level 1:colcon.colcon_core.package_identification:_identify(src/linorobot2-humble/docs) by extension 'python'
[0.246s] Level 1:colcon.colcon_core.package_identification:_identify(src/linorobot2-humble/docs) by extensions ['python_setup_py']
[0.246s] Level 1:colcon.colcon_core.package_identification:_identify(src/linorobot2-humble/docs) by extension 'python_setup_py'
[0.246s] Level 1:colcon.colcon_core.package_identification:_identify(src/linorobot2-humble/linorobot2) by extensions ['ignore', 'ignore_ament_install']
[0.246s] Level 1:colcon.colcon_core.package_identification:_identify(src/linorobot2-humble/linorobot2) by extension 'ignore'
[0.246s] Level 1:colcon.colcon_core.package_identification:_identify(src/linorobot2-humble/linorobot2) by extension 'ignore_ament_install'
[0.246s] Level 1:colcon.colcon_core.package_identification:_identify(src/linorobot2-humble/linorobot2) by extensions ['colcon_pkg']
[0.246s] Level 1:colcon.colcon_core.package_identification:_identify(src/linorobot2-humble/linorobot2) by extension 'colcon_pkg'
[0.246s] Level 1:colcon.colcon_core.package_identification:_identify(src/linorobot2-humble/linorobot2) by extensions ['colcon_meta']
[0.246s] Level 1:colcon.colcon_core.package_identification:_identify(src/linorobot2-humble/linorobot2) by extension 'colcon_meta'
[0.246s] Level 1:colcon.colcon_core.package_identification:_identify(src/linorobot2-humble/linorobot2) by extensions ['ros']
[0.246s] Level 1:colcon.colcon_core.package_identification:_identify(src/linorobot2-humble/linorobot2) by extension 'ros'
[0.248s] DEBUG:colcon.colcon_core.package_identification:Package 'src/linorobot2-humble/linorobot2' with type 'ros.ament_cmake' and name 'linorobot2'
[0.248s] Level 1:colcon.colcon_core.package_identification:_identify(src/linorobot2-humble/linorobot2_base) by extensions ['ignore', 'ignore_ament_install']
[0.248s] Level 1:colcon.colcon_core.package_identification:_identify(src/linorobot2-humble/linorobot2_base) by extension 'ignore'
[0.248s] Level 1:colcon.colcon_core.package_identification:_identify(src/linorobot2-humble/linorobot2_base) by extension 'ignore_ament_install'
[0.249s] Level 1:colcon.colcon_core.package_identification:_identify(src/linorobot2-humble/linorobot2_base) by extensions ['colcon_pkg']
[0.249s] Level 1:colcon.colcon_core.package_identification:_identify(src/linorobot2-humble/linorobot2_base) by extension 'colcon_pkg'
[0.249s] Level 1:colcon.colcon_core.package_identification:_identify(src/linorobot2-humble/linorobot2_base) by extensions ['colcon_meta']
[0.249s] Level 1:colcon.colcon_core.package_identification:_identify(src/linorobot2-humble/linorobot2_base) by extension 'colcon_meta'
[0.249s] Level 1:colcon.colcon_core.package_identification:_identify(src/linorobot2-humble/linorobot2_base) by extensions ['ros']
[0.249s] Level 1:colcon.colcon_core.package_identification:_identify(src/linorobot2-humble/linorobot2_base) by extension 'ros'
[0.249s] DEBUG:colcon.colcon_core.package_identification:Package 'src/linorobot2-humble/linorobot2_base' with type 'ros.ament_cmake' and name 'linorobot2_base'
[0.249s] Level 1:colcon.colcon_core.package_identification:_identify(src/linorobot2-humble/linorobot2_bringup) by extensions ['ignore', 'ignore_ament_install']
[0.249s] Level 1:colcon.colcon_core.package_identification:_identify(src/linorobot2-humble/linorobot2_bringup) by extension 'ignore'
[0.249s] Level 1:colcon.colcon_core.package_identification:_identify(src/linorobot2-humble/linorobot2_bringup) by extension 'ignore_ament_install'
[0.249s] Level 1:colcon.colcon_core.package_identification:_identify(src/linorobot2-humble/linorobot2_bringup) by extensions ['colcon_pkg']
[0.249s] Level 1:colcon.colcon_core.package_identification:_identify(src/linorobot2-humble/linorobot2_bringup) by extension 'colcon_pkg'
[0.250s] Level 1:colcon.colcon_core.package_identification:_identify(src/linorobot2-humble/linorobot2_bringup) by extensions ['colcon_meta']
[0.250s] Level 1:colcon.colcon_core.package_identification:_identify(src/linorobot2-humble/linorobot2_bringup) by extension 'colcon_meta'
[0.250s] Level 1:colcon.colcon_core.package_identification:_identify(src/linorobot2-humble/linorobot2_bringup) by extensions ['ros']
[0.250s] Level 1:colcon.colcon_core.package_identification:_identify(src/linorobot2-humble/linorobot2_bringup) by extension 'ros'
[0.250s] DEBUG:colcon.colcon_core.package_identification:Package 'src/linorobot2-humble/linorobot2_bringup' with type 'ros.ament_cmake' and name 'linorobot2_bringup'
[0.250s] Level 1:colcon.colcon_core.package_identification:_identify(src/linorobot2-humble/linorobot2_description) by extensions ['ignore', 'ignore_ament_install']
[0.250s] Level 1:colcon.colcon_core.package_identification:_identify(src/linorobot2-humble/linorobot2_description) by extension 'ignore'
[0.250s] Level 1:colcon.colcon_core.package_identification:_identify(src/linorobot2-humble/linorobot2_description) by extension 'ignore_ament_install'
[0.250s] Level 1:colcon.colcon_core.package_identification:_identify(src/linorobot2-humble/linorobot2_description) by extensions ['colcon_pkg']
[0.250s] Level 1:colcon.colcon_core.package_identification:_identify(src/linorobot2-humble/linorobot2_description) by extension 'colcon_pkg'
[0.250s] Level 1:colcon.colcon_core.package_identification:_identify(src/linorobot2-humble/linorobot2_description) by extensions ['colcon_meta']
[0.250s] Level 1:colcon.colcon_core.package_identification:_identify(src/linorobot2-humble/linorobot2_description) by extension 'colcon_meta'
[0.250s] Level 1:colcon.colcon_core.package_identification:_identify(src/linorobot2-humble/linorobot2_description) by extensions ['ros']
[0.251s] Level 1:colcon.colcon_core.package_identification:_identify(src/linorobot2-humble/linorobot2_description) by extension 'ros'
[0.251s] DEBUG:colcon.colcon_core.package_identification:Package 'src/linorobot2-humble/linorobot2_description' with type 'ros.ament_cmake' and name 'linorobot2_description'
[0.251s] Level 1:colcon.colcon_core.package_identification:_identify(src/linorobot2-humble/linorobot2_gazebo) by extensions ['ignore', 'ignore_ament_install']
[0.251s] Level 1:colcon.colcon_core.package_identification:_identify(src/linorobot2-humble/linorobot2_gazebo) by extension 'ignore'
[0.251s] Level 1:colcon.colcon_core.package_identification:_identify(src/linorobot2-humble/linorobot2_gazebo) by extension 'ignore_ament_install'
[0.251s] Level 1:colcon.colcon_core.package_identification:_identify(src/linorobot2-humble/linorobot2_gazebo) by extensions ['colcon_pkg']
[0.251s] Level 1:colcon.colcon_core.package_identification:_identify(src/linorobot2-humble/linorobot2_gazebo) by extension 'colcon_pkg'
[0.251s] Level 1:colcon.colcon_core.package_identification:_identify(src/linorobot2-humble/linorobot2_gazebo) by extensions ['colcon_meta']
[0.251s] Level 1:colcon.colcon_core.package_identification:_identify(src/linorobot2-humble/linorobot2_gazebo) by extension 'colcon_meta'
[0.251s] Level 1:colcon.colcon_core.package_identification:_identify(src/linorobot2-humble/linorobot2_gazebo) by extensions ['ros']
[0.251s] Level 1:colcon.colcon_core.package_identification:_identify(src/linorobot2-humble/linorobot2_gazebo) by extension 'ros'
[0.252s] DEBUG:colcon.colcon_core.package_identification:Package 'src/linorobot2-humble/linorobot2_gazebo' with type 'ros.ament_cmake' and name 'linorobot2_gazebo'
[0.252s] Level 1:colcon.colcon_core.package_identification:_identify(src/linorobot2-humble/linorobot2_navigation) by extensions ['ignore', 'ignore_ament_install']
[0.252s] Level 1:colcon.colcon_core.package_identification:_identify(src/linorobot2-humble/linorobot2_navigation) by extension 'ignore'
[0.252s] Level 1:colcon.colcon_core.package_identification:_identify(src/linorobot2-humble/linorobot2_navigation) by extension 'ignore_ament_install'
[0.252s] Level 1:colcon.colcon_core.package_identification:_identify(src/linorobot2-humble/linorobot2_navigation) by extensions ['colcon_pkg']
[0.252s] Level 1:colcon.colcon_core.package_identification:_identify(src/linorobot2-humble/linorobot2_navigation) by extension 'colcon_pkg'
[0.252s] Level 1:colcon.colcon_core.package_identification:_identify(src/linorobot2-humble/linorobot2_navigation) by extensions ['colcon_meta']
[0.252s] Level 1:colcon.colcon_core.package_identification:_identify(src/linorobot2-humble/linorobot2_navigation) by extension 'colcon_meta'
[0.252s] Level 1:colcon.colcon_core.package_identification:_identify(src/linorobot2-humble/linorobot2_navigation) by extensions ['ros']
[0.252s] Level 1:colcon.colcon_core.package_identification:_identify(src/linorobot2-humble/linorobot2_navigation) by extension 'ros'
[0.253s] DEBUG:colcon.colcon_core.package_identification:Package 'src/linorobot2-humble/linorobot2_navigation' with type 'ros.ament_cmake' and name 'linorobot2_navigation'
[0.253s] Level 1:colcon.colcon_core.package_discovery:discover_packages(recursive) using defaults
[0.253s] Level 1:colcon.colcon_core.package_discovery:discover_packages(ignore) discover
[0.253s] Level 1:colcon.colcon_core.package_discovery:discover_packages(ignore) using defaults
[0.253s] Level 1:colcon.colcon_core.package_discovery:discover_packages(path) discover
[0.253s] Level 1:colcon.colcon_core.package_discovery:discover_packages(path) using defaults
[0.279s] Level 1:colcon.colcon_core.package_discovery:discover_packages(prefix_path) check parameters
[0.279s] Level 1:colcon.colcon_core.package_discovery:discover_packages(prefix_path) discover
[0.281s] DEBUG:colcon.colcon_installed_package_information.package_discovery:Found 8 installed packages in /home/tuanmac/ros2_ws/install
[0.282s] DEBUG:colcon.colcon_installed_package_information.package_discovery:Found 354 installed packages in /opt/ros/humble
[0.283s] Level 1:colcon.colcon_core.package_discovery:discover_packages(prefix_path) using defaults
[0.311s] Level 5:colcon.colcon_core.verb:set package 'linorobot2' build argument 'cmake_args' from command line to 'None'
[0.311s] Level 5:colcon.colcon_core.verb:set package 'linorobot2' build argument 'cmake_target' from command line to 'None'
[0.311s] Level 5:colcon.colcon_core.verb:set package 'linorobot2' build argument 'cmake_target_skip_unavailable' from command line to 'False'
[0.311s] Level 5:colcon.colcon_core.verb:set package 'linorobot2' build argument 'cmake_clean_cache' from command line to 'False'
[0.311s] Level 5:colcon.colcon_core.verb:set package 'linorobot2' build argument 'cmake_clean_first' from command line to 'False'
[0.311s] Level 5:colcon.colcon_core.verb:set package 'linorobot2' build argument 'cmake_force_configure' from command line to 'False'
[0.311s] Level 5:colcon.colcon_core.verb:set package 'linorobot2' build argument 'ament_cmake_args' from command line to 'None'
[0.311s] Level 5:colcon.colcon_core.verb:set package 'linorobot2' build argument 'catkin_cmake_args' from command line to 'None'
[0.311s] Level 5:colcon.colcon_core.verb:set package 'linorobot2' build argument 'catkin_skip_building_tests' from command line to 'False'
[0.311s] DEBUG:colcon.colcon_core.verb:Building package 'linorobot2' with the following arguments: {'ament_cmake_args': None, 'build_base': '/home/tuanmac/linorobot2_ws/build/linorobot2', 'catkin_cmake_args': None, 'catkin_skip_building_tests': False, 'cmake_args': None, 'cmake_clean_cache': False, 'cmake_clean_first': False, 'cmake_force_configure': False, 'cmake_target': None, 'cmake_target_skip_unavailable': False, 'install_base': '/home/tuanmac/linorobot2_ws/install/linorobot2', 'merge_install': False, 'path': '/home/tuanmac/linorobot2_ws/src/linorobot2-humble/linorobot2', 'symlink_install': True, 'test_result_base': None}
[0.311s] Level 5:colcon.colcon_core.verb:set package 'linorobot2_base' build argument 'cmake_args' from command line to 'None'
[0.311s] Level 5:colcon.colcon_core.verb:set package 'linorobot2_base' build argument 'cmake_target' from command line to 'None'
[0.311s] Level 5:colcon.colcon_core.verb:set package 'linorobot2_base' build argument 'cmake_target_skip_unavailable' from command line to 'False'
[0.311s] Level 5:colcon.colcon_core.verb:set package 'linorobot2_base' build argument 'cmake_clean_cache' from command line to 'False'
[0.311s] Level 5:colcon.colcon_core.verb:set package 'linorobot2_base' build argument 'cmake_clean_first' from command line to 'False'
[0.311s] Level 5:colcon.colcon_core.verb:set package 'linorobot2_base' build argument 'cmake_force_configure' from command line to 'False'
[0.311s] Level 5:colcon.colcon_core.verb:set package 'linorobot2_base' build argument 'ament_cmake_args' from command line to 'None'
[0.311s] Level 5:colcon.colcon_core.verb:set package 'linorobot2_base' build argument 'catkin_cmake_args' from command line to 'None'
[0.311s] Level 5:colcon.colcon_core.verb:set package 'linorobot2_base' build argument 'catkin_skip_building_tests' from command line to 'False'
[0.311s] DEBUG:colcon.colcon_core.verb:Building package 'linorobot2_base' with the following arguments: {'ament_cmake_args': None, 'build_base': '/home/tuanmac/linorobot2_ws/build/linorobot2_base', 'catkin_cmake_args': None, 'catkin_skip_building_tests': False, 'cmake_args': None, 'cmake_clean_cache': False, 'cmake_clean_first': False, 'cmake_force_configure': False, 'cmake_target': None, 'cmake_target_skip_unavailable': False, 'install_base': '/home/tuanmac/linorobot2_ws/install/linorobot2_base', 'merge_install': False, 'path': '/home/tuanmac/linorobot2_ws/src/linorobot2-humble/linorobot2_base', 'symlink_install': True, 'test_result_base': None}
[0.311s] Level 5:colcon.colcon_core.verb:set package 'linorobot2_bringup' build argument 'cmake_args' from command line to 'None'
[0.311s] Level 5:colcon.colcon_core.verb:set package 'linorobot2_bringup' build argument 'cmake_target' from command line to 'None'
[0.311s] Level 5:colcon.colcon_core.verb:set package 'linorobot2_bringup' build argument 'cmake_target_skip_unavailable' from command line to 'False'
[0.311s] Level 5:colcon.colcon_core.verb:set package 'linorobot2_bringup' build argument 'cmake_clean_cache' from command line to 'False'
[0.311s] Level 5:colcon.colcon_core.verb:set package 'linorobot2_bringup' build argument 'cmake_clean_first' from command line to 'False'
[0.311s] Level 5:colcon.colcon_core.verb:set package 'linorobot2_bringup' build argument 'cmake_force_configure' from command line to 'False'
[0.311s] Level 5:colcon.colcon_core.verb:set package 'linorobot2_bringup' build argument 'ament_cmake_args' from command line to 'None'
[0.311s] Level 5:colcon.colcon_core.verb:set package 'linorobot2_bringup' build argument 'catkin_cmake_args' from command line to 'None'
[0.311s] Level 5:colcon.colcon_core.verb:set package 'linorobot2_bringup' build argument 'catkin_skip_building_tests' from command line to 'False'
[0.311s] DEBUG:colcon.colcon_core.verb:Building package 'linorobot2_bringup' with the following arguments: {'ament_cmake_args': None, 'build_base': '/home/tuanmac/linorobot2_ws/build/linorobot2_bringup', 'catkin_cmake_args': None, 'catkin_skip_building_tests': False, 'cmake_args': None, 'cmake_clean_cache': False, 'cmake_clean_first': False, 'cmake_force_configure': False, 'cmake_target': None, 'cmake_target_skip_unavailable': False, 'install_base': '/home/tuanmac/linorobot2_ws/install/linorobot2_bringup', 'merge_install': False, 'path': '/home/tuanmac/linorobot2_ws/src/linorobot2-humble/linorobot2_bringup', 'symlink_install': True, 'test_result_base': None}
[0.312s] Level 5:colcon.colcon_core.verb:set package 'linorobot2_description' build argument 'cmake_args' from command line to 'None'
[0.312s] Level 5:colcon.colcon_core.verb:set package 'linorobot2_description' build argument 'cmake_target' from command line to 'None'
[0.312s] Level 5:colcon.colcon_core.verb:set package 'linorobot2_description' build argument 'cmake_target_skip_unavailable' from command line to 'False'
[0.312s] Level 5:colcon.colcon_core.verb:set package 'linorobot2_description' build argument 'cmake_clean_cache' from command line to 'False'
[0.312s] Level 5:colcon.colcon_core.verb:set package 'linorobot2_description' build argument 'cmake_clean_first' from command line to 'False'
[0.312s] Level 5:colcon.colcon_core.verb:set package 'linorobot2_description' build argument 'cmake_force_configure' from command line to 'False'
[0.312s] Level 5:colcon.colcon_core.verb:set package 'linorobot2_description' build argument 'ament_cmake_args' from command line to 'None'
[0.312s] Level 5:colcon.colcon_core.verb:set package 'linorobot2_description' build argument 'catkin_cmake_args' from command line to 'None'
[0.312s] Level 5:colcon.colcon_core.verb:set package 'linorobot2_description' build argument 'catkin_skip_building_tests' from command line to 'False'
[0.312s] DEBUG:colcon.colcon_core.verb:Building package 'linorobot2_description' with the following arguments: {'ament_cmake_args': None, 'build_base': '/home/tuanmac/linorobot2_ws/build/linorobot2_description', 'catkin_cmake_args': None, 'catkin_skip_building_tests': False, 'cmake_args': None, 'cmake_clean_cache': False, 'cmake_clean_first': False, 'cmake_force_configure': False, 'cmake_target': None, 'cmake_target_skip_unavailable': False, 'install_base': '/home/tuanmac/linorobot2_ws/install/linorobot2_description', 'merge_install': False, 'path': '/home/tuanmac/linorobot2_ws/src/linorobot2-humble/linorobot2_description', 'symlink_install': True, 'test_result_base': None}
[0.312s] Level 5:colcon.colcon_core.verb:set package 'linorobot2_gazebo' build argument 'cmake_args' from command line to 'None'
[0.312s] Level 5:colcon.colcon_core.verb:set package 'linorobot2_gazebo' build argument 'cmake_target' from command line to 'None'
[0.312s] Level 5:colcon.colcon_core.verb:set package 'linorobot2_gazebo' build argument 'cmake_target_skip_unavailable' from command line to 'False'
[0.312s] Level 5:colcon.colcon_core.verb:set package 'linorobot2_gazebo' build argument 'cmake_clean_cache' from command line to 'False'
[0.312s] Level 5:colcon.colcon_core.verb:set package 'linorobot2_gazebo' build argument 'cmake_clean_first' from command line to 'False'
[0.312s] Level 5:colcon.colcon_core.verb:set package 'linorobot2_gazebo' build argument 'cmake_force_configure' from command line to 'False'
[0.312s] Level 5:colcon.colcon_core.verb:set package 'linorobot2_gazebo' build argument 'ament_cmake_args' from command line to 'None'
[0.312s] Level 5:colcon.colcon_core.verb:set package 'linorobot2_gazebo' build argument 'catkin_cmake_args' from command line to 'None'
[0.312s] Level 5:colcon.colcon_core.verb:set package 'linorobot2_gazebo' build argument 'catkin_skip_building_tests' from command line to 'False'
[0.312s] DEBUG:colcon.colcon_core.verb:Building package 'linorobot2_gazebo' with the following arguments: {'ament_cmake_args': None, 'build_base': '/home/tuanmac/linorobot2_ws/build/linorobot2_gazebo', 'catkin_cmake_args': None, 'catkin_skip_building_tests': False, 'cmake_args': None, 'cmake_clean_cache': False, 'cmake_clean_first': False, 'cmake_force_configure': False, 'cmake_target': None, 'cmake_target_skip_unavailable': False, 'install_base': '/home/tuanmac/linorobot2_ws/install/linorobot2_gazebo', 'merge_install': False, 'path': '/home/tuanmac/linorobot2_ws/src/linorobot2-humble/linorobot2_gazebo', 'symlink_install': True, 'test_result_base': None}
[0.312s] Level 5:colcon.colcon_core.verb:set package 'linorobot2_navigation' build argument 'cmake_args' from command line to 'None'
[0.312s] Level 5:colcon.colcon_core.verb:set package 'linorobot2_navigation' build argument 'cmake_target' from command line to 'None'
[0.312s] Level 5:colcon.colcon_core.verb:set package 'linorobot2_navigation' build argument 'cmake_target_skip_unavailable' from command line to 'False'
[0.312s] Level 5:colcon.colcon_core.verb:set package 'linorobot2_navigation' build argument 'cmake_clean_cache' from command line to 'False'
[0.312s] Level 5:colcon.colcon_core.verb:set package 'linorobot2_navigation' build argument 'cmake_clean_first' from command line to 'False'
[0.312s] Level 5:colcon.colcon_core.verb:set package 'linorobot2_navigation' build argument 'cmake_force_configure' from command line to 'False'
[0.312s] Level 5:colcon.colcon_core.verb:set package 'linorobot2_navigation' build argument 'ament_cmake_args' from command line to 'None'
[0.312s] Level 5:colcon.colcon_core.verb:set package 'linorobot2_navigation' build argument 'catkin_cmake_args' from command line to 'None'
[0.312s] Level 5:colcon.colcon_core.verb:set package 'linorobot2_navigation' build argument 'catkin_skip_building_tests' from command line to 'False'
[0.312s] DEBUG:colcon.colcon_core.verb:Building package 'linorobot2_navigation' with the following arguments: {'ament_cmake_args': None, 'build_base': '/home/tuanmac/linorobot2_ws/build/linorobot2_navigation', 'catkin_cmake_args': None, 'catkin_skip_building_tests': False, 'cmake_args': None, 'cmake_clean_cache': False, 'cmake_clean_first': False, 'cmake_force_configure': False, 'cmake_target': None, 'cmake_target_skip_unavailable': False, 'install_base': '/home/tuanmac/linorobot2_ws/install/linorobot2_navigation', 'merge_install': False, 'path': '/home/tuanmac/linorobot2_ws/src/linorobot2-humble/linorobot2_navigation', 'symlink_install': True, 'test_result_base': None}
[0.312s] INFO:colcon.colcon_core.executor:Executing jobs using 'parallel' executor
[0.313s] DEBUG:colcon.colcon_parallel_executor.executor.parallel:run_until_complete
[0.314s] INFO:colcon.colcon_ros.task.ament_cmake.build:Building ROS package in '/home/tuanmac/linorobot2_ws/src/linorobot2-humble/linorobot2' with build type 'ament_cmake'
[0.314s] INFO:colcon.colcon_cmake.task.cmake.build:Building CMake package in '/home/tuanmac/linorobot2_ws/src/linorobot2-humble/linorobot2'
[0.317s] INFO:colcon.colcon_core.plugin_system:Skipping extension 'colcon_core.shell.bat': Not used on non-Windows systems
[0.317s] INFO:colcon.colcon_core.shell:Skip shell extension 'powershell' for command environment: Not usable outside of PowerShell
[0.317s] DEBUG:colcon.colcon_core.shell:Skip shell extension 'dsv' for command environment
[0.319s] INFO:colcon.colcon_ros.task.ament_cmake.build:Building ROS package in '/home/tuanmac/linorobot2_ws/src/linorobot2-humble/linorobot2_base' with build type 'ament_cmake'
[0.319s] INFO:colcon.colcon_cmake.task.cmake.build:Building CMake package in '/home/tuanmac/linorobot2_ws/src/linorobot2-humble/linorobot2_base'
[0.320s] INFO:colcon.colcon_core.shell:Skip shell extension 'powershell' for command environment: Not usable outside of PowerShell
[0.320s] DEBUG:colcon.colcon_core.shell:Skip shell extension 'dsv' for command environment
[0.322s] INFO:colcon.colcon_ros.task.ament_cmake.build:Building ROS package in '/home/tuanmac/linorobot2_ws/src/linorobot2-humble/linorobot2_bringup' with build type 'ament_cmake'
[0.322s] INFO:colcon.colcon_cmake.task.cmake.build:Building CMake package in '/home/tuanmac/linorobot2_ws/src/linorobot2-humble/linorobot2_bringup'
[0.322s] INFO:colcon.colcon_core.shell:Skip shell extension 'powershell' for command environment: Not usable outside of PowerShell
[0.322s] DEBUG:colcon.colcon_core.shell:Skip shell extension 'dsv' for command environment
[0.324s] INFO:colcon.colcon_ros.task.ament_cmake.build:Building ROS package in '/home/tuanmac/linorobot2_ws/src/linorobot2-humble/linorobot2_description' with build type 'ament_cmake'
[0.324s] INFO:colcon.colcon_cmake.task.cmake.build:Building CMake package in '/home/tuanmac/linorobot2_ws/src/linorobot2-humble/linorobot2_description'
[0.324s] INFO:colcon.colcon_core.shell:Skip shell extension 'powershell' for command environment: Not usable outside of PowerShell
[0.324s] DEBUG:colcon.colcon_core.shell:Skip shell extension 'dsv' for command environment
[0.326s] INFO:colcon.colcon_ros.task.ament_cmake.build:Building ROS package in '/home/tuanmac/linorobot2_ws/src/linorobot2-humble/linorobot2_gazebo' with build type 'ament_cmake'
[0.326s] INFO:colcon.colcon_cmake.task.cmake.build:Building CMake package in '/home/tuanmac/linorobot2_ws/src/linorobot2-humble/linorobot2_gazebo'
[0.327s] INFO:colcon.colcon_core.shell:Skip shell extension 'powershell' for command environment: Not usable outside of PowerShell
[0.327s] DEBUG:colcon.colcon_core.shell:Skip shell extension 'dsv' for command environment
[0.329s] INFO:colcon.colcon_ros.task.ament_cmake.build:Building ROS package in '/home/tuanmac/linorobot2_ws/src/linorobot2-humble/linorobot2_navigation' with build type 'ament_cmake'
[0.329s] INFO:colcon.colcon_cmake.task.cmake.build:Building CMake package in '/home/tuanmac/linorobot2_ws/src/linorobot2-humble/linorobot2_navigation'
[0.329s] INFO:colcon.colcon_core.shell:Skip shell extension 'powershell' for command environment: Not usable outside of PowerShell
[0.329s] DEBUG:colcon.colcon_core.shell:Skip shell extension 'dsv' for command environment
[0.334s] DEBUG:colcon.colcon_core.event_handler.log_command:Invoking command in '/home/tuanmac/linorobot2_ws/build/linorobot2': CMAKE_PREFIX_PATH=${CMAKE_PREFIX_PATH}:/home/tuanmac/ros2_ws/install/my_robot_controllr:/opt/ros/humble /usr/bin/cmake --build /home/tuanmac/linorobot2_ws/build/linorobot2 -- -j16 -l16
[0.336s] DEBUG:colcon.colcon_core.event_handler.log_command:Invoking command in '/home/tuanmac/linorobot2_ws/build/linorobot2_base': CMAKE_PREFIX_PATH=${CMAKE_PREFIX_PATH}:/home/tuanmac/ros2_ws/install/my_robot_controllr:/opt/ros/humble /usr/bin/cmake --build /home/tuanmac/linorobot2_ws/build/linorobot2_base -- -j16 -l16
[0.337s] DEBUG:colcon.colcon_core.event_handler.log_command:Invoking command in '/home/tuanmac/linorobot2_ws/build/linorobot2_bringup': CMAKE_PREFIX_PATH=${CMAKE_PREFIX_PATH}:/home/tuanmac/ros2_ws/install/my_robot_controllr:/opt/ros/humble /usr/bin/cmake --build /home/tuanmac/linorobot2_ws/build/linorobot2_bringup -- -j16 -l16
[0.339s] DEBUG:colcon.colcon_core.event_handler.log_command:Invoking command in '/home/tuanmac/linorobot2_ws/build/linorobot2_description': CMAKE_PREFIX_PATH=${CMAKE_PREFIX_PATH}:/home/tuanmac/ros2_ws/install/my_robot_controllr:/opt/ros/humble /usr/bin/cmake --build /home/tuanmac/linorobot2_ws/build/linorobot2_description -- -j16 -l16
[0.340s] DEBUG:colcon.colcon_core.event_handler.log_command:Invoking command in '/home/tuanmac/linorobot2_ws/build/linorobot2_gazebo': CMAKE_PREFIX_PATH=${CMAKE_PREFIX_PATH}:/home/tuanmac/ros2_ws/install/my_robot_controllr:/opt/ros/humble /usr/bin/cmake --build /home/tuanmac/linorobot2_ws/build/linorobot2_gazebo -- -j16 -l16
[0.345s] DEBUG:colcon.colcon_core.event_handler.log_command:Invoking command in '/home/tuanmac/linorobot2_ws/build/linorobot2_navigation': CMAKE_PREFIX_PATH=${CMAKE_PREFIX_PATH}:/home/tuanmac/ros2_ws/install/my_robot_controllr:/opt/ros/humble /usr/bin/cmake --build /home/tuanmac/linorobot2_ws/build/linorobot2_navigation -- -j16 -l16
[0.387s] DEBUG:colcon.colcon_core.event_handler.log_command:Invoked command in '/home/tuanmac/linorobot2_ws/build/linorobot2_gazebo' returned '0': CMAKE_PREFIX_PATH=${CMAKE_PREFIX_PATH}:/home/tuanmac/ros2_ws/install/my_robot_controllr:/opt/ros/humble /usr/bin/cmake --build /home/tuanmac/linorobot2_ws/build/linorobot2_gazebo -- -j16 -l16
[0.397s] DEBUG:colcon.colcon_core.event_handler.log_command:Invoking command in '/home/tuanmac/linorobot2_ws/build/linorobot2_gazebo': CMAKE_PREFIX_PATH=${CMAKE_PREFIX_PATH}:/home/tuanmac/ros2_ws/install/my_robot_controllr:/opt/ros/humble /usr/bin/cmake --install /home/tuanmac/linorobot2_ws/build/linorobot2_gazebo
[0.399s] DEBUG:colcon.colcon_core.event_handler.log_command:Invoked command in '/home/tuanmac/linorobot2_ws/build/linorobot2_navigation' returned '0': CMAKE_PREFIX_PATH=${CMAKE_PREFIX_PATH}:/home/tuanmac/ros2_ws/install/my_robot_controllr:/opt/ros/humble /usr/bin/cmake --build /home/tuanmac/linorobot2_ws/build/linorobot2_navigation -- -j16 -l16
[0.401s] DEBUG:colcon.colcon_core.event_handler.log_command:Invoking command in '/home/tuanmac/linorobot2_ws/build/linorobot2_navigation': CMAKE_PREFIX_PATH=${CMAKE_PREFIX_PATH}:/home/tuanmac/ros2_ws/install/my_robot_controllr:/opt/ros/humble /usr/bin/cmake --install /home/tuanmac/linorobot2_ws/build/linorobot2_navigation
[0.401s] DEBUG:colcon.colcon_core.event_handler.log_command:Invoked command in '/home/tuanmac/linorobot2_ws/build/linorobot2_bringup' returned '0': CMAKE_PREFIX_PATH=${CMAKE_PREFIX_PATH}:/home/tuanmac/ros2_ws/install/my_robot_controllr:/opt/ros/humble /usr/bin/cmake --build /home/tuanmac/linorobot2_ws/build/linorobot2_bringup -- -j16 -l16
[0.402s] DEBUG:colcon.colcon_core.event_handler.log_command:Invoking command in '/home/tuanmac/linorobot2_ws/build/linorobot2_bringup': CMAKE_PREFIX_PATH=${CMAKE_PREFIX_PATH}:/home/tuanmac/ros2_ws/install/my_robot_controllr:/opt/ros/humble /usr/bin/cmake --install /home/tuanmac/linorobot2_ws/build/linorobot2_bringup
[0.403s] DEBUG:colcon.colcon_core.event_handler.log_command:Invoked command in '/home/tuanmac/linorobot2_ws/build/linorobot2' returned '0': CMAKE_PREFIX_PATH=${CMAKE_PREFIX_PATH}:/home/tuanmac/ros2_ws/install/my_robot_controllr:/opt/ros/humble /usr/bin/cmake --build /home/tuanmac/linorobot2_ws/build/linorobot2 -- -j16 -l16
[0.404s] DEBUG:colcon.colcon_core.event_handler.log_command:Invoking command in '/home/tuanmac/linorobot2_ws/build/linorobot2': CMAKE_PREFIX_PATH=${CMAKE_PREFIX_PATH}:/home/tuanmac/ros2_ws/install/my_robot_controllr:/opt/ros/humble /usr/bin/cmake --install /home/tuanmac/linorobot2_ws/build/linorobot2
[0.404s] DEBUG:colcon.colcon_core.event_handler.log_command:Invoked command in '/home/tuanmac/linorobot2_ws/build/linorobot2_base' returned '0': CMAKE_PREFIX_PATH=${CMAKE_PREFIX_PATH}:/home/tuanmac/ros2_ws/install/my_robot_controllr:/opt/ros/humble /usr/bin/cmake --build /home/tuanmac/linorobot2_ws/build/linorobot2_base -- -j16 -l16
[0.406s] DEBUG:colcon.colcon_core.event_handler.log_command:Invoking command in '/home/tuanmac/linorobot2_ws/build/linorobot2_base': CMAKE_PREFIX_PATH=${CMAKE_PREFIX_PATH}:/home/tuanmac/ros2_ws/install/my_robot_controllr:/opt/ros/humble /usr/bin/cmake --install /home/tuanmac/linorobot2_ws/build/linorobot2_base
[0.407s] DEBUG:colcon.colcon_core.event_handler.log_command:Invoked command in '/home/tuanmac/linorobot2_ws/build/linorobot2_description' returned '0': CMAKE_PREFIX_PATH=${CMAKE_PREFIX_PATH}:/home/tuanmac/ros2_ws/install/my_robot_controllr:/opt/ros/humble /usr/bin/cmake --build /home/tuanmac/linorobot2_ws/build/linorobot2_description -- -j16 -l16
[0.411s] DEBUG:colcon.colcon_core.event_handler.log_command:Invoking command in '/home/tuanmac/linorobot2_ws/build/linorobot2_description': CMAKE_PREFIX_PATH=${CMAKE_PREFIX_PATH}:/home/tuanmac/ros2_ws/install/my_robot_controllr:/opt/ros/humble /usr/bin/cmake --install /home/tuanmac/linorobot2_ws/build/linorobot2_description
[0.424s] Level 1:colcon.colcon_core.environment:create_environment_scripts_only(linorobot2_navigation)
[0.432s] Level 1:colcon.colcon_core.environment:checking '/home/tuanmac/linorobot2_ws/install/linorobot2_navigation' for CMake module files
[0.433s] Level 1:colcon.colcon_core.environment:checking '/home/tuanmac/linorobot2_ws/install/linorobot2_navigation' for CMake config files
[0.433s] DEBUG:colcon.colcon_core.event_handler.log_command:Invoked command in '/home/tuanmac/linorobot2_ws/build/linorobot2_navigation' returned '0': CMAKE_PREFIX_PATH=${CMAKE_PREFIX_PATH}:/home/tuanmac/ros2_ws/install/my_robot_controllr:/opt/ros/humble /usr/bin/cmake --install /home/tuanmac/linorobot2_ws/build/linorobot2_navigation
[0.435s] Level 1:colcon.colcon_core.shell:create_environment_hook('linorobot2_navigation', 'cmake_prefix_path')
[0.435s] INFO:colcon.colcon_core.shell:Creating environment hook '/home/tuanmac/linorobot2_ws/install/linorobot2_navigation/share/linorobot2_navigation/hook/cmake_prefix_path.ps1'
[0.436s] INFO:colcon.colcon_core.shell:Creating environment descriptor '/home/tuanmac/linorobot2_ws/install/linorobot2_navigation/share/linorobot2_navigation/hook/cmake_prefix_path.dsv'
[0.436s] INFO:colcon.colcon_core.shell:Creating environment hook '/home/tuanmac/linorobot2_ws/install/linorobot2_navigation/share/linorobot2_navigation/hook/cmake_prefix_path.sh'
[0.437s] Level 1:colcon.colcon_core.environment:checking '/home/tuanmac/linorobot2_ws/install/linorobot2_navigation/bin'
[0.437s] Level 1:colcon.colcon_core.environment:checking '/home/tuanmac/linorobot2_ws/install/linorobot2_navigation/lib/pkgconfig/linorobot2_navigation.pc'
[0.437s] Level 1:colcon.colcon_core.environment:checking '/home/tuanmac/linorobot2_ws/install/linorobot2_navigation/lib/python3.10/site-packages'
[0.437s] Level 1:colcon.colcon_core.environment:checking '/home/tuanmac/linorobot2_ws/install/linorobot2_navigation/bin'
[0.438s] INFO:colcon.colcon_core.shell:Creating package script '/home/tuanmac/linorobot2_ws/install/linorobot2_navigation/share/linorobot2_navigation/package.ps1'
[0.438s] INFO:colcon.colcon_core.shell:Creating package descriptor '/home/tuanmac/linorobot2_ws/install/linorobot2_navigation/share/linorobot2_navigation/package.dsv'
[0.439s] INFO:colcon.colcon_core.shell:Creating package script '/home/tuanmac/linorobot2_ws/install/linorobot2_navigation/share/linorobot2_navigation/package.sh'
[0.440s] INFO:colcon.colcon_core.shell:Creating package script '/home/tuanmac/linorobot2_ws/install/linorobot2_navigation/share/linorobot2_navigation/package.bash'
[0.441s] INFO:colcon.colcon_core.shell:Creating package script '/home/tuanmac/linorobot2_ws/install/linorobot2_navigation/share/linorobot2_navigation/package.zsh'
[0.441s] Level 1:colcon.colcon_core.environment:create_file_with_runtime_dependencies(/home/tuanmac/linorobot2_ws/install/linorobot2_navigation/share/colcon-core/packages/linorobot2_navigation)
[0.442s] Level 1:colcon.colcon_core.environment:create_environment_scripts_only(linorobot2_navigation)
[0.442s] Level 1:colcon.colcon_core.environment:checking '/home/tuanmac/linorobot2_ws/install/linorobot2_navigation' for CMake module files
[0.443s] Level 1:colcon.colcon_core.environment:checking '/home/tuanmac/linorobot2_ws/install/linorobot2_navigation' for CMake config files
[0.443s] Level 1:colcon.colcon_core.shell:create_environment_hook('linorobot2_navigation', 'cmake_prefix_path')
[0.443s] INFO:colcon.colcon_core.shell:Creating environment hook '/home/tuanmac/linorobot2_ws/install/linorobot2_navigation/share/linorobot2_navigation/hook/cmake_prefix_path.ps1'
[0.444s] INFO:colcon.colcon_core.shell:Creating environment descriptor '/home/tuanmac/linorobot2_ws/install/linorobot2_navigation/share/linorobot2_navigation/hook/cmake_prefix_path.dsv'
[0.444s] INFO:colcon.colcon_core.shell:Creating environment hook '/home/tuanmac/linorobot2_ws/install/linorobot2_navigation/share/linorobot2_navigation/hook/cmake_prefix_path.sh'
[0.444s] Level 1:colcon.colcon_core.environment:checking '/home/tuanmac/linorobot2_ws/install/linorobot2_navigation/bin'
[0.444s] Level 1:colcon.colcon_core.environment:checking '/home/tuanmac/linorobot2_ws/install/linorobot2_navigation/lib/pkgconfig/linorobot2_navigation.pc'
[0.444s] Level 1:colcon.colcon_core.environment:checking '/home/tuanmac/linorobot2_ws/install/linorobot2_navigation/lib/python3.10/site-packages'
[0.445s] Level 1:colcon.colcon_core.environment:checking '/home/tuanmac/linorobot2_ws/install/linorobot2_navigation/bin'
[0.445s] INFO:colcon.colcon_core.shell:Creating package script '/home/tuanmac/linorobot2_ws/install/linorobot2_navigation/share/linorobot2_navigation/package.ps1'
[0.445s] INFO:colcon.colcon_core.shell:Creating package descriptor '/home/tuanmac/linorobot2_ws/install/linorobot2_navigation/share/linorobot2_navigation/package.dsv'
[0.446s] INFO:colcon.colcon_core.shell:Creating package script '/home/tuanmac/linorobot2_ws/install/linorobot2_navigation/share/linorobot2_navigation/package.sh'
[0.446s] INFO:colcon.colcon_core.shell:Creating package script '/home/tuanmac/linorobot2_ws/install/linorobot2_navigation/share/linorobot2_navigation/package.bash'
[0.446s] INFO:colcon.colcon_core.shell:Creating package script '/home/tuanmac/linorobot2_ws/install/linorobot2_navigation/share/linorobot2_navigation/package.zsh'
[0.446s] Level 1:colcon.colcon_core.environment:create_file_with_runtime_dependencies(/home/tuanmac/linorobot2_ws/install/linorobot2_navigation/share/colcon-core/packages/linorobot2_navigation)
[0.447s] Level 1:colcon.colcon_core.environment:create_environment_scripts_only(linorobot2)
[0.448s] DEBUG:colcon.colcon_core.event_handler.log_command:Invoked command in '/home/tuanmac/linorobot2_ws/build/linorobot2' returned '0': CMAKE_PREFIX_PATH=${CMAKE_PREFIX_PATH}:/home/tuanmac/ros2_ws/install/my_robot_controllr:/opt/ros/humble /usr/bin/cmake --install /home/tuanmac/linorobot2_ws/build/linorobot2
[0.448s] Level 1:colcon.colcon_core.environment:checking '/home/tuanmac/linorobot2_ws/install/linorobot2' for CMake module files
[0.448s] Level 1:colcon.colcon_core.environment:checking '/home/tuanmac/linorobot2_ws/install/linorobot2' for CMake config files
[0.449s] Level 1:colcon.colcon_core.shell:create_environment_hook('linorobot2', 'cmake_prefix_path')
[0.449s] INFO:colcon.colcon_core.shell:Creating environment hook '/home/tuanmac/linorobot2_ws/install/linorobot2/share/linorobot2/hook/cmake_prefix_path.ps1'
[0.449s] INFO:colcon.colcon_core.shell:Creating environment descriptor '/home/tuanmac/linorobot2_ws/install/linorobot2/share/linorobot2/hook/cmake_prefix_path.dsv'
[0.449s] INFO:colcon.colcon_core.shell:Creating environment hook '/home/tuanmac/linorobot2_ws/install/linorobot2/share/linorobot2/hook/cmake_prefix_path.sh'
[0.449s] Level 1:colcon.colcon_core.environment:checking '/home/tuanmac/linorobot2_ws/install/linorobot2/bin'
[0.449s] Level 1:colcon.colcon_core.environment:checking '/home/tuanmac/linorobot2_ws/install/linorobot2/lib/pkgconfig/linorobot2.pc'
[0.450s] Level 1:colcon.colcon_core.environment:checking '/home/tuanmac/linorobot2_ws/install/linorobot2/lib/python3.10/site-packages'
[0.450s] Level 1:colcon.colcon_core.environment:checking '/home/tuanmac/linorobot2_ws/install/linorobot2/bin'
[0.450s] INFO:colcon.colcon_core.shell:Creating package script '/home/tuanmac/linorobot2_ws/install/linorobot2/share/linorobot2/package.ps1'
[0.450s] INFO:colcon.colcon_core.shell:Creating package descriptor '/home/tuanmac/linorobot2_ws/install/linorobot2/share/linorobot2/package.dsv'
[0.451s] INFO:colcon.colcon_core.shell:Creating package script '/home/tuanmac/linorobot2_ws/install/linorobot2/share/linorobot2/package.sh'
[0.451s] INFO:colcon.colcon_core.shell:Creating package script '/home/tuanmac/linorobot2_ws/install/linorobot2/share/linorobot2/package.bash'
[0.451s] INFO:colcon.colcon_core.shell:Creating package script '/home/tuanmac/linorobot2_ws/install/linorobot2/share/linorobot2/package.zsh'
[0.451s] Level 1:colcon.colcon_core.environment:create_file_with_runtime_dependencies(/home/tuanmac/linorobot2_ws/install/linorobot2/share/colcon-core/packages/linorobot2)
[0.452s] Level 1:colcon.colcon_core.environment:create_environment_scripts_only(linorobot2)
[0.452s] Level 1:colcon.colcon_core.environment:checking '/home/tuanmac/linorobot2_ws/install/linorobot2' for CMake module files
[0.452s] Level 1:colcon.colcon_core.environment:checking '/home/tuanmac/linorobot2_ws/install/linorobot2' for CMake config files
[0.452s] Level 1:colcon.colcon_core.shell:create_environment_hook('linorobot2', 'cmake_prefix_path')
[0.452s] INFO:colcon.colcon_core.shell:Creating environment hook '/home/tuanmac/linorobot2_ws/install/linorobot2/share/linorobot2/hook/cmake_prefix_path.ps1'
[0.453s] INFO:colcon.colcon_core.shell:Creating environment descriptor '/home/tuanmac/linorobot2_ws/install/linorobot2/share/linorobot2/hook/cmake_prefix_path.dsv'
[0.453s] INFO:colcon.colcon_core.shell:Creating environment hook '/home/tuanmac/linorobot2_ws/install/linorobot2/share/linorobot2/hook/cmake_prefix_path.sh'
[0.454s] Level 1:colcon.colcon_core.environment:checking '/home/tuanmac/linorobot2_ws/install/linorobot2/bin'
[0.454s] Level 1:colcon.colcon_core.environment:checking '/home/tuanmac/linorobot2_ws/install/linorobot2/lib/pkgconfig/linorobot2.pc'
[0.454s] Level 1:colcon.colcon_core.environment:checking '/home/tuanmac/linorobot2_ws/install/linorobot2/lib/python3.10/site-packages'
[0.454s] Level 1:colcon.colcon_core.environment:checking '/home/tuanmac/linorobot2_ws/install/linorobot2/bin'
[0.454s] INFO:colcon.colcon_core.shell:Creating package script '/home/tuanmac/linorobot2_ws/install/linorobot2/share/linorobot2/package.ps1'
[0.455s] INFO:colcon.colcon_core.shell:Creating package descriptor '/home/tuanmac/linorobot2_ws/install/linorobot2/share/linorobot2/package.dsv'
[0.455s] INFO:colcon.colcon_core.shell:Creating package script '/home/tuanmac/linorobot2_ws/install/linorobot2/share/linorobot2/package.sh'
[0.456s] INFO:colcon.colcon_core.shell:Creating package script '/home/tuanmac/linorobot2_ws/install/linorobot2/share/linorobot2/package.bash'
[0.456s] INFO:colcon.colcon_core.shell:Creating package script '/home/tuanmac/linorobot2_ws/install/linorobot2/share/linorobot2/package.zsh'
[0.456s] Level 1:colcon.colcon_core.environment:create_file_with_runtime_dependencies(/home/tuanmac/linorobot2_ws/install/linorobot2/share/colcon-core/packages/linorobot2)
[0.457s] Level 1:colcon.colcon_core.environment:create_environment_scripts_only(linorobot2_gazebo)
[0.457s] Level 1:colcon.colcon_core.environment:checking '/home/tuanmac/linorobot2_ws/install/linorobot2_gazebo' for CMake module files
[0.458s] DEBUG:colcon.colcon_core.event_handler.log_command:Invoked command in '/home/tuanmac/linorobot2_ws/build/linorobot2_gazebo' returned '0': CMAKE_PREFIX_PATH=${CMAKE_PREFIX_PATH}:/home/tuanmac/ros2_ws/install/my_robot_controllr:/opt/ros/humble /usr/bin/cmake --install /home/tuanmac/linorobot2_ws/build/linorobot2_gazebo
[0.458s] Level 1:colcon.colcon_core.environment:checking '/home/tuanmac/linorobot2_ws/install/linorobot2_gazebo' for CMake config files
[0.459s] Level 1:colcon.colcon_core.shell:create_environment_hook('linorobot2_gazebo', 'cmake_prefix_path')
[0.459s] INFO:colcon.colcon_core.shell:Creating environment hook '/home/tuanmac/linorobot2_ws/install/linorobot2_gazebo/share/linorobot2_gazebo/hook/cmake_prefix_path.ps1'
[0.459s] INFO:colcon.colcon_core.shell:Creating environment descriptor '/home/tuanmac/linorobot2_ws/install/linorobot2_gazebo/share/linorobot2_gazebo/hook/cmake_prefix_path.dsv'
[0.459s] INFO:colcon.colcon_core.shell:Creating environment hook '/home/tuanmac/linorobot2_ws/install/linorobot2_gazebo/share/linorobot2_gazebo/hook/cmake_prefix_path.sh'
[0.460s] Level 1:colcon.colcon_core.environment:checking '/home/tuanmac/linorobot2_ws/install/linorobot2_gazebo/lib'
[0.460s] Level 1:colcon.colcon_core.environment:checking '/home/tuanmac/linorobot2_ws/install/linorobot2_gazebo/bin'
[0.460s] Level 1:colcon.colcon_core.environment:checking '/home/tuanmac/linorobot2_ws/install/linorobot2_gazebo/lib/pkgconfig/linorobot2_gazebo.pc'
[0.460s] Level 1:colcon.colcon_core.environment:checking '/home/tuanmac/linorobot2_ws/install/linorobot2_gazebo/lib/python3.10/site-packages'
[0.461s] Level 1:colcon.colcon_core.environment:checking '/home/tuanmac/linorobot2_ws/install/linorobot2_gazebo/bin'
[0.461s] INFO:colcon.colcon_core.shell:Creating package script '/home/tuanmac/linorobot2_ws/install/linorobot2_gazebo/share/linorobot2_gazebo/package.ps1'
[0.461s] INFO:colcon.colcon_core.shell:Creating package descriptor '/home/tuanmac/linorobot2_ws/install/linorobot2_gazebo/share/linorobot2_gazebo/package.dsv'
[0.461s] INFO:colcon.colcon_core.shell:Creating package script '/home/tuanmac/linorobot2_ws/install/linorobot2_gazebo/share/linorobot2_gazebo/package.sh'
[0.461s] INFO:colcon.colcon_core.shell:Creating package script '/home/tuanmac/linorobot2_ws/install/linorobot2_gazebo/share/linorobot2_gazebo/package.bash'
[0.462s] INFO:colcon.colcon_core.shell:Creating package script '/home/tuanmac/linorobot2_ws/install/linorobot2_gazebo/share/linorobot2_gazebo/package.zsh'
[0.462s] Level 1:colcon.colcon_core.environment:create_file_with_runtime_dependencies(/home/tuanmac/linorobot2_ws/install/linorobot2_gazebo/share/colcon-core/packages/linorobot2_gazebo)
[0.462s] Level 1:colcon.colcon_core.environment:create_environment_scripts_only(linorobot2_gazebo)
[0.462s] Level 1:colcon.colcon_core.environment:checking '/home/tuanmac/linorobot2_ws/install/linorobot2_gazebo' for CMake module files
[0.463s] Level 1:colcon.colcon_core.environment:checking '/home/tuanmac/linorobot2_ws/install/linorobot2_gazebo' for CMake config files
[0.463s] Level 1:colcon.colcon_core.shell:create_environment_hook('linorobot2_gazebo', 'cmake_prefix_path')
[0.463s] INFO:colcon.colcon_core.shell:Creating environment hook '/home/tuanmac/linorobot2_ws/install/linorobot2_gazebo/share/linorobot2_gazebo/hook/cmake_prefix_path.ps1'
[0.463s] INFO:colcon.colcon_core.shell:Creating environment descriptor '/home/tuanmac/linorobot2_ws/install/linorobot2_gazebo/share/linorobot2_gazebo/hook/cmake_prefix_path.dsv'
[0.463s] INFO:colcon.colcon_core.shell:Creating environment hook '/home/tuanmac/linorobot2_ws/install/linorobot2_gazebo/share/linorobot2_gazebo/hook/cmake_prefix_path.sh'
[0.463s] Level 1:colcon.colcon_core.environment:checking '/home/tuanmac/linorobot2_ws/install/linorobot2_gazebo/lib'
[0.464s] Level 1:colcon.colcon_core.environment:checking '/home/tuanmac/linorobot2_ws/install/linorobot2_gazebo/bin'
[0.464s] Level 1:colcon.colcon_core.environment:checking '/home/tuanmac/linorobot2_ws/install/linorobot2_gazebo/lib/pkgconfig/linorobot2_gazebo.pc'
[0.464s] Level 1:colcon.colcon_core.environment:checking '/home/tuanmac/linorobot2_ws/install/linorobot2_gazebo/lib/python3.10/site-packages'
[0.464s] Level 1:colcon.colcon_core.environment:checking '/home/tuanmac/linorobot2_ws/install/linorobot2_gazebo/bin'
[0.464s] INFO:colcon.colcon_core.shell:Creating package script '/home/tuanmac/linorobot2_ws/install/linorobot2_gazebo/share/linorobot2_gazebo/package.ps1'
[0.464s] INFO:colcon.colcon_core.shell:Creating package descriptor '/home/tuanmac/linorobot2_ws/install/linorobot2_gazebo/share/linorobot2_gazebo/package.dsv'
[0.465s] INFO:colcon.colcon_core.shell:Creating package script '/home/tuanmac/linorobot2_ws/install/linorobot2_gazebo/share/linorobot2_gazebo/package.sh'
[0.465s] INFO:colcon.colcon_core.shell:Creating package script '/home/tuanmac/linorobot2_ws/install/linorobot2_gazebo/share/linorobot2_gazebo/package.bash'
[0.465s] INFO:colcon.colcon_core.shell:Creating package script '/home/tuanmac/linorobot2_ws/install/linorobot2_gazebo/share/linorobot2_gazebo/package.zsh'
[0.465s] Level 1:colcon.colcon_core.environment:create_file_with_runtime_dependencies(/home/tuanmac/linorobot2_ws/install/linorobot2_gazebo/share/colcon-core/packages/linorobot2_gazebo)
[0.465s] Level 1:colcon.colcon_core.environment:create_environment_scripts_only(linorobot2_base)
[0.465s] Level 1:colcon.colcon_core.environment:checking '/home/tuanmac/linorobot2_ws/install/linorobot2_base' for CMake module files
[0.466s] DEBUG:colcon.colcon_core.event_handler.log_command:Invoked command in '/home/tuanmac/linorobot2_ws/build/linorobot2_base' returned '0': CMAKE_PREFIX_PATH=${CMAKE_PREFIX_PATH}:/home/tuanmac/ros2_ws/install/my_robot_controllr:/opt/ros/humble /usr/bin/cmake --install /home/tuanmac/linorobot2_ws/build/linorobot2_base
[0.466s] Level 1:colcon.colcon_core.environment:checking '/home/tuanmac/linorobot2_ws/install/linorobot2_base' for CMake config files
[0.467s] Level 1:colcon.colcon_core.shell:create_environment_hook('linorobot2_base', 'cmake_prefix_path')
[0.467s] INFO:colcon.colcon_core.shell:Creating environment hook '/home/tuanmac/linorobot2_ws/install/linorobot2_base/share/linorobot2_base/hook/cmake_prefix_path.ps1'
[0.467s] INFO:colcon.colcon_core.shell:Creating environment descriptor '/home/tuanmac/linorobot2_ws/install/linorobot2_base/share/linorobot2_base/hook/cmake_prefix_path.dsv'
[0.467s] INFO:colcon.colcon_core.shell:Creating environment hook '/home/tuanmac/linorobot2_ws/install/linorobot2_base/share/linorobot2_base/hook/cmake_prefix_path.sh'
[0.468s] Level 1:colcon.colcon_core.environment:checking '/home/tuanmac/linorobot2_ws/install/linorobot2_base/bin'
[0.468s] Level 1:colcon.colcon_core.environment:checking '/home/tuanmac/linorobot2_ws/install/linorobot2_base/lib/pkgconfig/linorobot2_base.pc'
[0.468s] Level 1:colcon.colcon_core.environment:checking '/home/tuanmac/linorobot2_ws/install/linorobot2_base/lib/python3.10/site-packages'
[0.468s] Level 1:colcon.colcon_core.environment:checking '/home/tuanmac/linorobot2_ws/install/linorobot2_base/bin'
[0.468s] INFO:colcon.colcon_core.shell:Creating package script '/home/tuanmac/linorobot2_ws/install/linorobot2_base/share/linorobot2_base/package.ps1'
[0.469s] INFO:colcon.colcon_core.shell:Creating package descriptor '/home/tuanmac/linorobot2_ws/install/linorobot2_base/share/linorobot2_base/package.dsv'
[0.469s] INFO:colcon.colcon_core.shell:Creating package script '/home/tuanmac/linorobot2_ws/install/linorobot2_base/share/linorobot2_base/package.sh'
[0.469s] INFO:colcon.colcon_core.shell:Creating package script '/home/tuanmac/linorobot2_ws/install/linorobot2_base/share/linorobot2_base/package.bash'
[0.469s] INFO:colcon.colcon_core.shell:Creating package script '/home/tuanmac/linorobot2_ws/install/linorobot2_base/share/linorobot2_base/package.zsh'
[0.469s] Level 1:colcon.colcon_core.environment:create_file_with_runtime_dependencies(/home/tuanmac/linorobot2_ws/install/linorobot2_base/share/colcon-core/packages/linorobot2_base)
[0.470s] Level 1:colcon.colcon_core.environment:create_environment_scripts_only(linorobot2_base)
[0.470s] Level 1:colcon.colcon_core.environment:checking '/home/tuanmac/linorobot2_ws/install/linorobot2_base' for CMake module files
[0.470s] Level 1:colcon.colcon_core.environment:checking '/home/tuanmac/linorobot2_ws/install/linorobot2_base' for CMake config files
[0.470s] Level 1:colcon.colcon_core.shell:create_environment_hook('linorobot2_base', 'cmake_prefix_path')
[0.470s] INFO:colcon.colcon_core.shell:Creating environment hook '/home/tuanmac/linorobot2_ws/install/linorobot2_base/share/linorobot2_base/hook/cmake_prefix_path.ps1'
[0.470s] INFO:colcon.colcon_core.shell:Creating environment descriptor '/home/tuanmac/linorobot2_ws/install/linorobot2_base/share/linorobot2_base/hook/cmake_prefix_path.dsv'
[0.471s] INFO:colcon.colcon_core.shell:Creating environment hook '/home/tuanmac/linorobot2_ws/install/linorobot2_base/share/linorobot2_base/hook/cmake_prefix_path.sh'
[0.471s] Level 1:colcon.colcon_core.environment:checking '/home/tuanmac/linorobot2_ws/install/linorobot2_base/bin'
[0.471s] Level 1:colcon.colcon_core.environment:checking '/home/tuanmac/linorobot2_ws/install/linorobot2_base/lib/pkgconfig/linorobot2_base.pc'
[0.471s] Level 1:colcon.colcon_core.environment:checking '/home/tuanmac/linorobot2_ws/install/linorobot2_base/lib/python3.10/site-packages'
[0.471s] Level 1:colcon.colcon_core.environment:checking '/home/tuanmac/linorobot2_ws/install/linorobot2_base/bin'
[0.472s] INFO:colcon.colcon_core.shell:Creating package script '/home/tuanmac/linorobot2_ws/install/linorobot2_base/share/linorobot2_base/package.ps1'
[0.472s] INFO:colcon.colcon_core.shell:Creating package descriptor '/home/tuanmac/linorobot2_ws/install/linorobot2_base/share/linorobot2_base/package.dsv'
[0.472s] INFO:colcon.colcon_core.shell:Creating package script '/home/tuanmac/linorobot2_ws/install/linorobot2_base/share/linorobot2_base/package.sh'
[0.472s] INFO:colcon.colcon_core.shell:Creating package script '/home/tuanmac/linorobot2_ws/install/linorobot2_base/share/linorobot2_base/package.bash'
[0.473s] INFO:colcon.colcon_core.shell:Creating package script '/home/tuanmac/linorobot2_ws/install/linorobot2_base/share/linorobot2_base/package.zsh'
[0.473s] Level 1:colcon.colcon_core.environment:create_file_with_runtime_dependencies(/home/tuanmac/linorobot2_ws/install/linorobot2_base/share/colcon-core/packages/linorobot2_base)
[0.473s] Level 1:colcon.colcon_core.environment:create_environment_scripts_only(linorobot2_bringup)
[0.473s] Level 1:colcon.colcon_core.environment:checking '/home/tuanmac/linorobot2_ws/install/linorobot2_bringup' for CMake module files
[0.474s] Level 1:colcon.colcon_core.environment:checking '/home/tuanmac/linorobot2_ws/install/linorobot2_bringup' for CMake config files
[0.474s] DEBUG:colcon.colcon_core.event_handler.log_command:Invoked command in '/home/tuanmac/linorobot2_ws/build/linorobot2_bringup' returned '0': CMAKE_PREFIX_PATH=${CMAKE_PREFIX_PATH}:/home/tuanmac/ros2_ws/install/my_robot_controllr:/opt/ros/humble /usr/bin/cmake --install /home/tuanmac/linorobot2_ws/build/linorobot2_bringup
[0.475s] Level 1:colcon.colcon_core.shell:create_environment_hook('linorobot2_bringup', 'cmake_prefix_path')
[0.475s] INFO:colcon.colcon_core.shell:Creating environment hook '/home/tuanmac/linorobot2_ws/install/linorobot2_bringup/share/linorobot2_bringup/hook/cmake_prefix_path.ps1'
[0.475s] INFO:colcon.colcon_core.shell:Creating environment descriptor '/home/tuanmac/linorobot2_ws/install/linorobot2_bringup/share/linorobot2_bringup/hook/cmake_prefix_path.dsv'
[0.476s] INFO:colcon.colcon_core.shell:Creating environment hook '/home/tuanmac/linorobot2_ws/install/linorobot2_bringup/share/linorobot2_bringup/hook/cmake_prefix_path.sh'
[0.476s] Level 1:colcon.colcon_core.environment:checking '/home/tuanmac/linorobot2_ws/install/linorobot2_bringup/bin'
[0.476s] Level 1:colcon.colcon_core.environment:checking '/home/tuanmac/linorobot2_ws/install/linorobot2_bringup/lib/pkgconfig/linorobot2_bringup.pc'
[0.476s] Level 1:colcon.colcon_core.environment:checking '/home/tuanmac/linorobot2_ws/install/linorobot2_bringup/lib/python3.10/site-packages'
[0.477s] Level 1:colcon.colcon_core.environment:checking '/home/tuanmac/linorobot2_ws/install/linorobot2_bringup/bin'
[0.477s] INFO:colcon.colcon_core.shell:Creating package script '/home/tuanmac/linorobot2_ws/install/linorobot2_bringup/share/linorobot2_bringup/package.ps1'
[0.477s] INFO:colcon.colcon_core.shell:Creating package descriptor '/home/tuanmac/linorobot2_ws/install/linorobot2_bringup/share/linorobot2_bringup/package.dsv'
[0.478s] INFO:colcon.colcon_core.shell:Creating package script '/home/tuanmac/linorobot2_ws/install/linorobot2_bringup/share/linorobot2_bringup/package.sh'
[0.478s] INFO:colcon.colcon_core.shell:Creating package script '/home/tuanmac/linorobot2_ws/install/linorobot2_bringup/share/linorobot2_bringup/package.bash'
[0.478s] INFO:colcon.colcon_core.shell:Creating package script '/home/tuanmac/linorobot2_ws/install/linorobot2_bringup/share/linorobot2_bringup/package.zsh'
[0.478s] Level 1:colcon.colcon_core.environment:create_file_with_runtime_dependencies(/home/tuanmac/linorobot2_ws/install/linorobot2_bringup/share/colcon-core/packages/linorobot2_bringup)
[0.479s] Level 1:colcon.colcon_core.environment:create_environment_scripts_only(linorobot2_bringup)
[0.479s] Level 1:colcon.colcon_core.environment:checking '/home/tuanmac/linorobot2_ws/install/linorobot2_bringup' for CMake module files
[0.479s] Level 1:colcon.colcon_core.environment:checking '/home/tuanmac/linorobot2_ws/install/linorobot2_bringup' for CMake config files
[0.479s] Level 1:colcon.colcon_core.shell:create_environment_hook('linorobot2_bringup', 'cmake_prefix_path')
[0.479s] INFO:colcon.colcon_core.shell:Creating environment hook '/home/tuanmac/linorobot2_ws/install/linorobot2_bringup/share/linorobot2_bringup/hook/cmake_prefix_path.ps1'
[0.480s] INFO:colcon.colcon_core.shell:Creating environment descriptor '/home/tuanmac/linorobot2_ws/install/linorobot2_bringup/share/linorobot2_bringup/hook/cmake_prefix_path.dsv'
[0.480s] INFO:colcon.colcon_core.shell:Creating environment hook '/home/tuanmac/linorobot2_ws/install/linorobot2_bringup/share/linorobot2_bringup/hook/cmake_prefix_path.sh'
[0.480s] Level 1:colcon.colcon_core.environment:checking '/home/tuanmac/linorobot2_ws/install/linorobot2_bringup/bin'
[0.480s] Level 1:colcon.colcon_core.environment:checking '/home/tuanmac/linorobot2_ws/install/linorobot2_bringup/lib/pkgconfig/linorobot2_bringup.pc'
[0.480s] Level 1:colcon.colcon_core.environment:checking '/home/tuanmac/linorobot2_ws/install/linorobot2_bringup/lib/python3.10/site-packages'
[0.480s] Level 1:colcon.colcon_core.environment:checking '/home/tuanmac/linorobot2_ws/install/linorobot2_bringup/bin'
[0.481s] INFO:colcon.colcon_core.shell:Creating package script '/home/tuanmac/linorobot2_ws/install/linorobot2_bringup/share/linorobot2_bringup/package.ps1'
[0.481s] INFO:colcon.colcon_core.shell:Creating package descriptor '/home/tuanmac/linorobot2_ws/install/linorobot2_bringup/share/linorobot2_bringup/package.dsv'
[0.481s] INFO:colcon.colcon_core.shell:Creating package script '/home/tuanmac/linorobot2_ws/install/linorobot2_bringup/share/linorobot2_bringup/package.sh'
[0.482s] INFO:colcon.colcon_core.shell:Creating package script '/home/tuanmac/linorobot2_ws/install/linorobot2_bringup/share/linorobot2_bringup/package.bash'
[0.482s] INFO:colcon.colcon_core.shell:Creating package script '/home/tuanmac/linorobot2_ws/install/linorobot2_bringup/share/linorobot2_bringup/package.zsh'
[0.482s] Level 1:colcon.colcon_core.environment:create_file_with_runtime_dependencies(/home/tuanmac/linorobot2_ws/install/linorobot2_bringup/share/colcon-core/packages/linorobot2_bringup)
[0.482s] Level 1:colcon.colcon_core.environment:create_environment_scripts_only(linorobot2_description)
[0.482s] Level 1:colcon.colcon_core.environment:checking '/home/tuanmac/linorobot2_ws/install/linorobot2_description' for CMake module files
[0.483s] Level 1:colcon.colcon_core.environment:checking '/home/tuanmac/linorobot2_ws/install/linorobot2_description' for CMake config files
[0.483s] DEBUG:colcon.colcon_core.event_handler.log_command:Invoked command in '/home/tuanmac/linorobot2_ws/build/linorobot2_description' returned '0': CMAKE_PREFIX_PATH=${CMAKE_PREFIX_PATH}:/home/tuanmac/ros2_ws/install/my_robot_controllr:/opt/ros/humble /usr/bin/cmake --install /home/tuanmac/linorobot2_ws/build/linorobot2_description
[0.483s] Level 1:colcon.colcon_core.shell:create_environment_hook('linorobot2_description', 'cmake_prefix_path')
[0.484s] INFO:colcon.colcon_core.shell:Creating environment hook '/home/tuanmac/linorobot2_ws/install/linorobot2_description/share/linorobot2_description/hook/cmake_prefix_path.ps1'
[0.484s] INFO:colcon.colcon_core.shell:Creating environment descriptor '/home/tuanmac/linorobot2_ws/install/linorobot2_description/share/linorobot2_description/hook/cmake_prefix_path.dsv'
[0.484s] INFO:colcon.colcon_core.shell:Creating environment hook '/home/tuanmac/linorobot2_ws/install/linorobot2_description/share/linorobot2_description/hook/cmake_prefix_path.sh'
[0.484s] Level 1:colcon.colcon_core.environment:checking '/home/tuanmac/linorobot2_ws/install/linorobot2_description/bin'
[0.484s] Level 1:colcon.colcon_core.environment:checking '/home/tuanmac/linorobot2_ws/install/linorobot2_description/lib/pkgconfig/linorobot2_description.pc'
[0.484s] Level 1:colcon.colcon_core.environment:checking '/home/tuanmac/linorobot2_ws/install/linorobot2_description/lib/python3.10/site-packages'
[0.485s] Level 1:colcon.colcon_core.environment:checking '/home/tuanmac/linorobot2_ws/install/linorobot2_description/bin'
[0.485s] INFO:colcon.colcon_core.shell:Creating package script '/home/tuanmac/linorobot2_ws/install/linorobot2_description/share/linorobot2_description/package.ps1'
[0.485s] INFO:colcon.colcon_core.shell:Creating package descriptor '/home/tuanmac/linorobot2_ws/install/linorobot2_description/share/linorobot2_description/package.dsv'
[0.485s] INFO:colcon.colcon_core.shell:Creating package script '/home/tuanmac/linorobot2_ws/install/linorobot2_description/share/linorobot2_description/package.sh'
[0.485s] INFO:colcon.colcon_core.shell:Creating package script '/home/tuanmac/linorobot2_ws/install/linorobot2_description/share/linorobot2_description/package.bash'
[0.486s] INFO:colcon.colcon_core.shell:Creating package script '/home/tuanmac/linorobot2_ws/install/linorobot2_description/share/linorobot2_description/package.zsh'
[0.486s] Level 1:colcon.colcon_core.environment:create_file_with_runtime_dependencies(/home/tuanmac/linorobot2_ws/install/linorobot2_description/share/colcon-core/packages/linorobot2_description)
[0.486s] Level 1:colcon.colcon_core.environment:create_environment_scripts_only(linorobot2_description)
[0.486s] Level 1:colcon.colcon_core.environment:checking '/home/tuanmac/linorobot2_ws/install/linorobot2_description' for CMake module files
[0.486s] Level 1:colcon.colcon_core.environment:checking '/home/tuanmac/linorobot2_ws/install/linorobot2_description' for CMake config files
[0.487s] Level 1:colcon.colcon_core.shell:create_environment_hook('linorobot2_description', 'cmake_prefix_path')
[0.487s] INFO:colcon.colcon_core.shell:Creating environment hook '/home/tuanmac/linorobot2_ws/install/linorobot2_description/share/linorobot2_description/hook/cmake_prefix_path.ps1'
[0.487s] INFO:colcon.colcon_core.shell:Creating environment descriptor '/home/tuanmac/linorobot2_ws/install/linorobot2_description/share/linorobot2_description/hook/cmake_prefix_path.dsv'
[0.487s] INFO:colcon.colcon_core.shell:Creating environment hook '/home/tuanmac/linorobot2_ws/install/linorobot2_description/share/linorobot2_description/hook/cmake_prefix_path.sh'
[0.488s] Level 1:colcon.colcon_core.environment:checking '/home/tuanmac/linorobot2_ws/install/linorobot2_description/bin'
[0.488s] Level 1:colcon.colcon_core.environment:checking '/home/tuanmac/linorobot2_ws/install/linorobot2_description/lib/pkgconfig/linorobot2_description.pc'
[0.488s] Level 1:colcon.colcon_core.environment:checking '/home/tuanmac/linorobot2_ws/install/linorobot2_description/lib/python3.10/site-packages'
[0.488s] Level 1:colcon.colcon_core.environment:checking '/home/tuanmac/linorobot2_ws/install/linorobot2_description/bin'
[0.488s] INFO:colcon.colcon_core.shell:Creating package script '/home/tuanmac/linorobot2_ws/install/linorobot2_description/share/linorobot2_description/package.ps1'
[0.488s] INFO:colcon.colcon_core.shell:Creating package descriptor '/home/tuanmac/linorobot2_ws/install/linorobot2_description/share/linorobot2_description/package.dsv'
[0.489s] INFO:colcon.colcon_core.shell:Creating package script '/home/tuanmac/linorobot2_ws/install/linorobot2_description/share/linorobot2_description/package.sh'
[0.489s] INFO:colcon.colcon_core.shell:Creating package script '/home/tuanmac/linorobot2_ws/install/linorobot2_description/share/linorobot2_description/package.bash'
[0.489s] INFO:colcon.colcon_core.shell:Creating package script '/home/tuanmac/linorobot2_ws/install/linorobot2_description/share/linorobot2_description/package.zsh'
[0.489s] Level 1:colcon.colcon_core.environment:create_file_with_runtime_dependencies(/home/tuanmac/linorobot2_ws/install/linorobot2_description/share/colcon-core/packages/linorobot2_description)
[0.489s] DEBUG:colcon.colcon_parallel_executor.executor.parallel:closing loop
[0.490s] DEBUG:colcon.colcon_parallel_executor.executor.parallel:loop closed
[0.490s] DEBUG:colcon.colcon_parallel_executor.executor.parallel:run_until_complete finished with '0'
[0.490s] DEBUG:colcon.colcon_core.event_reactor:joining thread
[0.494s] INFO:colcon.colcon_core.plugin_system:Skipping extension 'colcon_notification.desktop_notification.terminal_notifier': Not used on non-Darwin systems
[0.495s] INFO:colcon.colcon_core.plugin_system:Skipping extension 'colcon_notification.desktop_notification.win32': Not used on non-Windows systems
[0.495s] INFO:colcon.colcon_notification.desktop_notification:Sending desktop notification using 'notify2'
[0.504s] DEBUG:colcon.colcon_core.event_reactor:joined thread
[0.504s] INFO:colcon.colcon_core.shell:Creating prefix script '/home/tuanmac/linorobot2_ws/install/local_setup.ps1'
[0.505s] INFO:colcon.colcon_core.shell:Creating prefix util module '/home/tuanmac/linorobot2_ws/install/_local_setup_util_ps1.py'
[0.506s] INFO:colcon.colcon_core.shell:Creating prefix chain script '/home/tuanmac/linorobot2_ws/install/setup.ps1'
[0.507s] INFO:colcon.colcon_core.shell:Creating prefix script '/home/tuanmac/linorobot2_ws/install/local_setup.sh'
[0.508s] INFO:colcon.colcon_core.shell:Creating prefix util module '/home/tuanmac/linorobot2_ws/install/_local_setup_util_sh.py'
[0.508s] INFO:colcon.colcon_core.shell:Creating prefix chain script '/home/tuanmac/linorobot2_ws/install/setup.sh'
[0.509s] INFO:colcon.colcon_core.shell:Creating prefix script '/home/tuanmac/linorobot2_ws/install/local_setup.bash'
[0.509s] INFO:colcon.colcon_core.shell:Creating prefix chain script '/home/tuanmac/linorobot2_ws/install/setup.bash'
[0.510s] INFO:colcon.colcon_core.shell:Creating prefix script '/home/tuanmac/linorobot2_ws/install/local_setup.zsh'
[0.510s] INFO:colcon.colcon_core.shell:Creating prefix chain script '/home/tuanmac/linorobot2_ws/install/setup.zsh'
