[0.010s] Invoking command in '/home/tuanmac/linorobot2_ws/build/linorobot2_description': /usr/bin/cmake /home/tuanmac/linorobot2_ws/src/linorobot2-humble/linorobot2_description -DAMENT_CMAKE_SYMLINK_INSTALL=1 -DCMAKE_INSTALL_PREFIX=/home/tuanmac/linorobot2_ws/install/linorobot2_description
[0.125s] -- The C compiler identification is GNU 11.4.0
[0.222s] -- The CXX compiler identification is GNU 11.4.0
[0.234s] -- Detecting C compiler ABI info
[0.292s] -- Detecting C compiler ABI info - done
[0.304s] -- Check for working C compiler: /usr/bin/cc - skipped
[0.304s] -- Detecting C compile features
[0.304s] -- Detecting C compile features - done
[0.308s] -- Detecting CXX compiler ABI info
[0.364s] -- Detecting CXX compiler ABI info - done
[0.370s] -- Check for working CXX compiler: /usr/bin/c++ - skipped
[0.370s] -- Detecting CXX compile features
[0.370s] -- Detecting CXX compile features - done
[0.375s] -- Found ament_cmake: 1.3.13 (/opt/ros/humble/share/ament_cmake/cmake)
[0.507s] -- Found Python3: /usr/bin/python3 (found version "3.10.12") found components: Interpreter 
[0.550s] -- Override CMake install command with custom implementation using symlinks instead of copying resources
[0.575s] -- Found urdf: 2.6.1 (/opt/ros/humble/share/urdf/cmake)
[0.662s] -- Configuring done
[0.663s] -- Generating done
[0.664s] -- Build files have been written to: /home/tuanmac/linorobot2_ws/build/linorobot2_description
[0.669s] Invoked command in '/home/tuanmac/linorobot2_ws/build/linorobot2_description' returned '0': /usr/bin/cmake /home/tuanmac/linorobot2_ws/src/linorobot2-humble/linorobot2_description -DAMENT_CMAKE_SYMLINK_INSTALL=1 -DCMAKE_INSTALL_PREFIX=/home/tuanmac/linorobot2_ws/install/linorobot2_description
[0.670s] Invoking command in '/home/tuanmac/linorobot2_ws/build/linorobot2_description': /usr/bin/cmake --build /home/tuanmac/linorobot2_ws/build/linorobot2_description -- -j16 -l16
[0.697s] Invoked command in '/home/tuanmac/linorobot2_ws/build/linorobot2_description' returned '0': /usr/bin/cmake --build /home/tuanmac/linorobot2_ws/build/linorobot2_description -- -j16 -l16
[0.699s] Invoking command in '/home/tuanmac/linorobot2_ws/build/linorobot2_description': /usr/bin/cmake --install /home/tuanmac/linorobot2_ws/build/linorobot2_description
[0.703s] -- Install configuration: ""
[0.703s] -- Execute custom install script
[0.705s] -- Symlinking: /home/tuanmac/linorobot2_ws/install/linorobot2_description/share/linorobot2_description/launch/description.launch.py
[0.713s] -- Symlinking: /home/tuanmac/linorobot2_ws/install/linorobot2_description/share/linorobot2_description/urdf/2wd_properties.urdf.xacro
[0.720s] -- Symlinking: /home/tuanmac/linorobot2_ws/install/linorobot2_description/share/linorobot2_description/urdf/4wd_properties.urdf.xacro
[0.725s] -- Symlinking: /home/tuanmac/linorobot2_ws/install/linorobot2_description/share/linorobot2_description/urdf/controllers/diff_drive.urdf.xacro
[0.733s] -- Symlinking: /home/tuanmac/linorobot2_ws/install/linorobot2_description/share/linorobot2_description/urdf/controllers/omni_drive.urdf.xacro
[0.738s] -- Symlinking: /home/tuanmac/linorobot2_ws/install/linorobot2_description/share/linorobot2_description/urdf/controllers/skid_steer.urdf.xacro
[0.745s] -- Symlinking: /home/tuanmac/linorobot2_ws/install/linorobot2_description/share/linorobot2_description/urdf/mecanum_properties.urdf.xacro
[0.751s] -- Symlinking: /home/tuanmac/linorobot2_ws/install/linorobot2_description/share/linorobot2_description/urdf/mech/base.urdf.xacro
[0.755s] -- Symlinking: /home/tuanmac/linorobot2_ws/install/linorobot2_description/share/linorobot2_description/urdf/mech/caster_wheel.urdf.xacro
[0.762s] -- Symlinking: /home/tuanmac/linorobot2_ws/install/linorobot2_description/share/linorobot2_description/urdf/mech/mecanum_wheel.urdf.xacro
[0.770s] -- Symlinking: /home/tuanmac/linorobot2_ws/install/linorobot2_description/share/linorobot2_description/urdf/mech/wheel.urdf.xacro
[0.775s] -- Symlinking: /home/tuanmac/linorobot2_ws/install/linorobot2_description/share/linorobot2_description/urdf/mech/xe_meshes/base_link.STL
[0.779s] -- Symlinking: /home/tuanmac/linorobot2_ws/install/linorobot2_description/share/linorobot2_description/urdf/mech/xe_meshes/caster_bracket_front1.STL
[0.787s] -- Symlinking: /home/tuanmac/linorobot2_ws/install/linorobot2_description/share/linorobot2_description/urdf/mech/xe_meshes/caster_bracket_front2.STL
[0.795s] -- Symlinking: /home/tuanmac/linorobot2_ws/install/linorobot2_description/share/linorobot2_description/urdf/mech/xe_meshes/caster_wheel_front.STL
[0.800s] -- Symlinking: /home/tuanmac/linorobot2_ws/install/linorobot2_description/share/linorobot2_description/urdf/mech/xe_meshes/caster_wheel_front2.STL
[0.808s] -- Symlinking: /home/tuanmac/linorobot2_ws/install/linorobot2_description/share/linorobot2_description/urdf/mech/xe_meshes/left_wheel_link.STL
[0.813s] -- Symlinking: /home/tuanmac/linorobot2_ws/install/linorobot2_description/share/linorobot2_description/urdf/mech/xe_meshes/right_wheel_link.STL
[0.819s] -- Symlinking: /home/tuanmac/linorobot2_ws/install/linorobot2_description/share/linorobot2_description/urdf/robots/2wd.urdf.xacro
[0.826s] -- Symlinking: /home/tuanmac/linorobot2_ws/install/linorobot2_description/share/linorobot2_description/urdf/robots/4wd.urdf.xacro
[0.832s] -- Symlinking: /home/tuanmac/linorobot2_ws/install/linorobot2_description/share/linorobot2_description/urdf/robots/mecanum.urdf.xacro
[0.840s] -- Symlinking: /home/tuanmac/linorobot2_ws/install/linorobot2_description/share/linorobot2_description/urdf/robots/turtlebot.urdf.xacro
[0.845s] -- Symlinking: /home/tuanmac/linorobot2_ws/install/linorobot2_description/share/linorobot2_description/urdf/robots/vattenkar.urdf.xacro
[0.853s] -- Symlinking: /home/tuanmac/linorobot2_ws/install/linorobot2_description/share/linorobot2_description/urdf/sensors/camera.urdf.xacro
[0.859s] -- Symlinking: /home/tuanmac/linorobot2_ws/install/linorobot2_description/share/linorobot2_description/urdf/sensors/depth_sensor.urdf.xacro
[0.868s] -- Symlinking: /home/tuanmac/linorobot2_ws/install/linorobot2_description/share/linorobot2_description/urdf/sensors/generic_laser.urdf.xacro
[0.874s] -- Symlinking: /home/tuanmac/linorobot2_ws/install/linorobot2_description/share/linorobot2_description/urdf/sensors/imu.urdf.xacro
[0.879s] -- Symlinking: /home/tuanmac/linorobot2_ws/install/linorobot2_description/share/linorobot2_description/urdf/sensors/laser.urdf.xacro
[0.888s] -- Symlinking: /home/tuanmac/linorobot2_ws/install/linorobot2_description/share/linorobot2_description/rviz/description.rviz
[0.893s] -- Symlinking: /home/tuanmac/linorobot2_ws/install/linorobot2_description/share/ament_index/resource_index/package_run_dependencies/linorobot2_description
[0.901s] -- Symlinking: /home/tuanmac/linorobot2_ws/install/linorobot2_description/share/ament_index/resource_index/parent_prefix_path/linorobot2_description
[0.908s] -- Symlinking: /home/tuanmac/linorobot2_ws/install/linorobot2_description/share/linorobot2_description/environment/ament_prefix_path.sh
[0.914s] -- Symlinking: /home/tuanmac/linorobot2_ws/install/linorobot2_description/share/linorobot2_description/environment/ament_prefix_path.dsv
[0.922s] -- Symlinking: /home/tuanmac/linorobot2_ws/install/linorobot2_description/share/linorobot2_description/environment/path.sh
[0.929s] -- Symlinking: /home/tuanmac/linorobot2_ws/install/linorobot2_description/share/linorobot2_description/environment/path.dsv
[0.934s] -- Symlinking: /home/tuanmac/linorobot2_ws/install/linorobot2_description/share/linorobot2_description/local_setup.bash
[0.941s] -- Symlinking: /home/tuanmac/linorobot2_ws/install/linorobot2_description/share/linorobot2_description/local_setup.sh
[0.947s] -- Symlinking: /home/tuanmac/linorobot2_ws/install/linorobot2_description/share/linorobot2_description/local_setup.zsh
[0.954s] -- Symlinking: /home/tuanmac/linorobot2_ws/install/linorobot2_description/share/linorobot2_description/local_setup.dsv
[0.960s] -- Symlinking: /home/tuanmac/linorobot2_ws/install/linorobot2_description/share/linorobot2_description/package.dsv
[0.966s] -- Symlinking: /home/tuanmac/linorobot2_ws/install/linorobot2_description/share/ament_index/resource_index/packages/linorobot2_description
[0.972s] -- Symlinking: /home/tuanmac/linorobot2_ws/install/linorobot2_description/share/linorobot2_description/cmake/linorobot2_descriptionConfig.cmake
[0.980s] -- Symlinking: /home/tuanmac/linorobot2_ws/install/linorobot2_description/share/linorobot2_description/cmake/linorobot2_descriptionConfig-version.cmake
[0.987s] -- Symlinking: /home/tuanmac/linorobot2_ws/install/linorobot2_description/share/linorobot2_description/package.xml
[0.994s] Invoked command in '/home/tuanmac/linorobot2_ws/build/linorobot2_description' returned '0': /usr/bin/cmake --install /home/tuanmac/linorobot2_ws/build/linorobot2_description
