[0.062s] DEBUG:colcon:Command line arguments: ['/usr/bin/colcon', 'build', '--symlink-install']
[0.062s] DEBUG:colcon:Parsed command line arguments: Namespace(log_base=None, log_level=None, verb_name='build', build_base='build', install_base='install', merge_install=False, symlink_install=True, test_result_base=None, continue_on_error=False, executor='parallel', parallel_workers=16, event_handlers=None, ignore_user_meta=False, metas=['./colcon.meta'], base_paths=['.'], packages_ignore=None, packages_ignore_regex=None, paths=None, packages_up_to=None, packages_up_to_regex=None, packages_above=None, packages_above_and_dependencies=None, packages_above_depth=None, packages_select_by_dep=None, packages_skip_by_dep=None, packages_skip_up_to=None, packages_select_build_failed=False, packages_skip_build_finished=False, packages_select_test_failures=False, packages_skip_test_passed=False, packages_select=None, packages_skip=None, packages_select_regex=None, packages_skip_regex=None, packages_start=None, packages_end=None, allow_overriding=[], cmake_args=None, cmake_target=None, cmake_target_skip_unavailable=False, cmake_clean_cache=False, cmake_clean_first=False, cmake_force_configure=False, ament_cmake_args=None, catkin_cmake_args=None, catkin_skip_building_tests=False, verb_parser=<colcon_defaults.argument_parser.defaults.DefaultArgumentsDecorator object at 0x749f50d38730>, verb_extension=<colcon_core.verb.build.BuildVerb object at 0x749f50d38160>, main=<bound method BuildVerb.main of <colcon_core.verb.build.BuildVerb object at 0x749f50d38160>>)
[0.155s] Level 1:colcon.colcon_core.package_discovery:discover_packages(colcon_meta) check parameters
[0.155s] Level 1:colcon.colcon_core.package_discovery:discover_packages(recursive) check parameters
[0.155s] Level 1:colcon.colcon_core.package_discovery:discover_packages(ignore) check parameters
[0.155s] Level 1:colcon.colcon_core.package_discovery:discover_packages(path) check parameters
[0.155s] Level 1:colcon.colcon_core.package_discovery:discover_packages(colcon_meta) discover
[0.155s] Level 1:colcon.colcon_core.package_discovery:discover_packages(recursive) discover
[0.155s] INFO:colcon.colcon_core.package_discovery:Crawling recursively for packages in '/home/tuanmac/linorobot2_ws'
[0.155s] Level 1:colcon.colcon_core.package_identification:_identify(.) by extensions ['ignore', 'ignore_ament_install']
[0.155s] Level 1:colcon.colcon_core.package_identification:_identify(.) by extension 'ignore'
[0.155s] Level 1:colcon.colcon_core.package_identification:_identify(.) by extension 'ignore_ament_install'
[0.156s] Level 1:colcon.colcon_core.package_identification:_identify(.) by extensions ['colcon_pkg']
[0.156s] Level 1:colcon.colcon_core.package_identification:_identify(.) by extension 'colcon_pkg'
[0.156s] Level 1:colcon.colcon_core.package_identification:_identify(.) by extensions ['colcon_meta']
[0.156s] Level 1:colcon.colcon_core.package_identification:_identify(.) by extension 'colcon_meta'
[0.156s] Level 1:colcon.colcon_core.package_identification:_identify(.) by extensions ['ros']
[0.156s] Level 1:colcon.colcon_core.package_identification:_identify(.) by extension 'ros'
[0.162s] Level 1:colcon.colcon_core.package_identification:_identify(.) by extensions ['cmake', 'python']
[0.162s] Level 1:colcon.colcon_core.package_identification:_identify(.) by extension 'cmake'
[0.162s] Level 1:colcon.colcon_core.package_identification:_identify(.) by extension 'python'
[0.162s] Level 1:colcon.colcon_core.package_identification:_identify(.) by extensions ['python_setup_py']
[0.162s] Level 1:colcon.colcon_core.package_identification:_identify(.) by extension 'python_setup_py'
[0.162s] Level 1:colcon.colcon_core.package_identification:_identify(build) by extensions ['ignore', 'ignore_ament_install']
[0.163s] Level 1:colcon.colcon_core.package_identification:_identify(build) by extension 'ignore'
[0.163s] Level 1:colcon.colcon_core.package_identification:_identify(build) ignored
[0.163s] Level 1:colcon.colcon_core.package_identification:_identify(install) by extensions ['ignore', 'ignore_ament_install']
[0.163s] Level 1:colcon.colcon_core.package_identification:_identify(install) by extension 'ignore'
[0.163s] Level 1:colcon.colcon_core.package_identification:_identify(install) ignored
[0.163s] Level 1:colcon.colcon_core.package_identification:_identify(log) by extensions ['ignore', 'ignore_ament_install']
[0.163s] Level 1:colcon.colcon_core.package_identification:_identify(log) by extension 'ignore'
[0.163s] Level 1:colcon.colcon_core.package_identification:_identify(log) ignored
[0.163s] Level 1:colcon.colcon_core.package_identification:_identify(src) by extensions ['ignore', 'ignore_ament_install']
[0.163s] Level 1:colcon.colcon_core.package_identification:_identify(src) by extension 'ignore'
[0.163s] Level 1:colcon.colcon_core.package_identification:_identify(src) by extension 'ignore_ament_install'
[0.163s] Level 1:colcon.colcon_core.package_identification:_identify(src) by extensions ['colcon_pkg']
[0.163s] Level 1:colcon.colcon_core.package_identification:_identify(src) by extension 'colcon_pkg'
[0.163s] Level 1:colcon.colcon_core.package_identification:_identify(src) by extensions ['colcon_meta']
[0.163s] Level 1:colcon.colcon_core.package_identification:_identify(src) by extension 'colcon_meta'
[0.163s] Level 1:colcon.colcon_core.package_identification:_identify(src) by extensions ['ros']
[0.163s] Level 1:colcon.colcon_core.package_identification:_identify(src) by extension 'ros'
[0.163s] Level 1:colcon.colcon_core.package_identification:_identify(src) by extensions ['cmake', 'python']
[0.163s] Level 1:colcon.colcon_core.package_identification:_identify(src) by extension 'cmake'
[0.163s] Level 1:colcon.colcon_core.package_identification:_identify(src) by extension 'python'
[0.163s] Level 1:colcon.colcon_core.package_identification:_identify(src) by extensions ['python_setup_py']
[0.163s] Level 1:colcon.colcon_core.package_identification:_identify(src) by extension 'python_setup_py'
[0.163s] Level 1:colcon.colcon_core.package_identification:_identify(src/linorobot2-humble) by extensions ['ignore', 'ignore_ament_install']
[0.163s] Level 1:colcon.colcon_core.package_identification:_identify(src/linorobot2-humble) by extension 'ignore'
[0.163s] Level 1:colcon.colcon_core.package_identification:_identify(src/linorobot2-humble) by extension 'ignore_ament_install'
[0.163s] Level 1:colcon.colcon_core.package_identification:_identify(src/linorobot2-humble) by extensions ['colcon_pkg']
[0.163s] Level 1:colcon.colcon_core.package_identification:_identify(src/linorobot2-humble) by extension 'colcon_pkg'
[0.163s] Level 1:colcon.colcon_core.package_identification:_identify(src/linorobot2-humble) by extensions ['colcon_meta']
[0.163s] Level 1:colcon.colcon_core.package_identification:_identify(src/linorobot2-humble) by extension 'colcon_meta'
[0.163s] Level 1:colcon.colcon_core.package_identification:_identify(src/linorobot2-humble) by extensions ['ros']
[0.163s] Level 1:colcon.colcon_core.package_identification:_identify(src/linorobot2-humble) by extension 'ros'
[0.163s] Level 1:colcon.colcon_core.package_identification:_identify(src/linorobot2-humble) by extensions ['cmake', 'python']
[0.163s] Level 1:colcon.colcon_core.package_identification:_identify(src/linorobot2-humble) by extension 'cmake'
[0.163s] Level 1:colcon.colcon_core.package_identification:_identify(src/linorobot2-humble) by extension 'python'
[0.163s] Level 1:colcon.colcon_core.package_identification:_identify(src/linorobot2-humble) by extensions ['python_setup_py']
[0.163s] Level 1:colcon.colcon_core.package_identification:_identify(src/linorobot2-humble) by extension 'python_setup_py'
[0.164s] Level 1:colcon.colcon_core.package_identification:_identify(src/linorobot2-humble/docker) by extensions ['ignore', 'ignore_ament_install']
[0.164s] Level 1:colcon.colcon_core.package_identification:_identify(src/linorobot2-humble/docker) by extension 'ignore'
[0.164s] Level 1:colcon.colcon_core.package_identification:_identify(src/linorobot2-humble/docker) by extension 'ignore_ament_install'
[0.164s] Level 1:colcon.colcon_core.package_identification:_identify(src/linorobot2-humble/docker) by extensions ['colcon_pkg']
[0.164s] Level 1:colcon.colcon_core.package_identification:_identify(src/linorobot2-humble/docker) by extension 'colcon_pkg'
[0.164s] Level 1:colcon.colcon_core.package_identification:_identify(src/linorobot2-humble/docker) by extensions ['colcon_meta']
[0.164s] Level 1:colcon.colcon_core.package_identification:_identify(src/linorobot2-humble/docker) by extension 'colcon_meta'
[0.164s] Level 1:colcon.colcon_core.package_identification:_identify(src/linorobot2-humble/docker) by extensions ['ros']
[0.164s] Level 1:colcon.colcon_core.package_identification:_identify(src/linorobot2-humble/docker) by extension 'ros'
[0.164s] Level 1:colcon.colcon_core.package_identification:_identify(src/linorobot2-humble/docker) by extensions ['cmake', 'python']
[0.164s] Level 1:colcon.colcon_core.package_identification:_identify(src/linorobot2-humble/docker) by extension 'cmake'
[0.164s] Level 1:colcon.colcon_core.package_identification:_identify(src/linorobot2-humble/docker) by extension 'python'
[0.164s] Level 1:colcon.colcon_core.package_identification:_identify(src/linorobot2-humble/docker) by extensions ['python_setup_py']
[0.164s] Level 1:colcon.colcon_core.package_identification:_identify(src/linorobot2-humble/docker) by extension 'python_setup_py'
[0.164s] Level 1:colcon.colcon_core.package_identification:_identify(src/linorobot2-humble/docs) by extensions ['ignore', 'ignore_ament_install']
[0.164s] Level 1:colcon.colcon_core.package_identification:_identify(src/linorobot2-humble/docs) by extension 'ignore'
[0.164s] Level 1:colcon.colcon_core.package_identification:_identify(src/linorobot2-humble/docs) by extension 'ignore_ament_install'
[0.164s] Level 1:colcon.colcon_core.package_identification:_identify(src/linorobot2-humble/docs) by extensions ['colcon_pkg']
[0.164s] Level 1:colcon.colcon_core.package_identification:_identify(src/linorobot2-humble/docs) by extension 'colcon_pkg'
[0.164s] Level 1:colcon.colcon_core.package_identification:_identify(src/linorobot2-humble/docs) by extensions ['colcon_meta']
[0.164s] Level 1:colcon.colcon_core.package_identification:_identify(src/linorobot2-humble/docs) by extension 'colcon_meta'
[0.164s] Level 1:colcon.colcon_core.package_identification:_identify(src/linorobot2-humble/docs) by extensions ['ros']
[0.164s] Level 1:colcon.colcon_core.package_identification:_identify(src/linorobot2-humble/docs) by extension 'ros'
[0.164s] Level 1:colcon.colcon_core.package_identification:_identify(src/linorobot2-humble/docs) by extensions ['cmake', 'python']
[0.164s] Level 1:colcon.colcon_core.package_identification:_identify(src/linorobot2-humble/docs) by extension 'cmake'
[0.164s] Level 1:colcon.colcon_core.package_identification:_identify(src/linorobot2-humble/docs) by extension 'python'
[0.164s] Level 1:colcon.colcon_core.package_identification:_identify(src/linorobot2-humble/docs) by extensions ['python_setup_py']
[0.164s] Level 1:colcon.colcon_core.package_identification:_identify(src/linorobot2-humble/docs) by extension 'python_setup_py'
[0.164s] Level 1:colcon.colcon_core.package_identification:_identify(src/linorobot2-humble/linorobot2) by extensions ['ignore', 'ignore_ament_install']
[0.164s] Level 1:colcon.colcon_core.package_identification:_identify(src/linorobot2-humble/linorobot2) by extension 'ignore'
[0.164s] Level 1:colcon.colcon_core.package_identification:_identify(src/linorobot2-humble/linorobot2) by extension 'ignore_ament_install'
[0.164s] Level 1:colcon.colcon_core.package_identification:_identify(src/linorobot2-humble/linorobot2) by extensions ['colcon_pkg']
[0.164s] Level 1:colcon.colcon_core.package_identification:_identify(src/linorobot2-humble/linorobot2) by extension 'colcon_pkg'
[0.164s] Level 1:colcon.colcon_core.package_identification:_identify(src/linorobot2-humble/linorobot2) by extensions ['colcon_meta']
[0.164s] Level 1:colcon.colcon_core.package_identification:_identify(src/linorobot2-humble/linorobot2) by extension 'colcon_meta'
[0.164s] Level 1:colcon.colcon_core.package_identification:_identify(src/linorobot2-humble/linorobot2) by extensions ['ros']
[0.164s] Level 1:colcon.colcon_core.package_identification:_identify(src/linorobot2-humble/linorobot2) by extension 'ros'
[0.166s] DEBUG:colcon.colcon_core.package_identification:Package 'src/linorobot2-humble/linorobot2' with type 'ros.ament_cmake' and name 'linorobot2'
[0.166s] Level 1:colcon.colcon_core.package_identification:_identify(src/linorobot2-humble/linorobot2_base) by extensions ['ignore', 'ignore_ament_install']
[0.166s] Level 1:colcon.colcon_core.package_identification:_identify(src/linorobot2-humble/linorobot2_base) by extension 'ignore'
[0.166s] Level 1:colcon.colcon_core.package_identification:_identify(src/linorobot2-humble/linorobot2_base) by extension 'ignore_ament_install'
[0.166s] Level 1:colcon.colcon_core.package_identification:_identify(src/linorobot2-humble/linorobot2_base) by extensions ['colcon_pkg']
[0.166s] Level 1:colcon.colcon_core.package_identification:_identify(src/linorobot2-humble/linorobot2_base) by extension 'colcon_pkg'
[0.166s] Level 1:colcon.colcon_core.package_identification:_identify(src/linorobot2-humble/linorobot2_base) by extensions ['colcon_meta']
[0.166s] Level 1:colcon.colcon_core.package_identification:_identify(src/linorobot2-humble/linorobot2_base) by extension 'colcon_meta'
[0.166s] Level 1:colcon.colcon_core.package_identification:_identify(src/linorobot2-humble/linorobot2_base) by extensions ['ros']
[0.166s] Level 1:colcon.colcon_core.package_identification:_identify(src/linorobot2-humble/linorobot2_base) by extension 'ros'
[0.166s] DEBUG:colcon.colcon_core.package_identification:Package 'src/linorobot2-humble/linorobot2_base' with type 'ros.ament_cmake' and name 'linorobot2_base'
[0.167s] Level 1:colcon.colcon_core.package_identification:_identify(src/linorobot2-humble/linorobot2_bringup) by extensions ['ignore', 'ignore_ament_install']
[0.167s] Level 1:colcon.colcon_core.package_identification:_identify(src/linorobot2-humble/linorobot2_bringup) by extension 'ignore'
[0.167s] Level 1:colcon.colcon_core.package_identification:_identify(src/linorobot2-humble/linorobot2_bringup) by extension 'ignore_ament_install'
[0.167s] Level 1:colcon.colcon_core.package_identification:_identify(src/linorobot2-humble/linorobot2_bringup) by extensions ['colcon_pkg']
[0.167s] Level 1:colcon.colcon_core.package_identification:_identify(src/linorobot2-humble/linorobot2_bringup) by extension 'colcon_pkg'
[0.167s] Level 1:colcon.colcon_core.package_identification:_identify(src/linorobot2-humble/linorobot2_bringup) by extensions ['colcon_meta']
[0.167s] Level 1:colcon.colcon_core.package_identification:_identify(src/linorobot2-humble/linorobot2_bringup) by extension 'colcon_meta'
[0.167s] Level 1:colcon.colcon_core.package_identification:_identify(src/linorobot2-humble/linorobot2_bringup) by extensions ['ros']
[0.167s] Level 1:colcon.colcon_core.package_identification:_identify(src/linorobot2-humble/linorobot2_bringup) by extension 'ros'
[0.167s] DEBUG:colcon.colcon_core.package_identification:Package 'src/linorobot2-humble/linorobot2_bringup' with type 'ros.ament_cmake' and name 'linorobot2_bringup'
[0.167s] Level 1:colcon.colcon_core.package_identification:_identify(src/linorobot2-humble/linorobot2_description) by extensions ['ignore', 'ignore_ament_install']
[0.167s] Level 1:colcon.colcon_core.package_identification:_identify(src/linorobot2-humble/linorobot2_description) by extension 'ignore'
[0.167s] Level 1:colcon.colcon_core.package_identification:_identify(src/linorobot2-humble/linorobot2_description) by extension 'ignore_ament_install'
[0.167s] Level 1:colcon.colcon_core.package_identification:_identify(src/linorobot2-humble/linorobot2_description) by extensions ['colcon_pkg']
[0.167s] Level 1:colcon.colcon_core.package_identification:_identify(src/linorobot2-humble/linorobot2_description) by extension 'colcon_pkg'
[0.167s] Level 1:colcon.colcon_core.package_identification:_identify(src/linorobot2-humble/linorobot2_description) by extensions ['colcon_meta']
[0.167s] Level 1:colcon.colcon_core.package_identification:_identify(src/linorobot2-humble/linorobot2_description) by extension 'colcon_meta'
[0.167s] Level 1:colcon.colcon_core.package_identification:_identify(src/linorobot2-humble/linorobot2_description) by extensions ['ros']
[0.167s] Level 1:colcon.colcon_core.package_identification:_identify(src/linorobot2-humble/linorobot2_description) by extension 'ros'
[0.168s] DEBUG:colcon.colcon_core.package_identification:Package 'src/linorobot2-humble/linorobot2_description' with type 'ros.ament_cmake' and name 'linorobot2_description'
[0.168s] Level 1:colcon.colcon_core.package_identification:_identify(src/linorobot2-humble/linorobot2_gazebo) by extensions ['ignore', 'ignore_ament_install']
[0.168s] Level 1:colcon.colcon_core.package_identification:_identify(src/linorobot2-humble/linorobot2_gazebo) by extension 'ignore'
[0.168s] Level 1:colcon.colcon_core.package_identification:_identify(src/linorobot2-humble/linorobot2_gazebo) by extension 'ignore_ament_install'
[0.168s] Level 1:colcon.colcon_core.package_identification:_identify(src/linorobot2-humble/linorobot2_gazebo) by extensions ['colcon_pkg']
[0.168s] Level 1:colcon.colcon_core.package_identification:_identify(src/linorobot2-humble/linorobot2_gazebo) by extension 'colcon_pkg'
[0.168s] Level 1:colcon.colcon_core.package_identification:_identify(src/linorobot2-humble/linorobot2_gazebo) by extensions ['colcon_meta']
[0.168s] Level 1:colcon.colcon_core.package_identification:_identify(src/linorobot2-humble/linorobot2_gazebo) by extension 'colcon_meta'
[0.168s] Level 1:colcon.colcon_core.package_identification:_identify(src/linorobot2-humble/linorobot2_gazebo) by extensions ['ros']
[0.168s] Level 1:colcon.colcon_core.package_identification:_identify(src/linorobot2-humble/linorobot2_gazebo) by extension 'ros'
[0.168s] DEBUG:colcon.colcon_core.package_identification:Package 'src/linorobot2-humble/linorobot2_gazebo' with type 'ros.ament_cmake' and name 'linorobot2_gazebo'
[0.169s] Level 1:colcon.colcon_core.package_identification:_identify(src/linorobot2-humble/linorobot2_navigation) by extensions ['ignore', 'ignore_ament_install']
[0.169s] Level 1:colcon.colcon_core.package_identification:_identify(src/linorobot2-humble/linorobot2_navigation) by extension 'ignore'
[0.169s] Level 1:colcon.colcon_core.package_identification:_identify(src/linorobot2-humble/linorobot2_navigation) by extension 'ignore_ament_install'
[0.169s] Level 1:colcon.colcon_core.package_identification:_identify(src/linorobot2-humble/linorobot2_navigation) by extensions ['colcon_pkg']
[0.169s] Level 1:colcon.colcon_core.package_identification:_identify(src/linorobot2-humble/linorobot2_navigation) by extension 'colcon_pkg'
[0.169s] Level 1:colcon.colcon_core.package_identification:_identify(src/linorobot2-humble/linorobot2_navigation) by extensions ['colcon_meta']
[0.169s] Level 1:colcon.colcon_core.package_identification:_identify(src/linorobot2-humble/linorobot2_navigation) by extension 'colcon_meta'
[0.169s] Level 1:colcon.colcon_core.package_identification:_identify(src/linorobot2-humble/linorobot2_navigation) by extensions ['ros']
[0.169s] Level 1:colcon.colcon_core.package_identification:_identify(src/linorobot2-humble/linorobot2_navigation) by extension 'ros'
[0.169s] DEBUG:colcon.colcon_core.package_identification:Package 'src/linorobot2-humble/linorobot2_navigation' with type 'ros.ament_cmake' and name 'linorobot2_navigation'
[0.169s] Level 1:colcon.colcon_core.package_discovery:discover_packages(recursive) using defaults
[0.169s] Level 1:colcon.colcon_core.package_discovery:discover_packages(ignore) discover
[0.169s] Level 1:colcon.colcon_core.package_discovery:discover_packages(ignore) using defaults
[0.169s] Level 1:colcon.colcon_core.package_discovery:discover_packages(path) discover
[0.169s] Level 1:colcon.colcon_core.package_discovery:discover_packages(path) using defaults
[0.187s] Level 1:colcon.colcon_core.package_discovery:discover_packages(prefix_path) check parameters
[0.187s] Level 1:colcon.colcon_core.package_discovery:discover_packages(prefix_path) discover
[0.188s] DEBUG:colcon.colcon_installed_package_information.package_discovery:Found 8 installed packages in /home/tuanmac/ros2_ws/install
[0.189s] DEBUG:colcon.colcon_installed_package_information.package_discovery:Found 354 installed packages in /opt/ros/humble
[0.190s] Level 1:colcon.colcon_core.package_discovery:discover_packages(prefix_path) using defaults
[0.215s] Level 5:colcon.colcon_core.verb:set package 'linorobot2' build argument 'cmake_args' from command line to 'None'
[0.215s] Level 5:colcon.colcon_core.verb:set package 'linorobot2' build argument 'cmake_target' from command line to 'None'
[0.215s] Level 5:colcon.colcon_core.verb:set package 'linorobot2' build argument 'cmake_target_skip_unavailable' from command line to 'False'
[0.215s] Level 5:colcon.colcon_core.verb:set package 'linorobot2' build argument 'cmake_clean_cache' from command line to 'False'
[0.215s] Level 5:colcon.colcon_core.verb:set package 'linorobot2' build argument 'cmake_clean_first' from command line to 'False'
[0.215s] Level 5:colcon.colcon_core.verb:set package 'linorobot2' build argument 'cmake_force_configure' from command line to 'False'
[0.215s] Level 5:colcon.colcon_core.verb:set package 'linorobot2' build argument 'ament_cmake_args' from command line to 'None'
[0.215s] Level 5:colcon.colcon_core.verb:set package 'linorobot2' build argument 'catkin_cmake_args' from command line to 'None'
[0.215s] Level 5:colcon.colcon_core.verb:set package 'linorobot2' build argument 'catkin_skip_building_tests' from command line to 'False'
[0.215s] DEBUG:colcon.colcon_core.verb:Building package 'linorobot2' with the following arguments: {'ament_cmake_args': None, 'build_base': '/home/tuanmac/linorobot2_ws/build/linorobot2', 'catkin_cmake_args': None, 'catkin_skip_building_tests': False, 'cmake_args': None, 'cmake_clean_cache': False, 'cmake_clean_first': False, 'cmake_force_configure': False, 'cmake_target': None, 'cmake_target_skip_unavailable': False, 'install_base': '/home/tuanmac/linorobot2_ws/install/linorobot2', 'merge_install': False, 'path': '/home/tuanmac/linorobot2_ws/src/linorobot2-humble/linorobot2', 'symlink_install': True, 'test_result_base': None}
[0.216s] Level 5:colcon.colcon_core.verb:set package 'linorobot2_base' build argument 'cmake_args' from command line to 'None'
[0.216s] Level 5:colcon.colcon_core.verb:set package 'linorobot2_base' build argument 'cmake_target' from command line to 'None'
[0.216s] Level 5:colcon.colcon_core.verb:set package 'linorobot2_base' build argument 'cmake_target_skip_unavailable' from command line to 'False'
[0.216s] Level 5:colcon.colcon_core.verb:set package 'linorobot2_base' build argument 'cmake_clean_cache' from command line to 'False'
[0.216s] Level 5:colcon.colcon_core.verb:set package 'linorobot2_base' build argument 'cmake_clean_first' from command line to 'False'
[0.216s] Level 5:colcon.colcon_core.verb:set package 'linorobot2_base' build argument 'cmake_force_configure' from command line to 'False'
[0.216s] Level 5:colcon.colcon_core.verb:set package 'linorobot2_base' build argument 'ament_cmake_args' from command line to 'None'
[0.216s] Level 5:colcon.colcon_core.verb:set package 'linorobot2_base' build argument 'catkin_cmake_args' from command line to 'None'
[0.216s] Level 5:colcon.colcon_core.verb:set package 'linorobot2_base' build argument 'catkin_skip_building_tests' from command line to 'False'
[0.216s] DEBUG:colcon.colcon_core.verb:Building package 'linorobot2_base' with the following arguments: {'ament_cmake_args': None, 'build_base': '/home/tuanmac/linorobot2_ws/build/linorobot2_base', 'catkin_cmake_args': None, 'catkin_skip_building_tests': False, 'cmake_args': None, 'cmake_clean_cache': False, 'cmake_clean_first': False, 'cmake_force_configure': False, 'cmake_target': None, 'cmake_target_skip_unavailable': False, 'install_base': '/home/tuanmac/linorobot2_ws/install/linorobot2_base', 'merge_install': False, 'path': '/home/tuanmac/linorobot2_ws/src/linorobot2-humble/linorobot2_base', 'symlink_install': True, 'test_result_base': None}
[0.216s] Level 5:colcon.colcon_core.verb:set package 'linorobot2_bringup' build argument 'cmake_args' from command line to 'None'
[0.216s] Level 5:colcon.colcon_core.verb:set package 'linorobot2_bringup' build argument 'cmake_target' from command line to 'None'
[0.216s] Level 5:colcon.colcon_core.verb:set package 'linorobot2_bringup' build argument 'cmake_target_skip_unavailable' from command line to 'False'
[0.216s] Level 5:colcon.colcon_core.verb:set package 'linorobot2_bringup' build argument 'cmake_clean_cache' from command line to 'False'
[0.216s] Level 5:colcon.colcon_core.verb:set package 'linorobot2_bringup' build argument 'cmake_clean_first' from command line to 'False'
[0.216s] Level 5:colcon.colcon_core.verb:set package 'linorobot2_bringup' build argument 'cmake_force_configure' from command line to 'False'
[0.216s] Level 5:colcon.colcon_core.verb:set package 'linorobot2_bringup' build argument 'ament_cmake_args' from command line to 'None'
[0.216s] Level 5:colcon.colcon_core.verb:set package 'linorobot2_bringup' build argument 'catkin_cmake_args' from command line to 'None'
[0.216s] Level 5:colcon.colcon_core.verb:set package 'linorobot2_bringup' build argument 'catkin_skip_building_tests' from command line to 'False'
[0.216s] DEBUG:colcon.colcon_core.verb:Building package 'linorobot2_bringup' with the following arguments: {'ament_cmake_args': None, 'build_base': '/home/tuanmac/linorobot2_ws/build/linorobot2_bringup', 'catkin_cmake_args': None, 'catkin_skip_building_tests': False, 'cmake_args': None, 'cmake_clean_cache': False, 'cmake_clean_first': False, 'cmake_force_configure': False, 'cmake_target': None, 'cmake_target_skip_unavailable': False, 'install_base': '/home/tuanmac/linorobot2_ws/install/linorobot2_bringup', 'merge_install': False, 'path': '/home/tuanmac/linorobot2_ws/src/linorobot2-humble/linorobot2_bringup', 'symlink_install': True, 'test_result_base': None}
[0.216s] Level 5:colcon.colcon_core.verb:set package 'linorobot2_description' build argument 'cmake_args' from command line to 'None'
[0.216s] Level 5:colcon.colcon_core.verb:set package 'linorobot2_description' build argument 'cmake_target' from command line to 'None'
[0.216s] Level 5:colcon.colcon_core.verb:set package 'linorobot2_description' build argument 'cmake_target_skip_unavailable' from command line to 'False'
[0.216s] Level 5:colcon.colcon_core.verb:set package 'linorobot2_description' build argument 'cmake_clean_cache' from command line to 'False'
[0.216s] Level 5:colcon.colcon_core.verb:set package 'linorobot2_description' build argument 'cmake_clean_first' from command line to 'False'
[0.216s] Level 5:colcon.colcon_core.verb:set package 'linorobot2_description' build argument 'cmake_force_configure' from command line to 'False'
[0.216s] Level 5:colcon.colcon_core.verb:set package 'linorobot2_description' build argument 'ament_cmake_args' from command line to 'None'
[0.216s] Level 5:colcon.colcon_core.verb:set package 'linorobot2_description' build argument 'catkin_cmake_args' from command line to 'None'
[0.216s] Level 5:colcon.colcon_core.verb:set package 'linorobot2_description' build argument 'catkin_skip_building_tests' from command line to 'False'
[0.216s] DEBUG:colcon.colcon_core.verb:Building package 'linorobot2_description' with the following arguments: {'ament_cmake_args': None, 'build_base': '/home/tuanmac/linorobot2_ws/build/linorobot2_description', 'catkin_cmake_args': None, 'catkin_skip_building_tests': False, 'cmake_args': None, 'cmake_clean_cache': False, 'cmake_clean_first': False, 'cmake_force_configure': False, 'cmake_target': None, 'cmake_target_skip_unavailable': False, 'install_base': '/home/tuanmac/linorobot2_ws/install/linorobot2_description', 'merge_install': False, 'path': '/home/tuanmac/linorobot2_ws/src/linorobot2-humble/linorobot2_description', 'symlink_install': True, 'test_result_base': None}
[0.217s] Level 5:colcon.colcon_core.verb:set package 'linorobot2_gazebo' build argument 'cmake_args' from command line to 'None'
[0.217s] Level 5:colcon.colcon_core.verb:set package 'linorobot2_gazebo' build argument 'cmake_target' from command line to 'None'
[0.217s] Level 5:colcon.colcon_core.verb:set package 'linorobot2_gazebo' build argument 'cmake_target_skip_unavailable' from command line to 'False'
[0.217s] Level 5:colcon.colcon_core.verb:set package 'linorobot2_gazebo' build argument 'cmake_clean_cache' from command line to 'False'
[0.217s] Level 5:colcon.colcon_core.verb:set package 'linorobot2_gazebo' build argument 'cmake_clean_first' from command line to 'False'
[0.217s] Level 5:colcon.colcon_core.verb:set package 'linorobot2_gazebo' build argument 'cmake_force_configure' from command line to 'False'
[0.217s] Level 5:colcon.colcon_core.verb:set package 'linorobot2_gazebo' build argument 'ament_cmake_args' from command line to 'None'
[0.217s] Level 5:colcon.colcon_core.verb:set package 'linorobot2_gazebo' build argument 'catkin_cmake_args' from command line to 'None'
[0.217s] Level 5:colcon.colcon_core.verb:set package 'linorobot2_gazebo' build argument 'catkin_skip_building_tests' from command line to 'False'
[0.217s] DEBUG:colcon.colcon_core.verb:Building package 'linorobot2_gazebo' with the following arguments: {'ament_cmake_args': None, 'build_base': '/home/tuanmac/linorobot2_ws/build/linorobot2_gazebo', 'catkin_cmake_args': None, 'catkin_skip_building_tests': False, 'cmake_args': None, 'cmake_clean_cache': False, 'cmake_clean_first': False, 'cmake_force_configure': False, 'cmake_target': None, 'cmake_target_skip_unavailable': False, 'install_base': '/home/tuanmac/linorobot2_ws/install/linorobot2_gazebo', 'merge_install': False, 'path': '/home/tuanmac/linorobot2_ws/src/linorobot2-humble/linorobot2_gazebo', 'symlink_install': True, 'test_result_base': None}
[0.217s] Level 5:colcon.colcon_core.verb:set package 'linorobot2_navigation' build argument 'cmake_args' from command line to 'None'
[0.217s] Level 5:colcon.colcon_core.verb:set package 'linorobot2_navigation' build argument 'cmake_target' from command line to 'None'
[0.217s] Level 5:colcon.colcon_core.verb:set package 'linorobot2_navigation' build argument 'cmake_target_skip_unavailable' from command line to 'False'
[0.217s] Level 5:colcon.colcon_core.verb:set package 'linorobot2_navigation' build argument 'cmake_clean_cache' from command line to 'False'
[0.217s] Level 5:colcon.colcon_core.verb:set package 'linorobot2_navigation' build argument 'cmake_clean_first' from command line to 'False'
[0.217s] Level 5:colcon.colcon_core.verb:set package 'linorobot2_navigation' build argument 'cmake_force_configure' from command line to 'False'
[0.217s] Level 5:colcon.colcon_core.verb:set package 'linorobot2_navigation' build argument 'ament_cmake_args' from command line to 'None'
[0.217s] Level 5:colcon.colcon_core.verb:set package 'linorobot2_navigation' build argument 'catkin_cmake_args' from command line to 'None'
[0.217s] Level 5:colcon.colcon_core.verb:set package 'linorobot2_navigation' build argument 'catkin_skip_building_tests' from command line to 'False'
[0.217s] DEBUG:colcon.colcon_core.verb:Building package 'linorobot2_navigation' with the following arguments: {'ament_cmake_args': None, 'build_base': '/home/tuanmac/linorobot2_ws/build/linorobot2_navigation', 'catkin_cmake_args': None, 'catkin_skip_building_tests': False, 'cmake_args': None, 'cmake_clean_cache': False, 'cmake_clean_first': False, 'cmake_force_configure': False, 'cmake_target': None, 'cmake_target_skip_unavailable': False, 'install_base': '/home/tuanmac/linorobot2_ws/install/linorobot2_navigation', 'merge_install': False, 'path': '/home/tuanmac/linorobot2_ws/src/linorobot2-humble/linorobot2_navigation', 'symlink_install': True, 'test_result_base': None}
[0.217s] INFO:colcon.colcon_core.executor:Executing jobs using 'parallel' executor
[0.218s] DEBUG:colcon.colcon_parallel_executor.executor.parallel:run_until_complete
[0.218s] INFO:colcon.colcon_ros.task.ament_cmake.build:Building ROS package in '/home/tuanmac/linorobot2_ws/src/linorobot2-humble/linorobot2' with build type 'ament_cmake'
[0.218s] INFO:colcon.colcon_cmake.task.cmake.build:Building CMake package in '/home/tuanmac/linorobot2_ws/src/linorobot2-humble/linorobot2'
[0.219s] INFO:colcon.colcon_core.plugin_system:Skipping extension 'colcon_core.shell.bat': Not used on non-Windows systems
[0.219s] INFO:colcon.colcon_core.shell:Skip shell extension 'powershell' for command environment: Not usable outside of PowerShell
[0.220s] DEBUG:colcon.colcon_core.shell:Skip shell extension 'dsv' for command environment
[0.222s] INFO:colcon.colcon_ros.task.ament_cmake.build:Building ROS package in '/home/tuanmac/linorobot2_ws/src/linorobot2-humble/linorobot2_base' with build type 'ament_cmake'
[0.222s] INFO:colcon.colcon_cmake.task.cmake.build:Building CMake package in '/home/tuanmac/linorobot2_ws/src/linorobot2-humble/linorobot2_base'
[0.222s] INFO:colcon.colcon_core.shell:Skip shell extension 'powershell' for command environment: Not usable outside of PowerShell
[0.222s] DEBUG:colcon.colcon_core.shell:Skip shell extension 'dsv' for command environment
[0.224s] INFO:colcon.colcon_ros.task.ament_cmake.build:Building ROS package in '/home/tuanmac/linorobot2_ws/src/linorobot2-humble/linorobot2_bringup' with build type 'ament_cmake'
[0.224s] INFO:colcon.colcon_cmake.task.cmake.build:Building CMake package in '/home/tuanmac/linorobot2_ws/src/linorobot2-humble/linorobot2_bringup'
[0.225s] INFO:colcon.colcon_core.shell:Skip shell extension 'powershell' for command environment: Not usable outside of PowerShell
[0.225s] DEBUG:colcon.colcon_core.shell:Skip shell extension 'dsv' for command environment
[0.227s] INFO:colcon.colcon_ros.task.ament_cmake.build:Building ROS package in '/home/tuanmac/linorobot2_ws/src/linorobot2-humble/linorobot2_description' with build type 'ament_cmake'
[0.227s] INFO:colcon.colcon_cmake.task.cmake.build:Building CMake package in '/home/tuanmac/linorobot2_ws/src/linorobot2-humble/linorobot2_description'
[0.227s] INFO:colcon.colcon_core.shell:Skip shell extension 'powershell' for command environment: Not usable outside of PowerShell
[0.227s] DEBUG:colcon.colcon_core.shell:Skip shell extension 'dsv' for command environment
[0.229s] INFO:colcon.colcon_ros.task.ament_cmake.build:Building ROS package in '/home/tuanmac/linorobot2_ws/src/linorobot2-humble/linorobot2_gazebo' with build type 'ament_cmake'
[0.229s] INFO:colcon.colcon_cmake.task.cmake.build:Building CMake package in '/home/tuanmac/linorobot2_ws/src/linorobot2-humble/linorobot2_gazebo'
[0.229s] INFO:colcon.colcon_core.shell:Skip shell extension 'powershell' for command environment: Not usable outside of PowerShell
[0.229s] DEBUG:colcon.colcon_core.shell:Skip shell extension 'dsv' for command environment
[0.231s] INFO:colcon.colcon_ros.task.ament_cmake.build:Building ROS package in '/home/tuanmac/linorobot2_ws/src/linorobot2-humble/linorobot2_navigation' with build type 'ament_cmake'
[0.231s] INFO:colcon.colcon_cmake.task.cmake.build:Building CMake package in '/home/tuanmac/linorobot2_ws/src/linorobot2-humble/linorobot2_navigation'
[0.231s] INFO:colcon.colcon_core.shell:Skip shell extension 'powershell' for command environment: Not usable outside of PowerShell
[0.231s] DEBUG:colcon.colcon_core.shell:Skip shell extension 'dsv' for command environment
[0.237s] DEBUG:colcon.colcon_core.event_handler.log_command:Invoking command in '/home/tuanmac/linorobot2_ws/build/linorobot2': CMAKE_PREFIX_PATH=${CMAKE_PREFIX_PATH}:/home/tuanmac/ros2_ws/install/my_robot_controllr:/opt/ros/humble /usr/bin/cmake --build /home/tuanmac/linorobot2_ws/build/linorobot2 -- -j16 -l16
[0.239s] DEBUG:colcon.colcon_core.event_handler.log_command:Invoking command in '/home/tuanmac/linorobot2_ws/build/linorobot2_base': CMAKE_PREFIX_PATH=${CMAKE_PREFIX_PATH}:/home/tuanmac/ros2_ws/install/my_robot_controllr:/opt/ros/humble /usr/bin/cmake --build /home/tuanmac/linorobot2_ws/build/linorobot2_base -- -j16 -l16
[0.240s] DEBUG:colcon.colcon_core.event_handler.log_command:Invoking command in '/home/tuanmac/linorobot2_ws/build/linorobot2_bringup': CMAKE_PREFIX_PATH=${CMAKE_PREFIX_PATH}:/home/tuanmac/ros2_ws/install/my_robot_controllr:/opt/ros/humble /usr/bin/cmake --build /home/tuanmac/linorobot2_ws/build/linorobot2_bringup -- -j16 -l16
[0.242s] DEBUG:colcon.colcon_core.event_handler.log_command:Invoking command in '/home/tuanmac/linorobot2_ws/build/linorobot2_description': CMAKE_PREFIX_PATH=${CMAKE_PREFIX_PATH}:/home/tuanmac/ros2_ws/install/my_robot_controllr:/opt/ros/humble /usr/bin/cmake --build /home/tuanmac/linorobot2_ws/build/linorobot2_description -- -j16 -l16
[0.246s] DEBUG:colcon.colcon_core.event_handler.log_command:Invoking command in '/home/tuanmac/linorobot2_ws/build/linorobot2_gazebo': CMAKE_PREFIX_PATH=${CMAKE_PREFIX_PATH}:/home/tuanmac/ros2_ws/install/my_robot_controllr:/opt/ros/humble /usr/bin/cmake --build /home/tuanmac/linorobot2_ws/build/linorobot2_gazebo -- -j16 -l16
[0.255s] DEBUG:colcon.colcon_core.event_handler.log_command:Invoking command in '/home/tuanmac/linorobot2_ws/build/linorobot2_navigation': CMAKE_PREFIX_PATH=${CMAKE_PREFIX_PATH}:/home/tuanmac/ros2_ws/install/my_robot_controllr:/opt/ros/humble /usr/bin/cmake --build /home/tuanmac/linorobot2_ws/build/linorobot2_navigation -- -j16 -l16
[0.291s] DEBUG:colcon.colcon_core.event_handler.log_command:Invoked command in '/home/tuanmac/linorobot2_ws/build/linorobot2_bringup' returned '0': CMAKE_PREFIX_PATH=${CMAKE_PREFIX_PATH}:/home/tuanmac/ros2_ws/install/my_robot_controllr:/opt/ros/humble /usr/bin/cmake --build /home/tuanmac/linorobot2_ws/build/linorobot2_bringup -- -j16 -l16
[0.299s] DEBUG:colcon.colcon_core.event_handler.log_command:Invoking command in '/home/tuanmac/linorobot2_ws/build/linorobot2_bringup': CMAKE_PREFIX_PATH=${CMAKE_PREFIX_PATH}:/home/tuanmac/ros2_ws/install/my_robot_controllr:/opt/ros/humble /usr/bin/cmake --install /home/tuanmac/linorobot2_ws/build/linorobot2_bringup
[0.300s] DEBUG:colcon.colcon_core.event_handler.log_command:Invoked command in '/home/tuanmac/linorobot2_ws/build/linorobot2' returned '0': CMAKE_PREFIX_PATH=${CMAKE_PREFIX_PATH}:/home/tuanmac/ros2_ws/install/my_robot_controllr:/opt/ros/humble /usr/bin/cmake --build /home/tuanmac/linorobot2_ws/build/linorobot2 -- -j16 -l16
[0.301s] DEBUG:colcon.colcon_core.event_handler.log_command:Invoking command in '/home/tuanmac/linorobot2_ws/build/linorobot2': CMAKE_PREFIX_PATH=${CMAKE_PREFIX_PATH}:/home/tuanmac/ros2_ws/install/my_robot_controllr:/opt/ros/humble /usr/bin/cmake --install /home/tuanmac/linorobot2_ws/build/linorobot2
[0.302s] DEBUG:colcon.colcon_core.event_handler.log_command:Invoked command in '/home/tuanmac/linorobot2_ws/build/linorobot2_base' returned '0': CMAKE_PREFIX_PATH=${CMAKE_PREFIX_PATH}:/home/tuanmac/ros2_ws/install/my_robot_controllr:/opt/ros/humble /usr/bin/cmake --build /home/tuanmac/linorobot2_ws/build/linorobot2_base -- -j16 -l16
[0.303s] DEBUG:colcon.colcon_core.event_handler.log_command:Invoking command in '/home/tuanmac/linorobot2_ws/build/linorobot2_base': CMAKE_PREFIX_PATH=${CMAKE_PREFIX_PATH}:/home/tuanmac/ros2_ws/install/my_robot_controllr:/opt/ros/humble /usr/bin/cmake --install /home/tuanmac/linorobot2_ws/build/linorobot2_base
[0.304s] DEBUG:colcon.colcon_core.event_handler.log_command:Invoked command in '/home/tuanmac/linorobot2_ws/build/linorobot2_gazebo' returned '0': CMAKE_PREFIX_PATH=${CMAKE_PREFIX_PATH}:/home/tuanmac/ros2_ws/install/my_robot_controllr:/opt/ros/humble /usr/bin/cmake --build /home/tuanmac/linorobot2_ws/build/linorobot2_gazebo -- -j16 -l16
[0.305s] DEBUG:colcon.colcon_core.event_handler.log_command:Invoking command in '/home/tuanmac/linorobot2_ws/build/linorobot2_gazebo': CMAKE_PREFIX_PATH=${CMAKE_PREFIX_PATH}:/home/tuanmac/ros2_ws/install/my_robot_controllr:/opt/ros/humble /usr/bin/cmake --install /home/tuanmac/linorobot2_ws/build/linorobot2_gazebo
[0.306s] DEBUG:colcon.colcon_core.event_handler.log_command:Invoked command in '/home/tuanmac/linorobot2_ws/build/linorobot2_description' returned '0': CMAKE_PREFIX_PATH=${CMAKE_PREFIX_PATH}:/home/tuanmac/ros2_ws/install/my_robot_controllr:/opt/ros/humble /usr/bin/cmake --build /home/tuanmac/linorobot2_ws/build/linorobot2_description -- -j16 -l16
[0.308s] DEBUG:colcon.colcon_core.event_handler.log_command:Invoking command in '/home/tuanmac/linorobot2_ws/build/linorobot2_description': CMAKE_PREFIX_PATH=${CMAKE_PREFIX_PATH}:/home/tuanmac/ros2_ws/install/my_robot_controllr:/opt/ros/humble /usr/bin/cmake --install /home/tuanmac/linorobot2_ws/build/linorobot2_description
[0.316s] DEBUG:colcon.colcon_core.event_handler.log_command:Invoked command in '/home/tuanmac/linorobot2_ws/build/linorobot2_navigation' returned '0': CMAKE_PREFIX_PATH=${CMAKE_PREFIX_PATH}:/home/tuanmac/ros2_ws/install/my_robot_controllr:/opt/ros/humble /usr/bin/cmake --build /home/tuanmac/linorobot2_ws/build/linorobot2_navigation -- -j16 -l16
[0.328s] DEBUG:colcon.colcon_core.event_handler.log_command:Invoking command in '/home/tuanmac/linorobot2_ws/build/linorobot2_navigation': CMAKE_PREFIX_PATH=${CMAKE_PREFIX_PATH}:/home/tuanmac/ros2_ws/install/my_robot_controllr:/opt/ros/humble /usr/bin/cmake --install /home/tuanmac/linorobot2_ws/build/linorobot2_navigation
[0.331s] Level 1:colcon.colcon_core.environment:create_environment_scripts_only(linorobot2)
[0.331s] DEBUG:colcon.colcon_core.event_handler.log_command:Invoked command in '/home/tuanmac/linorobot2_ws/build/linorobot2' returned '0': CMAKE_PREFIX_PATH=${CMAKE_PREFIX_PATH}:/home/tuanmac/ros2_ws/install/my_robot_controllr:/opt/ros/humble /usr/bin/cmake --install /home/tuanmac/linorobot2_ws/build/linorobot2
[0.336s] Level 1:colcon.colcon_core.environment:checking '/home/tuanmac/linorobot2_ws/install/linorobot2' for CMake module files
[0.337s] Level 1:colcon.colcon_core.environment:checking '/home/tuanmac/linorobot2_ws/install/linorobot2' for CMake config files
[0.337s] Level 1:colcon.colcon_core.shell:create_environment_hook('linorobot2', 'cmake_prefix_path')
[0.338s] INFO:colcon.colcon_core.shell:Creating environment hook '/home/tuanmac/linorobot2_ws/install/linorobot2/share/linorobot2/hook/cmake_prefix_path.ps1'
[0.339s] INFO:colcon.colcon_core.shell:Creating environment descriptor '/home/tuanmac/linorobot2_ws/install/linorobot2/share/linorobot2/hook/cmake_prefix_path.dsv'
[0.339s] INFO:colcon.colcon_core.shell:Creating environment hook '/home/tuanmac/linorobot2_ws/install/linorobot2/share/linorobot2/hook/cmake_prefix_path.sh'
[0.340s] Level 1:colcon.colcon_core.environment:checking '/home/tuanmac/linorobot2_ws/install/linorobot2/bin'
[0.340s] Level 1:colcon.colcon_core.environment:checking '/home/tuanmac/linorobot2_ws/install/linorobot2/lib/pkgconfig/linorobot2.pc'
[0.340s] Level 1:colcon.colcon_core.environment:checking '/home/tuanmac/linorobot2_ws/install/linorobot2/lib/python3.10/site-packages'
[0.340s] Level 1:colcon.colcon_core.environment:checking '/home/tuanmac/linorobot2_ws/install/linorobot2/bin'
[0.340s] INFO:colcon.colcon_core.shell:Creating package script '/home/tuanmac/linorobot2_ws/install/linorobot2/share/linorobot2/package.ps1'
[0.341s] INFO:colcon.colcon_core.shell:Creating package descriptor '/home/tuanmac/linorobot2_ws/install/linorobot2/share/linorobot2/package.dsv'
[0.341s] INFO:colcon.colcon_core.shell:Creating package script '/home/tuanmac/linorobot2_ws/install/linorobot2/share/linorobot2/package.sh'
[0.342s] INFO:colcon.colcon_core.shell:Creating package script '/home/tuanmac/linorobot2_ws/install/linorobot2/share/linorobot2/package.bash'
[0.342s] INFO:colcon.colcon_core.shell:Creating package script '/home/tuanmac/linorobot2_ws/install/linorobot2/share/linorobot2/package.zsh'
[0.342s] Level 1:colcon.colcon_core.environment:create_file_with_runtime_dependencies(/home/tuanmac/linorobot2_ws/install/linorobot2/share/colcon-core/packages/linorobot2)
[0.343s] Level 1:colcon.colcon_core.environment:create_environment_scripts_only(linorobot2)
[0.343s] Level 1:colcon.colcon_core.environment:checking '/home/tuanmac/linorobot2_ws/install/linorobot2' for CMake module files
[0.343s] Level 1:colcon.colcon_core.environment:checking '/home/tuanmac/linorobot2_ws/install/linorobot2' for CMake config files
[0.343s] Level 1:colcon.colcon_core.shell:create_environment_hook('linorobot2', 'cmake_prefix_path')
[0.343s] INFO:colcon.colcon_core.shell:Creating environment hook '/home/tuanmac/linorobot2_ws/install/linorobot2/share/linorobot2/hook/cmake_prefix_path.ps1'
[0.343s] INFO:colcon.colcon_core.shell:Creating environment descriptor '/home/tuanmac/linorobot2_ws/install/linorobot2/share/linorobot2/hook/cmake_prefix_path.dsv'
[0.344s] INFO:colcon.colcon_core.shell:Creating environment hook '/home/tuanmac/linorobot2_ws/install/linorobot2/share/linorobot2/hook/cmake_prefix_path.sh'
[0.344s] Level 1:colcon.colcon_core.environment:checking '/home/tuanmac/linorobot2_ws/install/linorobot2/bin'
[0.344s] Level 1:colcon.colcon_core.environment:checking '/home/tuanmac/linorobot2_ws/install/linorobot2/lib/pkgconfig/linorobot2.pc'
[0.344s] Level 1:colcon.colcon_core.environment:checking '/home/tuanmac/linorobot2_ws/install/linorobot2/lib/python3.10/site-packages'
[0.344s] Level 1:colcon.colcon_core.environment:checking '/home/tuanmac/linorobot2_ws/install/linorobot2/bin'
[0.344s] INFO:colcon.colcon_core.shell:Creating package script '/home/tuanmac/linorobot2_ws/install/linorobot2/share/linorobot2/package.ps1'
[0.345s] INFO:colcon.colcon_core.shell:Creating package descriptor '/home/tuanmac/linorobot2_ws/install/linorobot2/share/linorobot2/package.dsv'
[0.345s] INFO:colcon.colcon_core.shell:Creating package script '/home/tuanmac/linorobot2_ws/install/linorobot2/share/linorobot2/package.sh'
[0.345s] INFO:colcon.colcon_core.shell:Creating package script '/home/tuanmac/linorobot2_ws/install/linorobot2/share/linorobot2/package.bash'
[0.345s] INFO:colcon.colcon_core.shell:Creating package script '/home/tuanmac/linorobot2_ws/install/linorobot2/share/linorobot2/package.zsh'
[0.346s] Level 1:colcon.colcon_core.environment:create_file_with_runtime_dependencies(/home/tuanmac/linorobot2_ws/install/linorobot2/share/colcon-core/packages/linorobot2)
[0.347s] Level 1:colcon.colcon_core.environment:create_environment_scripts_only(linorobot2_bringup)
[0.348s] DEBUG:colcon.colcon_core.event_handler.log_command:Invoked command in '/home/tuanmac/linorobot2_ws/build/linorobot2_bringup' returned '0': CMAKE_PREFIX_PATH=${CMAKE_PREFIX_PATH}:/home/tuanmac/ros2_ws/install/my_robot_controllr:/opt/ros/humble /usr/bin/cmake --install /home/tuanmac/linorobot2_ws/build/linorobot2_bringup
[0.348s] Level 1:colcon.colcon_core.environment:checking '/home/tuanmac/linorobot2_ws/install/linorobot2_bringup' for CMake module files
[0.349s] Level 1:colcon.colcon_core.environment:checking '/home/tuanmac/linorobot2_ws/install/linorobot2_bringup' for CMake config files
[0.349s] Level 1:colcon.colcon_core.shell:create_environment_hook('linorobot2_bringup', 'cmake_prefix_path')
[0.349s] INFO:colcon.colcon_core.shell:Creating environment hook '/home/tuanmac/linorobot2_ws/install/linorobot2_bringup/share/linorobot2_bringup/hook/cmake_prefix_path.ps1'
[0.350s] INFO:colcon.colcon_core.shell:Creating environment descriptor '/home/tuanmac/linorobot2_ws/install/linorobot2_bringup/share/linorobot2_bringup/hook/cmake_prefix_path.dsv'
[0.350s] INFO:colcon.colcon_core.shell:Creating environment hook '/home/tuanmac/linorobot2_ws/install/linorobot2_bringup/share/linorobot2_bringup/hook/cmake_prefix_path.sh'
[0.351s] Level 1:colcon.colcon_core.environment:checking '/home/tuanmac/linorobot2_ws/install/linorobot2_bringup/bin'
[0.351s] Level 1:colcon.colcon_core.environment:checking '/home/tuanmac/linorobot2_ws/install/linorobot2_bringup/lib/pkgconfig/linorobot2_bringup.pc'
[0.351s] Level 1:colcon.colcon_core.environment:checking '/home/tuanmac/linorobot2_ws/install/linorobot2_bringup/lib/python3.10/site-packages'
[0.352s] Level 1:colcon.colcon_core.environment:checking '/home/tuanmac/linorobot2_ws/install/linorobot2_bringup/bin'
[0.352s] INFO:colcon.colcon_core.shell:Creating package script '/home/tuanmac/linorobot2_ws/install/linorobot2_bringup/share/linorobot2_bringup/package.ps1'
[0.352s] INFO:colcon.colcon_core.shell:Creating package descriptor '/home/tuanmac/linorobot2_ws/install/linorobot2_bringup/share/linorobot2_bringup/package.dsv'
[0.353s] INFO:colcon.colcon_core.shell:Creating package script '/home/tuanmac/linorobot2_ws/install/linorobot2_bringup/share/linorobot2_bringup/package.sh'
[0.353s] INFO:colcon.colcon_core.shell:Creating package script '/home/tuanmac/linorobot2_ws/install/linorobot2_bringup/share/linorobot2_bringup/package.bash'
[0.353s] INFO:colcon.colcon_core.shell:Creating package script '/home/tuanmac/linorobot2_ws/install/linorobot2_bringup/share/linorobot2_bringup/package.zsh'
[0.354s] Level 1:colcon.colcon_core.environment:create_file_with_runtime_dependencies(/home/tuanmac/linorobot2_ws/install/linorobot2_bringup/share/colcon-core/packages/linorobot2_bringup)
[0.354s] Level 1:colcon.colcon_core.environment:create_environment_scripts_only(linorobot2_bringup)
[0.354s] Level 1:colcon.colcon_core.environment:checking '/home/tuanmac/linorobot2_ws/install/linorobot2_bringup' for CMake module files
[0.355s] Level 1:colcon.colcon_core.environment:checking '/home/tuanmac/linorobot2_ws/install/linorobot2_bringup' for CMake config files
[0.355s] Level 1:colcon.colcon_core.shell:create_environment_hook('linorobot2_bringup', 'cmake_prefix_path')
[0.355s] INFO:colcon.colcon_core.shell:Creating environment hook '/home/tuanmac/linorobot2_ws/install/linorobot2_bringup/share/linorobot2_bringup/hook/cmake_prefix_path.ps1'
[0.355s] INFO:colcon.colcon_core.shell:Creating environment descriptor '/home/tuanmac/linorobot2_ws/install/linorobot2_bringup/share/linorobot2_bringup/hook/cmake_prefix_path.dsv'
[0.355s] INFO:colcon.colcon_core.shell:Creating environment hook '/home/tuanmac/linorobot2_ws/install/linorobot2_bringup/share/linorobot2_bringup/hook/cmake_prefix_path.sh'
[0.356s] Level 1:colcon.colcon_core.environment:checking '/home/tuanmac/linorobot2_ws/install/linorobot2_bringup/bin'
[0.356s] Level 1:colcon.colcon_core.environment:checking '/home/tuanmac/linorobot2_ws/install/linorobot2_bringup/lib/pkgconfig/linorobot2_bringup.pc'
[0.356s] Level 1:colcon.colcon_core.environment:checking '/home/tuanmac/linorobot2_ws/install/linorobot2_bringup/lib/python3.10/site-packages'
[0.357s] Level 1:colcon.colcon_core.environment:checking '/home/tuanmac/linorobot2_ws/install/linorobot2_bringup/bin'
[0.357s] INFO:colcon.colcon_core.shell:Creating package script '/home/tuanmac/linorobot2_ws/install/linorobot2_bringup/share/linorobot2_bringup/package.ps1'
[0.357s] INFO:colcon.colcon_core.shell:Creating package descriptor '/home/tuanmac/linorobot2_ws/install/linorobot2_bringup/share/linorobot2_bringup/package.dsv'
[0.358s] INFO:colcon.colcon_core.shell:Creating package script '/home/tuanmac/linorobot2_ws/install/linorobot2_bringup/share/linorobot2_bringup/package.sh'
[0.358s] INFO:colcon.colcon_core.shell:Creating package script '/home/tuanmac/linorobot2_ws/install/linorobot2_bringup/share/linorobot2_bringup/package.bash'
[0.359s] INFO:colcon.colcon_core.shell:Creating package script '/home/tuanmac/linorobot2_ws/install/linorobot2_bringup/share/linorobot2_bringup/package.zsh'
[0.359s] Level 1:colcon.colcon_core.environment:create_file_with_runtime_dependencies(/home/tuanmac/linorobot2_ws/install/linorobot2_bringup/share/colcon-core/packages/linorobot2_bringup)
[0.359s] Level 1:colcon.colcon_core.environment:create_environment_scripts_only(linorobot2_gazebo)
[0.360s] Level 1:colcon.colcon_core.environment:checking '/home/tuanmac/linorobot2_ws/install/linorobot2_gazebo' for CMake module files
[0.361s] DEBUG:colcon.colcon_core.event_handler.log_command:Invoked command in '/home/tuanmac/linorobot2_ws/build/linorobot2_gazebo' returned '0': CMAKE_PREFIX_PATH=${CMAKE_PREFIX_PATH}:/home/tuanmac/ros2_ws/install/my_robot_controllr:/opt/ros/humble /usr/bin/cmake --install /home/tuanmac/linorobot2_ws/build/linorobot2_gazebo
[0.361s] Level 1:colcon.colcon_core.environment:checking '/home/tuanmac/linorobot2_ws/install/linorobot2_gazebo' for CMake config files
[0.361s] Level 1:colcon.colcon_core.shell:create_environment_hook('linorobot2_gazebo', 'cmake_prefix_path')
[0.361s] INFO:colcon.colcon_core.shell:Creating environment hook '/home/tuanmac/linorobot2_ws/install/linorobot2_gazebo/share/linorobot2_gazebo/hook/cmake_prefix_path.ps1'
[0.362s] INFO:colcon.colcon_core.shell:Creating environment descriptor '/home/tuanmac/linorobot2_ws/install/linorobot2_gazebo/share/linorobot2_gazebo/hook/cmake_prefix_path.dsv'
[0.362s] INFO:colcon.colcon_core.shell:Creating environment hook '/home/tuanmac/linorobot2_ws/install/linorobot2_gazebo/share/linorobot2_gazebo/hook/cmake_prefix_path.sh'
[0.363s] Level 1:colcon.colcon_core.environment:checking '/home/tuanmac/linorobot2_ws/install/linorobot2_gazebo/lib'
[0.363s] Level 1:colcon.colcon_core.environment:checking '/home/tuanmac/linorobot2_ws/install/linorobot2_gazebo/bin'
[0.363s] Level 1:colcon.colcon_core.environment:checking '/home/tuanmac/linorobot2_ws/install/linorobot2_gazebo/lib/pkgconfig/linorobot2_gazebo.pc'
[0.363s] Level 1:colcon.colcon_core.environment:checking '/home/tuanmac/linorobot2_ws/install/linorobot2_gazebo/lib/python3.10/site-packages'
[0.364s] Level 1:colcon.colcon_core.environment:checking '/home/tuanmac/linorobot2_ws/install/linorobot2_gazebo/bin'
[0.364s] INFO:colcon.colcon_core.shell:Creating package script '/home/tuanmac/linorobot2_ws/install/linorobot2_gazebo/share/linorobot2_gazebo/package.ps1'
[0.364s] INFO:colcon.colcon_core.shell:Creating package descriptor '/home/tuanmac/linorobot2_ws/install/linorobot2_gazebo/share/linorobot2_gazebo/package.dsv'
[0.365s] INFO:colcon.colcon_core.shell:Creating package script '/home/tuanmac/linorobot2_ws/install/linorobot2_gazebo/share/linorobot2_gazebo/package.sh'
[0.365s] INFO:colcon.colcon_core.shell:Creating package script '/home/tuanmac/linorobot2_ws/install/linorobot2_gazebo/share/linorobot2_gazebo/package.bash'
[0.365s] INFO:colcon.colcon_core.shell:Creating package script '/home/tuanmac/linorobot2_ws/install/linorobot2_gazebo/share/linorobot2_gazebo/package.zsh'
[0.366s] Level 1:colcon.colcon_core.environment:create_file_with_runtime_dependencies(/home/tuanmac/linorobot2_ws/install/linorobot2_gazebo/share/colcon-core/packages/linorobot2_gazebo)
[0.366s] Level 1:colcon.colcon_core.environment:create_environment_scripts_only(linorobot2_gazebo)
[0.366s] Level 1:colcon.colcon_core.environment:checking '/home/tuanmac/linorobot2_ws/install/linorobot2_gazebo' for CMake module files
[0.366s] Level 1:colcon.colcon_core.environment:checking '/home/tuanmac/linorobot2_ws/install/linorobot2_gazebo' for CMake config files
[0.367s] Level 1:colcon.colcon_core.shell:create_environment_hook('linorobot2_gazebo', 'cmake_prefix_path')
[0.367s] INFO:colcon.colcon_core.shell:Creating environment hook '/home/tuanmac/linorobot2_ws/install/linorobot2_gazebo/share/linorobot2_gazebo/hook/cmake_prefix_path.ps1'
[0.367s] INFO:colcon.colcon_core.shell:Creating environment descriptor '/home/tuanmac/linorobot2_ws/install/linorobot2_gazebo/share/linorobot2_gazebo/hook/cmake_prefix_path.dsv'
[0.367s] INFO:colcon.colcon_core.shell:Creating environment hook '/home/tuanmac/linorobot2_ws/install/linorobot2_gazebo/share/linorobot2_gazebo/hook/cmake_prefix_path.sh'
[0.367s] Level 1:colcon.colcon_core.environment:checking '/home/tuanmac/linorobot2_ws/install/linorobot2_gazebo/lib'
[0.367s] Level 1:colcon.colcon_core.environment:checking '/home/tuanmac/linorobot2_ws/install/linorobot2_gazebo/bin'
[0.368s] Level 1:colcon.colcon_core.environment:checking '/home/tuanmac/linorobot2_ws/install/linorobot2_gazebo/lib/pkgconfig/linorobot2_gazebo.pc'
[0.368s] Level 1:colcon.colcon_core.environment:checking '/home/tuanmac/linorobot2_ws/install/linorobot2_gazebo/lib/python3.10/site-packages'
[0.368s] Level 1:colcon.colcon_core.environment:checking '/home/tuanmac/linorobot2_ws/install/linorobot2_gazebo/bin'
[0.368s] INFO:colcon.colcon_core.shell:Creating package script '/home/tuanmac/linorobot2_ws/install/linorobot2_gazebo/share/linorobot2_gazebo/package.ps1'
[0.368s] INFO:colcon.colcon_core.shell:Creating package descriptor '/home/tuanmac/linorobot2_ws/install/linorobot2_gazebo/share/linorobot2_gazebo/package.dsv'
[0.369s] INFO:colcon.colcon_core.shell:Creating package script '/home/tuanmac/linorobot2_ws/install/linorobot2_gazebo/share/linorobot2_gazebo/package.sh'
[0.369s] INFO:colcon.colcon_core.shell:Creating package script '/home/tuanmac/linorobot2_ws/install/linorobot2_gazebo/share/linorobot2_gazebo/package.bash'
[0.369s] INFO:colcon.colcon_core.shell:Creating package script '/home/tuanmac/linorobot2_ws/install/linorobot2_gazebo/share/linorobot2_gazebo/package.zsh'
[0.369s] Level 1:colcon.colcon_core.environment:create_file_with_runtime_dependencies(/home/tuanmac/linorobot2_ws/install/linorobot2_gazebo/share/colcon-core/packages/linorobot2_gazebo)
[0.369s] Level 1:colcon.colcon_core.environment:create_environment_scripts_only(linorobot2_base)
[0.369s] Level 1:colcon.colcon_core.environment:checking '/home/tuanmac/linorobot2_ws/install/linorobot2_base' for CMake module files
[0.370s] DEBUG:colcon.colcon_core.event_handler.log_command:Invoked command in '/home/tuanmac/linorobot2_ws/build/linorobot2_base' returned '0': CMAKE_PREFIX_PATH=${CMAKE_PREFIX_PATH}:/home/tuanmac/ros2_ws/install/my_robot_controllr:/opt/ros/humble /usr/bin/cmake --install /home/tuanmac/linorobot2_ws/build/linorobot2_base
[0.370s] Level 1:colcon.colcon_core.environment:checking '/home/tuanmac/linorobot2_ws/install/linorobot2_base' for CMake config files
[0.370s] Level 1:colcon.colcon_core.shell:create_environment_hook('linorobot2_base', 'cmake_prefix_path')
[0.370s] INFO:colcon.colcon_core.shell:Creating environment hook '/home/tuanmac/linorobot2_ws/install/linorobot2_base/share/linorobot2_base/hook/cmake_prefix_path.ps1'
[0.371s] INFO:colcon.colcon_core.shell:Creating environment descriptor '/home/tuanmac/linorobot2_ws/install/linorobot2_base/share/linorobot2_base/hook/cmake_prefix_path.dsv'
[0.371s] INFO:colcon.colcon_core.shell:Creating environment hook '/home/tuanmac/linorobot2_ws/install/linorobot2_base/share/linorobot2_base/hook/cmake_prefix_path.sh'
[0.371s] Level 1:colcon.colcon_core.environment:checking '/home/tuanmac/linorobot2_ws/install/linorobot2_base/bin'
[0.371s] Level 1:colcon.colcon_core.environment:checking '/home/tuanmac/linorobot2_ws/install/linorobot2_base/lib/pkgconfig/linorobot2_base.pc'
[0.371s] Level 1:colcon.colcon_core.environment:checking '/home/tuanmac/linorobot2_ws/install/linorobot2_base/lib/python3.10/site-packages'
[0.371s] Level 1:colcon.colcon_core.environment:checking '/home/tuanmac/linorobot2_ws/install/linorobot2_base/bin'
[0.372s] INFO:colcon.colcon_core.shell:Creating package script '/home/tuanmac/linorobot2_ws/install/linorobot2_base/share/linorobot2_base/package.ps1'
[0.372s] INFO:colcon.colcon_core.shell:Creating package descriptor '/home/tuanmac/linorobot2_ws/install/linorobot2_base/share/linorobot2_base/package.dsv'
[0.372s] INFO:colcon.colcon_core.shell:Creating package script '/home/tuanmac/linorobot2_ws/install/linorobot2_base/share/linorobot2_base/package.sh'
[0.372s] INFO:colcon.colcon_core.shell:Creating package script '/home/tuanmac/linorobot2_ws/install/linorobot2_base/share/linorobot2_base/package.bash'
[0.372s] INFO:colcon.colcon_core.shell:Creating package script '/home/tuanmac/linorobot2_ws/install/linorobot2_base/share/linorobot2_base/package.zsh'
[0.373s] Level 1:colcon.colcon_core.environment:create_file_with_runtime_dependencies(/home/tuanmac/linorobot2_ws/install/linorobot2_base/share/colcon-core/packages/linorobot2_base)
[0.373s] Level 1:colcon.colcon_core.environment:create_environment_scripts_only(linorobot2_base)
[0.373s] Level 1:colcon.colcon_core.environment:checking '/home/tuanmac/linorobot2_ws/install/linorobot2_base' for CMake module files
[0.373s] Level 1:colcon.colcon_core.environment:checking '/home/tuanmac/linorobot2_ws/install/linorobot2_base' for CMake config files
[0.373s] Level 1:colcon.colcon_core.shell:create_environment_hook('linorobot2_base', 'cmake_prefix_path')
[0.374s] INFO:colcon.colcon_core.shell:Creating environment hook '/home/tuanmac/linorobot2_ws/install/linorobot2_base/share/linorobot2_base/hook/cmake_prefix_path.ps1'
[0.374s] INFO:colcon.colcon_core.shell:Creating environment descriptor '/home/tuanmac/linorobot2_ws/install/linorobot2_base/share/linorobot2_base/hook/cmake_prefix_path.dsv'
[0.374s] INFO:colcon.colcon_core.shell:Creating environment hook '/home/tuanmac/linorobot2_ws/install/linorobot2_base/share/linorobot2_base/hook/cmake_prefix_path.sh'
[0.374s] Level 1:colcon.colcon_core.environment:checking '/home/tuanmac/linorobot2_ws/install/linorobot2_base/bin'
[0.374s] Level 1:colcon.colcon_core.environment:checking '/home/tuanmac/linorobot2_ws/install/linorobot2_base/lib/pkgconfig/linorobot2_base.pc'
[0.374s] Level 1:colcon.colcon_core.environment:checking '/home/tuanmac/linorobot2_ws/install/linorobot2_base/lib/python3.10/site-packages'
[0.375s] Level 1:colcon.colcon_core.environment:checking '/home/tuanmac/linorobot2_ws/install/linorobot2_base/bin'
[0.375s] INFO:colcon.colcon_core.shell:Creating package script '/home/tuanmac/linorobot2_ws/install/linorobot2_base/share/linorobot2_base/package.ps1'
[0.375s] INFO:colcon.colcon_core.shell:Creating package descriptor '/home/tuanmac/linorobot2_ws/install/linorobot2_base/share/linorobot2_base/package.dsv'
[0.375s] INFO:colcon.colcon_core.shell:Creating package script '/home/tuanmac/linorobot2_ws/install/linorobot2_base/share/linorobot2_base/package.sh'
[0.376s] INFO:colcon.colcon_core.shell:Creating package script '/home/tuanmac/linorobot2_ws/install/linorobot2_base/share/linorobot2_base/package.bash'
[0.376s] INFO:colcon.colcon_core.shell:Creating package script '/home/tuanmac/linorobot2_ws/install/linorobot2_base/share/linorobot2_base/package.zsh'
[0.376s] Level 1:colcon.colcon_core.environment:create_file_with_runtime_dependencies(/home/tuanmac/linorobot2_ws/install/linorobot2_base/share/colcon-core/packages/linorobot2_base)
[0.377s] Level 1:colcon.colcon_core.environment:create_environment_scripts_only(linorobot2_description)
[0.377s] Level 1:colcon.colcon_core.environment:checking '/home/tuanmac/linorobot2_ws/install/linorobot2_description' for CMake module files
[0.377s] DEBUG:colcon.colcon_core.event_handler.log_command:Invoked command in '/home/tuanmac/linorobot2_ws/build/linorobot2_description' returned '0': CMAKE_PREFIX_PATH=${CMAKE_PREFIX_PATH}:/home/tuanmac/ros2_ws/install/my_robot_controllr:/opt/ros/humble /usr/bin/cmake --install /home/tuanmac/linorobot2_ws/build/linorobot2_description
[0.377s] Level 1:colcon.colcon_core.environment:checking '/home/tuanmac/linorobot2_ws/install/linorobot2_description' for CMake config files
[0.378s] Level 1:colcon.colcon_core.shell:create_environment_hook('linorobot2_description', 'cmake_prefix_path')
[0.378s] INFO:colcon.colcon_core.shell:Creating environment hook '/home/tuanmac/linorobot2_ws/install/linorobot2_description/share/linorobot2_description/hook/cmake_prefix_path.ps1'
[0.378s] INFO:colcon.colcon_core.shell:Creating environment descriptor '/home/tuanmac/linorobot2_ws/install/linorobot2_description/share/linorobot2_description/hook/cmake_prefix_path.dsv'
[0.379s] INFO:colcon.colcon_core.shell:Creating environment hook '/home/tuanmac/linorobot2_ws/install/linorobot2_description/share/linorobot2_description/hook/cmake_prefix_path.sh'
[0.379s] Level 1:colcon.colcon_core.environment:checking '/home/tuanmac/linorobot2_ws/install/linorobot2_description/bin'
[0.379s] Level 1:colcon.colcon_core.environment:checking '/home/tuanmac/linorobot2_ws/install/linorobot2_description/lib/pkgconfig/linorobot2_description.pc'
[0.379s] Level 1:colcon.colcon_core.environment:checking '/home/tuanmac/linorobot2_ws/install/linorobot2_description/lib/python3.10/site-packages'
[0.379s] Level 1:colcon.colcon_core.environment:checking '/home/tuanmac/linorobot2_ws/install/linorobot2_description/bin'
[0.380s] INFO:colcon.colcon_core.shell:Creating package script '/home/tuanmac/linorobot2_ws/install/linorobot2_description/share/linorobot2_description/package.ps1'
[0.380s] INFO:colcon.colcon_core.shell:Creating package descriptor '/home/tuanmac/linorobot2_ws/install/linorobot2_description/share/linorobot2_description/package.dsv'
[0.380s] INFO:colcon.colcon_core.shell:Creating package script '/home/tuanmac/linorobot2_ws/install/linorobot2_description/share/linorobot2_description/package.sh'
[0.380s] INFO:colcon.colcon_core.shell:Creating package script '/home/tuanmac/linorobot2_ws/install/linorobot2_description/share/linorobot2_description/package.bash'
[0.381s] INFO:colcon.colcon_core.shell:Creating package script '/home/tuanmac/linorobot2_ws/install/linorobot2_description/share/linorobot2_description/package.zsh'
[0.381s] Level 1:colcon.colcon_core.environment:create_file_with_runtime_dependencies(/home/tuanmac/linorobot2_ws/install/linorobot2_description/share/colcon-core/packages/linorobot2_description)
[0.381s] Level 1:colcon.colcon_core.environment:create_environment_scripts_only(linorobot2_description)
[0.381s] Level 1:colcon.colcon_core.environment:checking '/home/tuanmac/linorobot2_ws/install/linorobot2_description' for CMake module files
[0.382s] Level 1:colcon.colcon_core.environment:checking '/home/tuanmac/linorobot2_ws/install/linorobot2_description' for CMake config files
[0.382s] Level 1:colcon.colcon_core.shell:create_environment_hook('linorobot2_description', 'cmake_prefix_path')
[0.382s] INFO:colcon.colcon_core.shell:Creating environment hook '/home/tuanmac/linorobot2_ws/install/linorobot2_description/share/linorobot2_description/hook/cmake_prefix_path.ps1'
[0.382s] INFO:colcon.colcon_core.shell:Creating environment descriptor '/home/tuanmac/linorobot2_ws/install/linorobot2_description/share/linorobot2_description/hook/cmake_prefix_path.dsv'
[0.383s] INFO:colcon.colcon_core.shell:Creating environment hook '/home/tuanmac/linorobot2_ws/install/linorobot2_description/share/linorobot2_description/hook/cmake_prefix_path.sh'
[0.383s] Level 1:colcon.colcon_core.environment:checking '/home/tuanmac/linorobot2_ws/install/linorobot2_description/bin'
[0.383s] Level 1:colcon.colcon_core.environment:checking '/home/tuanmac/linorobot2_ws/install/linorobot2_description/lib/pkgconfig/linorobot2_description.pc'
[0.383s] Level 1:colcon.colcon_core.environment:checking '/home/tuanmac/linorobot2_ws/install/linorobot2_description/lib/python3.10/site-packages'
[0.383s] Level 1:colcon.colcon_core.environment:checking '/home/tuanmac/linorobot2_ws/install/linorobot2_description/bin'
[0.383s] INFO:colcon.colcon_core.shell:Creating package script '/home/tuanmac/linorobot2_ws/install/linorobot2_description/share/linorobot2_description/package.ps1'
[0.384s] INFO:colcon.colcon_core.shell:Creating package descriptor '/home/tuanmac/linorobot2_ws/install/linorobot2_description/share/linorobot2_description/package.dsv'
[0.384s] INFO:colcon.colcon_core.shell:Creating package script '/home/tuanmac/linorobot2_ws/install/linorobot2_description/share/linorobot2_description/package.sh'
[0.384s] INFO:colcon.colcon_core.shell:Creating package script '/home/tuanmac/linorobot2_ws/install/linorobot2_description/share/linorobot2_description/package.bash'
[0.384s] INFO:colcon.colcon_core.shell:Creating package script '/home/tuanmac/linorobot2_ws/install/linorobot2_description/share/linorobot2_description/package.zsh'
[0.384s] Level 1:colcon.colcon_core.environment:create_file_with_runtime_dependencies(/home/tuanmac/linorobot2_ws/install/linorobot2_description/share/colcon-core/packages/linorobot2_description)
[0.385s] Level 1:colcon.colcon_core.environment:create_environment_scripts_only(linorobot2_navigation)
[0.385s] Level 1:colcon.colcon_core.environment:checking '/home/tuanmac/linorobot2_ws/install/linorobot2_navigation' for CMake module files
[0.385s] DEBUG:colcon.colcon_core.event_handler.log_command:Invoked command in '/home/tuanmac/linorobot2_ws/build/linorobot2_navigation' returned '0': CMAKE_PREFIX_PATH=${CMAKE_PREFIX_PATH}:/home/tuanmac/ros2_ws/install/my_robot_controllr:/opt/ros/humble /usr/bin/cmake --install /home/tuanmac/linorobot2_ws/build/linorobot2_navigation
[0.385s] Level 1:colcon.colcon_core.environment:checking '/home/tuanmac/linorobot2_ws/install/linorobot2_navigation' for CMake config files
[0.386s] Level 1:colcon.colcon_core.shell:create_environment_hook('linorobot2_navigation', 'cmake_prefix_path')
[0.386s] INFO:colcon.colcon_core.shell:Creating environment hook '/home/tuanmac/linorobot2_ws/install/linorobot2_navigation/share/linorobot2_navigation/hook/cmake_prefix_path.ps1'
[0.386s] INFO:colcon.colcon_core.shell:Creating environment descriptor '/home/tuanmac/linorobot2_ws/install/linorobot2_navigation/share/linorobot2_navigation/hook/cmake_prefix_path.dsv'
[0.386s] INFO:colcon.colcon_core.shell:Creating environment hook '/home/tuanmac/linorobot2_ws/install/linorobot2_navigation/share/linorobot2_navigation/hook/cmake_prefix_path.sh'
[0.387s] Level 1:colcon.colcon_core.environment:checking '/home/tuanmac/linorobot2_ws/install/linorobot2_navigation/bin'
[0.387s] Level 1:colcon.colcon_core.environment:checking '/home/tuanmac/linorobot2_ws/install/linorobot2_navigation/lib/pkgconfig/linorobot2_navigation.pc'
[0.387s] Level 1:colcon.colcon_core.environment:checking '/home/tuanmac/linorobot2_ws/install/linorobot2_navigation/lib/python3.10/site-packages'
[0.387s] Level 1:colcon.colcon_core.environment:checking '/home/tuanmac/linorobot2_ws/install/linorobot2_navigation/bin'
[0.387s] INFO:colcon.colcon_core.shell:Creating package script '/home/tuanmac/linorobot2_ws/install/linorobot2_navigation/share/linorobot2_navigation/package.ps1'
[0.388s] INFO:colcon.colcon_core.shell:Creating package descriptor '/home/tuanmac/linorobot2_ws/install/linorobot2_navigation/share/linorobot2_navigation/package.dsv'
[0.388s] INFO:colcon.colcon_core.shell:Creating package script '/home/tuanmac/linorobot2_ws/install/linorobot2_navigation/share/linorobot2_navigation/package.sh'
[0.388s] INFO:colcon.colcon_core.shell:Creating package script '/home/tuanmac/linorobot2_ws/install/linorobot2_navigation/share/linorobot2_navigation/package.bash'
[0.388s] INFO:colcon.colcon_core.shell:Creating package script '/home/tuanmac/linorobot2_ws/install/linorobot2_navigation/share/linorobot2_navigation/package.zsh'
[0.388s] Level 1:colcon.colcon_core.environment:create_file_with_runtime_dependencies(/home/tuanmac/linorobot2_ws/install/linorobot2_navigation/share/colcon-core/packages/linorobot2_navigation)
[0.389s] Level 1:colcon.colcon_core.environment:create_environment_scripts_only(linorobot2_navigation)
[0.389s] Level 1:colcon.colcon_core.environment:checking '/home/tuanmac/linorobot2_ws/install/linorobot2_navigation' for CMake module files
[0.389s] Level 1:colcon.colcon_core.environment:checking '/home/tuanmac/linorobot2_ws/install/linorobot2_navigation' for CMake config files
[0.389s] Level 1:colcon.colcon_core.shell:create_environment_hook('linorobot2_navigation', 'cmake_prefix_path')
[0.389s] INFO:colcon.colcon_core.shell:Creating environment hook '/home/tuanmac/linorobot2_ws/install/linorobot2_navigation/share/linorobot2_navigation/hook/cmake_prefix_path.ps1'
[0.390s] INFO:colcon.colcon_core.shell:Creating environment descriptor '/home/tuanmac/linorobot2_ws/install/linorobot2_navigation/share/linorobot2_navigation/hook/cmake_prefix_path.dsv'
[0.390s] INFO:colcon.colcon_core.shell:Creating environment hook '/home/tuanmac/linorobot2_ws/install/linorobot2_navigation/share/linorobot2_navigation/hook/cmake_prefix_path.sh'
[0.390s] Level 1:colcon.colcon_core.environment:checking '/home/tuanmac/linorobot2_ws/install/linorobot2_navigation/bin'
[0.390s] Level 1:colcon.colcon_core.environment:checking '/home/tuanmac/linorobot2_ws/install/linorobot2_navigation/lib/pkgconfig/linorobot2_navigation.pc'
[0.390s] Level 1:colcon.colcon_core.environment:checking '/home/tuanmac/linorobot2_ws/install/linorobot2_navigation/lib/python3.10/site-packages'
[0.391s] Level 1:colcon.colcon_core.environment:checking '/home/tuanmac/linorobot2_ws/install/linorobot2_navigation/bin'
[0.391s] INFO:colcon.colcon_core.shell:Creating package script '/home/tuanmac/linorobot2_ws/install/linorobot2_navigation/share/linorobot2_navigation/package.ps1'
[0.391s] INFO:colcon.colcon_core.shell:Creating package descriptor '/home/tuanmac/linorobot2_ws/install/linorobot2_navigation/share/linorobot2_navigation/package.dsv'
[0.391s] INFO:colcon.colcon_core.shell:Creating package script '/home/tuanmac/linorobot2_ws/install/linorobot2_navigation/share/linorobot2_navigation/package.sh'
[0.392s] INFO:colcon.colcon_core.shell:Creating package script '/home/tuanmac/linorobot2_ws/install/linorobot2_navigation/share/linorobot2_navigation/package.bash'
[0.392s] INFO:colcon.colcon_core.shell:Creating package script '/home/tuanmac/linorobot2_ws/install/linorobot2_navigation/share/linorobot2_navigation/package.zsh'
[0.392s] Level 1:colcon.colcon_core.environment:create_file_with_runtime_dependencies(/home/tuanmac/linorobot2_ws/install/linorobot2_navigation/share/colcon-core/packages/linorobot2_navigation)
[0.392s] DEBUG:colcon.colcon_parallel_executor.executor.parallel:closing loop
[0.393s] DEBUG:colcon.colcon_parallel_executor.executor.parallel:loop closed
[0.393s] DEBUG:colcon.colcon_parallel_executor.executor.parallel:run_until_complete finished with '0'
[0.393s] DEBUG:colcon.colcon_core.event_reactor:joining thread
[0.397s] INFO:colcon.colcon_core.plugin_system:Skipping extension 'colcon_notification.desktop_notification.terminal_notifier': Not used on non-Darwin systems
[0.397s] INFO:colcon.colcon_core.plugin_system:Skipping extension 'colcon_notification.desktop_notification.win32': Not used on non-Windows systems
[0.397s] INFO:colcon.colcon_notification.desktop_notification:Sending desktop notification using 'notify2'
[0.406s] DEBUG:colcon.colcon_core.event_reactor:joined thread
[0.406s] INFO:colcon.colcon_core.shell:Creating prefix script '/home/tuanmac/linorobot2_ws/install/local_setup.ps1'
[0.406s] INFO:colcon.colcon_core.shell:Creating prefix util module '/home/tuanmac/linorobot2_ws/install/_local_setup_util_ps1.py'
[0.407s] INFO:colcon.colcon_core.shell:Creating prefix chain script '/home/tuanmac/linorobot2_ws/install/setup.ps1'
[0.408s] INFO:colcon.colcon_core.shell:Creating prefix script '/home/tuanmac/linorobot2_ws/install/local_setup.sh'
[0.408s] INFO:colcon.colcon_core.shell:Creating prefix util module '/home/tuanmac/linorobot2_ws/install/_local_setup_util_sh.py'
[0.409s] INFO:colcon.colcon_core.shell:Creating prefix chain script '/home/tuanmac/linorobot2_ws/install/setup.sh'
[0.409s] INFO:colcon.colcon_core.shell:Creating prefix script '/home/tuanmac/linorobot2_ws/install/local_setup.bash'
[0.410s] INFO:colcon.colcon_core.shell:Creating prefix chain script '/home/tuanmac/linorobot2_ws/install/setup.bash'
[0.410s] INFO:colcon.colcon_core.shell:Creating prefix script '/home/tuanmac/linorobot2_ws/install/local_setup.zsh'
[0.411s] INFO:colcon.colcon_core.shell:Creating prefix chain script '/home/tuanmac/linorobot2_ws/install/setup.zsh'
