[0.130s] DEBUG:colcon:Command line arguments: ['/usr/bin/colcon', 'build', '--symlink-install']
[0.130s] DEBUG:colcon:Parsed command line arguments: Namespace(log_base=None, log_level=None, verb_name='build', build_base='build', install_base='install', merge_install=False, symlink_install=True, test_result_base=None, continue_on_error=False, executor='parallel', parallel_workers=16, event_handlers=None, ignore_user_meta=False, metas=['./colcon.meta'], base_paths=['.'], packages_ignore=None, packages_ignore_regex=None, paths=None, packages_up_to=None, packages_up_to_regex=None, packages_above=None, packages_above_and_dependencies=None, packages_above_depth=None, packages_select_by_dep=None, packages_skip_by_dep=None, packages_skip_up_to=None, packages_select_build_failed=False, packages_skip_build_finished=False, packages_select_test_failures=False, packages_skip_test_passed=False, packages_select=None, packages_skip=None, packages_select_regex=None, packages_skip_regex=None, packages_start=None, packages_end=None, allow_overriding=[], cmake_args=None, cmake_target=None, cmake_target_skip_unavailable=False, cmake_clean_cache=False, cmake_clean_first=False, cmake_force_configure=False, ament_cmake_args=None, catkin_cmake_args=None, catkin_skip_building_tests=False, verb_parser=<colcon_defaults.argument_parser.defaults.DefaultArgumentsDecorator object at 0x7b6359114730>, verb_extension=<colcon_core.verb.build.BuildVerb object at 0x7b6359114160>, main=<bound method BuildVerb.main of <colcon_core.verb.build.BuildVerb object at 0x7b6359114160>>)
[0.299s] Level 1:colcon.colcon_core.package_discovery:discover_packages(colcon_meta) check parameters
[0.299s] Level 1:colcon.colcon_core.package_discovery:discover_packages(recursive) check parameters
[0.299s] Level 1:colcon.colcon_core.package_discovery:discover_packages(ignore) check parameters
[0.299s] Level 1:colcon.colcon_core.package_discovery:discover_packages(path) check parameters
[0.299s] Level 1:colcon.colcon_core.package_discovery:discover_packages(colcon_meta) discover
[0.299s] Level 1:colcon.colcon_core.package_discovery:discover_packages(recursive) discover
[0.299s] INFO:colcon.colcon_core.package_discovery:Crawling recursively for packages in '/home/tuanmac/linorobot2_ws'
[0.299s] Level 1:colcon.colcon_core.package_identification:_identify(.) by extensions ['ignore', 'ignore_ament_install']
[0.299s] Level 1:colcon.colcon_core.package_identification:_identify(.) by extension 'ignore'
[0.299s] Level 1:colcon.colcon_core.package_identification:_identify(.) by extension 'ignore_ament_install'
[0.300s] Level 1:colcon.colcon_core.package_identification:_identify(.) by extensions ['colcon_pkg']
[0.300s] Level 1:colcon.colcon_core.package_identification:_identify(.) by extension 'colcon_pkg'
[0.300s] Level 1:colcon.colcon_core.package_identification:_identify(.) by extensions ['colcon_meta']
[0.300s] Level 1:colcon.colcon_core.package_identification:_identify(.) by extension 'colcon_meta'
[0.300s] Level 1:colcon.colcon_core.package_identification:_identify(.) by extensions ['ros']
[0.300s] Level 1:colcon.colcon_core.package_identification:_identify(.) by extension 'ros'
[0.312s] Level 1:colcon.colcon_core.package_identification:_identify(.) by extensions ['cmake', 'python']
[0.312s] Level 1:colcon.colcon_core.package_identification:_identify(.) by extension 'cmake'
[0.312s] Level 1:colcon.colcon_core.package_identification:_identify(.) by extension 'python'
[0.312s] Level 1:colcon.colcon_core.package_identification:_identify(.) by extensions ['python_setup_py']
[0.312s] Level 1:colcon.colcon_core.package_identification:_identify(.) by extension 'python_setup_py'
[0.313s] Level 1:colcon.colcon_core.package_identification:_identify(build) by extensions ['ignore', 'ignore_ament_install']
[0.313s] Level 1:colcon.colcon_core.package_identification:_identify(build) by extension 'ignore'
[0.313s] Level 1:colcon.colcon_core.package_identification:_identify(build) ignored
[0.313s] Level 1:colcon.colcon_core.package_identification:_identify(install) by extensions ['ignore', 'ignore_ament_install']
[0.313s] Level 1:colcon.colcon_core.package_identification:_identify(install) by extension 'ignore'
[0.313s] Level 1:colcon.colcon_core.package_identification:_identify(install) ignored
[0.313s] Level 1:colcon.colcon_core.package_identification:_identify(log) by extensions ['ignore', 'ignore_ament_install']
[0.313s] Level 1:colcon.colcon_core.package_identification:_identify(log) by extension 'ignore'
[0.313s] Level 1:colcon.colcon_core.package_identification:_identify(log) ignored
[0.313s] Level 1:colcon.colcon_core.package_identification:_identify(src) by extensions ['ignore', 'ignore_ament_install']
[0.313s] Level 1:colcon.colcon_core.package_identification:_identify(src) by extension 'ignore'
[0.313s] Level 1:colcon.colcon_core.package_identification:_identify(src) by extension 'ignore_ament_install'
[0.314s] Level 1:colcon.colcon_core.package_identification:_identify(src) by extensions ['colcon_pkg']
[0.314s] Level 1:colcon.colcon_core.package_identification:_identify(src) by extension 'colcon_pkg'
[0.314s] Level 1:colcon.colcon_core.package_identification:_identify(src) by extensions ['colcon_meta']
[0.314s] Level 1:colcon.colcon_core.package_identification:_identify(src) by extension 'colcon_meta'
[0.314s] Level 1:colcon.colcon_core.package_identification:_identify(src) by extensions ['ros']
[0.314s] Level 1:colcon.colcon_core.package_identification:_identify(src) by extension 'ros'
[0.314s] Level 1:colcon.colcon_core.package_identification:_identify(src) by extensions ['cmake', 'python']
[0.314s] Level 1:colcon.colcon_core.package_identification:_identify(src) by extension 'cmake'
[0.314s] Level 1:colcon.colcon_core.package_identification:_identify(src) by extension 'python'
[0.314s] Level 1:colcon.colcon_core.package_identification:_identify(src) by extensions ['python_setup_py']
[0.314s] Level 1:colcon.colcon_core.package_identification:_identify(src) by extension 'python_setup_py'
[0.314s] Level 1:colcon.colcon_core.package_identification:_identify(src/linorobot2-humble) by extensions ['ignore', 'ignore_ament_install']
[0.314s] Level 1:colcon.colcon_core.package_identification:_identify(src/linorobot2-humble) by extension 'ignore'
[0.314s] Level 1:colcon.colcon_core.package_identification:_identify(src/linorobot2-humble) by extension 'ignore_ament_install'
[0.314s] Level 1:colcon.colcon_core.package_identification:_identify(src/linorobot2-humble) by extensions ['colcon_pkg']
[0.314s] Level 1:colcon.colcon_core.package_identification:_identify(src/linorobot2-humble) by extension 'colcon_pkg'
[0.314s] Level 1:colcon.colcon_core.package_identification:_identify(src/linorobot2-humble) by extensions ['colcon_meta']
[0.314s] Level 1:colcon.colcon_core.package_identification:_identify(src/linorobot2-humble) by extension 'colcon_meta'
[0.314s] Level 1:colcon.colcon_core.package_identification:_identify(src/linorobot2-humble) by extensions ['ros']
[0.314s] Level 1:colcon.colcon_core.package_identification:_identify(src/linorobot2-humble) by extension 'ros'
[0.314s] Level 1:colcon.colcon_core.package_identification:_identify(src/linorobot2-humble) by extensions ['cmake', 'python']
[0.314s] Level 1:colcon.colcon_core.package_identification:_identify(src/linorobot2-humble) by extension 'cmake'
[0.314s] Level 1:colcon.colcon_core.package_identification:_identify(src/linorobot2-humble) by extension 'python'
[0.314s] Level 1:colcon.colcon_core.package_identification:_identify(src/linorobot2-humble) by extensions ['python_setup_py']
[0.314s] Level 1:colcon.colcon_core.package_identification:_identify(src/linorobot2-humble) by extension 'python_setup_py'
[0.315s] Level 1:colcon.colcon_core.package_identification:_identify(src/linorobot2-humble/docker) by extensions ['ignore', 'ignore_ament_install']
[0.315s] Level 1:colcon.colcon_core.package_identification:_identify(src/linorobot2-humble/docker) by extension 'ignore'
[0.315s] Level 1:colcon.colcon_core.package_identification:_identify(src/linorobot2-humble/docker) by extension 'ignore_ament_install'
[0.315s] Level 1:colcon.colcon_core.package_identification:_identify(src/linorobot2-humble/docker) by extensions ['colcon_pkg']
[0.315s] Level 1:colcon.colcon_core.package_identification:_identify(src/linorobot2-humble/docker) by extension 'colcon_pkg'
[0.315s] Level 1:colcon.colcon_core.package_identification:_identify(src/linorobot2-humble/docker) by extensions ['colcon_meta']
[0.315s] Level 1:colcon.colcon_core.package_identification:_identify(src/linorobot2-humble/docker) by extension 'colcon_meta'
[0.315s] Level 1:colcon.colcon_core.package_identification:_identify(src/linorobot2-humble/docker) by extensions ['ros']
[0.315s] Level 1:colcon.colcon_core.package_identification:_identify(src/linorobot2-humble/docker) by extension 'ros'
[0.315s] Level 1:colcon.colcon_core.package_identification:_identify(src/linorobot2-humble/docker) by extensions ['cmake', 'python']
[0.315s] Level 1:colcon.colcon_core.package_identification:_identify(src/linorobot2-humble/docker) by extension 'cmake'
[0.315s] Level 1:colcon.colcon_core.package_identification:_identify(src/linorobot2-humble/docker) by extension 'python'
[0.315s] Level 1:colcon.colcon_core.package_identification:_identify(src/linorobot2-humble/docker) by extensions ['python_setup_py']
[0.315s] Level 1:colcon.colcon_core.package_identification:_identify(src/linorobot2-humble/docker) by extension 'python_setup_py'
[0.315s] Level 1:colcon.colcon_core.package_identification:_identify(src/linorobot2-humble/docs) by extensions ['ignore', 'ignore_ament_install']
[0.315s] Level 1:colcon.colcon_core.package_identification:_identify(src/linorobot2-humble/docs) by extension 'ignore'
[0.315s] Level 1:colcon.colcon_core.package_identification:_identify(src/linorobot2-humble/docs) by extension 'ignore_ament_install'
[0.315s] Level 1:colcon.colcon_core.package_identification:_identify(src/linorobot2-humble/docs) by extensions ['colcon_pkg']
[0.315s] Level 1:colcon.colcon_core.package_identification:_identify(src/linorobot2-humble/docs) by extension 'colcon_pkg'
[0.315s] Level 1:colcon.colcon_core.package_identification:_identify(src/linorobot2-humble/docs) by extensions ['colcon_meta']
[0.315s] Level 1:colcon.colcon_core.package_identification:_identify(src/linorobot2-humble/docs) by extension 'colcon_meta'
[0.315s] Level 1:colcon.colcon_core.package_identification:_identify(src/linorobot2-humble/docs) by extensions ['ros']
[0.315s] Level 1:colcon.colcon_core.package_identification:_identify(src/linorobot2-humble/docs) by extension 'ros'
[0.316s] Level 1:colcon.colcon_core.package_identification:_identify(src/linorobot2-humble/docs) by extensions ['cmake', 'python']
[0.316s] Level 1:colcon.colcon_core.package_identification:_identify(src/linorobot2-humble/docs) by extension 'cmake'
[0.316s] Level 1:colcon.colcon_core.package_identification:_identify(src/linorobot2-humble/docs) by extension 'python'
[0.316s] Level 1:colcon.colcon_core.package_identification:_identify(src/linorobot2-humble/docs) by extensions ['python_setup_py']
[0.316s] Level 1:colcon.colcon_core.package_identification:_identify(src/linorobot2-humble/docs) by extension 'python_setup_py'
[0.316s] Level 1:colcon.colcon_core.package_identification:_identify(src/linorobot2-humble/linorobot2) by extensions ['ignore', 'ignore_ament_install']
[0.316s] Level 1:colcon.colcon_core.package_identification:_identify(src/linorobot2-humble/linorobot2) by extension 'ignore'
[0.316s] Level 1:colcon.colcon_core.package_identification:_identify(src/linorobot2-humble/linorobot2) by extension 'ignore_ament_install'
[0.316s] Level 1:colcon.colcon_core.package_identification:_identify(src/linorobot2-humble/linorobot2) by extensions ['colcon_pkg']
[0.316s] Level 1:colcon.colcon_core.package_identification:_identify(src/linorobot2-humble/linorobot2) by extension 'colcon_pkg'
[0.316s] Level 1:colcon.colcon_core.package_identification:_identify(src/linorobot2-humble/linorobot2) by extensions ['colcon_meta']
[0.316s] Level 1:colcon.colcon_core.package_identification:_identify(src/linorobot2-humble/linorobot2) by extension 'colcon_meta'
[0.316s] Level 1:colcon.colcon_core.package_identification:_identify(src/linorobot2-humble/linorobot2) by extensions ['ros']
[0.316s] Level 1:colcon.colcon_core.package_identification:_identify(src/linorobot2-humble/linorobot2) by extension 'ros'
[0.319s] DEBUG:colcon.colcon_core.package_identification:Package 'src/linorobot2-humble/linorobot2' with type 'ros.ament_cmake' and name 'linorobot2'
[0.320s] Level 1:colcon.colcon_core.package_identification:_identify(src/linorobot2-humble/linorobot2_base) by extensions ['ignore', 'ignore_ament_install']
[0.320s] Level 1:colcon.colcon_core.package_identification:_identify(src/linorobot2-humble/linorobot2_base) by extension 'ignore'
[0.320s] Level 1:colcon.colcon_core.package_identification:_identify(src/linorobot2-humble/linorobot2_base) by extension 'ignore_ament_install'
[0.320s] Level 1:colcon.colcon_core.package_identification:_identify(src/linorobot2-humble/linorobot2_base) by extensions ['colcon_pkg']
[0.320s] Level 1:colcon.colcon_core.package_identification:_identify(src/linorobot2-humble/linorobot2_base) by extension 'colcon_pkg'
[0.320s] Level 1:colcon.colcon_core.package_identification:_identify(src/linorobot2-humble/linorobot2_base) by extensions ['colcon_meta']
[0.320s] Level 1:colcon.colcon_core.package_identification:_identify(src/linorobot2-humble/linorobot2_base) by extension 'colcon_meta'
[0.320s] Level 1:colcon.colcon_core.package_identification:_identify(src/linorobot2-humble/linorobot2_base) by extensions ['ros']
[0.320s] Level 1:colcon.colcon_core.package_identification:_identify(src/linorobot2-humble/linorobot2_base) by extension 'ros'
[0.321s] DEBUG:colcon.colcon_core.package_identification:Package 'src/linorobot2-humble/linorobot2_base' with type 'ros.ament_cmake' and name 'linorobot2_base'
[0.321s] Level 1:colcon.colcon_core.package_identification:_identify(src/linorobot2-humble/linorobot2_bringup) by extensions ['ignore', 'ignore_ament_install']
[0.321s] Level 1:colcon.colcon_core.package_identification:_identify(src/linorobot2-humble/linorobot2_bringup) by extension 'ignore'
[0.321s] Level 1:colcon.colcon_core.package_identification:_identify(src/linorobot2-humble/linorobot2_bringup) by extension 'ignore_ament_install'
[0.321s] Level 1:colcon.colcon_core.package_identification:_identify(src/linorobot2-humble/linorobot2_bringup) by extensions ['colcon_pkg']
[0.321s] Level 1:colcon.colcon_core.package_identification:_identify(src/linorobot2-humble/linorobot2_bringup) by extension 'colcon_pkg'
[0.321s] Level 1:colcon.colcon_core.package_identification:_identify(src/linorobot2-humble/linorobot2_bringup) by extensions ['colcon_meta']
[0.321s] Level 1:colcon.colcon_core.package_identification:_identify(src/linorobot2-humble/linorobot2_bringup) by extension 'colcon_meta'
[0.321s] Level 1:colcon.colcon_core.package_identification:_identify(src/linorobot2-humble/linorobot2_bringup) by extensions ['ros']
[0.321s] Level 1:colcon.colcon_core.package_identification:_identify(src/linorobot2-humble/linorobot2_bringup) by extension 'ros'
[0.322s] DEBUG:colcon.colcon_core.package_identification:Package 'src/linorobot2-humble/linorobot2_bringup' with type 'ros.ament_cmake' and name 'linorobot2_bringup'
[0.322s] Level 1:colcon.colcon_core.package_identification:_identify(src/linorobot2-humble/linorobot2_description) by extensions ['ignore', 'ignore_ament_install']
[0.322s] Level 1:colcon.colcon_core.package_identification:_identify(src/linorobot2-humble/linorobot2_description) by extension 'ignore'
[0.322s] Level 1:colcon.colcon_core.package_identification:_identify(src/linorobot2-humble/linorobot2_description) by extension 'ignore_ament_install'
[0.322s] Level 1:colcon.colcon_core.package_identification:_identify(src/linorobot2-humble/linorobot2_description) by extensions ['colcon_pkg']
[0.322s] Level 1:colcon.colcon_core.package_identification:_identify(src/linorobot2-humble/linorobot2_description) by extension 'colcon_pkg'
[0.322s] Level 1:colcon.colcon_core.package_identification:_identify(src/linorobot2-humble/linorobot2_description) by extensions ['colcon_meta']
[0.322s] Level 1:colcon.colcon_core.package_identification:_identify(src/linorobot2-humble/linorobot2_description) by extension 'colcon_meta'
[0.322s] Level 1:colcon.colcon_core.package_identification:_identify(src/linorobot2-humble/linorobot2_description) by extensions ['ros']
[0.322s] Level 1:colcon.colcon_core.package_identification:_identify(src/linorobot2-humble/linorobot2_description) by extension 'ros'
[0.323s] DEBUG:colcon.colcon_core.package_identification:Package 'src/linorobot2-humble/linorobot2_description' with type 'ros.ament_cmake' and name 'linorobot2_description'
[0.323s] Level 1:colcon.colcon_core.package_identification:_identify(src/linorobot2-humble/linorobot2_gazebo) by extensions ['ignore', 'ignore_ament_install']
[0.323s] Level 1:colcon.colcon_core.package_identification:_identify(src/linorobot2-humble/linorobot2_gazebo) by extension 'ignore'
[0.323s] Level 1:colcon.colcon_core.package_identification:_identify(src/linorobot2-humble/linorobot2_gazebo) by extension 'ignore_ament_install'
[0.323s] Level 1:colcon.colcon_core.package_identification:_identify(src/linorobot2-humble/linorobot2_gazebo) by extensions ['colcon_pkg']
[0.323s] Level 1:colcon.colcon_core.package_identification:_identify(src/linorobot2-humble/linorobot2_gazebo) by extension 'colcon_pkg'
[0.323s] Level 1:colcon.colcon_core.package_identification:_identify(src/linorobot2-humble/linorobot2_gazebo) by extensions ['colcon_meta']
[0.323s] Level 1:colcon.colcon_core.package_identification:_identify(src/linorobot2-humble/linorobot2_gazebo) by extension 'colcon_meta'
[0.323s] Level 1:colcon.colcon_core.package_identification:_identify(src/linorobot2-humble/linorobot2_gazebo) by extensions ['ros']
[0.323s] Level 1:colcon.colcon_core.package_identification:_identify(src/linorobot2-humble/linorobot2_gazebo) by extension 'ros'
[0.324s] DEBUG:colcon.colcon_core.package_identification:Package 'src/linorobot2-humble/linorobot2_gazebo' with type 'ros.ament_cmake' and name 'linorobot2_gazebo'
[0.324s] Level 1:colcon.colcon_core.package_identification:_identify(src/linorobot2-humble/linorobot2_navigation) by extensions ['ignore', 'ignore_ament_install']
[0.325s] Level 1:colcon.colcon_core.package_identification:_identify(src/linorobot2-humble/linorobot2_navigation) by extension 'ignore'
[0.325s] Level 1:colcon.colcon_core.package_identification:_identify(src/linorobot2-humble/linorobot2_navigation) by extension 'ignore_ament_install'
[0.325s] Level 1:colcon.colcon_core.package_identification:_identify(src/linorobot2-humble/linorobot2_navigation) by extensions ['colcon_pkg']
[0.325s] Level 1:colcon.colcon_core.package_identification:_identify(src/linorobot2-humble/linorobot2_navigation) by extension 'colcon_pkg'
[0.325s] Level 1:colcon.colcon_core.package_identification:_identify(src/linorobot2-humble/linorobot2_navigation) by extensions ['colcon_meta']
[0.325s] Level 1:colcon.colcon_core.package_identification:_identify(src/linorobot2-humble/linorobot2_navigation) by extension 'colcon_meta'
[0.325s] Level 1:colcon.colcon_core.package_identification:_identify(src/linorobot2-humble/linorobot2_navigation) by extensions ['ros']
[0.325s] Level 1:colcon.colcon_core.package_identification:_identify(src/linorobot2-humble/linorobot2_navigation) by extension 'ros'
[0.326s] DEBUG:colcon.colcon_core.package_identification:Package 'src/linorobot2-humble/linorobot2_navigation' with type 'ros.ament_cmake' and name 'linorobot2_navigation'
[0.326s] Level 1:colcon.colcon_core.package_discovery:discover_packages(recursive) using defaults
[0.326s] Level 1:colcon.colcon_core.package_discovery:discover_packages(ignore) discover
[0.326s] Level 1:colcon.colcon_core.package_discovery:discover_packages(ignore) using defaults
[0.326s] Level 1:colcon.colcon_core.package_discovery:discover_packages(path) discover
[0.326s] Level 1:colcon.colcon_core.package_discovery:discover_packages(path) using defaults
[0.363s] Level 1:colcon.colcon_core.package_discovery:discover_packages(prefix_path) check parameters
[0.363s] Level 1:colcon.colcon_core.package_discovery:discover_packages(prefix_path) discover
[0.366s] DEBUG:colcon.colcon_installed_package_information.package_discovery:Found 8 installed packages in /home/tuanmac/ros2_ws/install
[0.367s] DEBUG:colcon.colcon_installed_package_information.package_discovery:Found 354 installed packages in /opt/ros/humble
[0.369s] Level 1:colcon.colcon_core.package_discovery:discover_packages(prefix_path) using defaults
[0.413s] Level 5:colcon.colcon_core.verb:set package 'linorobot2' build argument 'cmake_args' from command line to 'None'
[0.413s] Level 5:colcon.colcon_core.verb:set package 'linorobot2' build argument 'cmake_target' from command line to 'None'
[0.413s] Level 5:colcon.colcon_core.verb:set package 'linorobot2' build argument 'cmake_target_skip_unavailable' from command line to 'False'
[0.413s] Level 5:colcon.colcon_core.verb:set package 'linorobot2' build argument 'cmake_clean_cache' from command line to 'False'
[0.413s] Level 5:colcon.colcon_core.verb:set package 'linorobot2' build argument 'cmake_clean_first' from command line to 'False'
[0.413s] Level 5:colcon.colcon_core.verb:set package 'linorobot2' build argument 'cmake_force_configure' from command line to 'False'
[0.413s] Level 5:colcon.colcon_core.verb:set package 'linorobot2' build argument 'ament_cmake_args' from command line to 'None'
[0.413s] Level 5:colcon.colcon_core.verb:set package 'linorobot2' build argument 'catkin_cmake_args' from command line to 'None'
[0.413s] Level 5:colcon.colcon_core.verb:set package 'linorobot2' build argument 'catkin_skip_building_tests' from command line to 'False'
[0.413s] DEBUG:colcon.colcon_core.verb:Building package 'linorobot2' with the following arguments: {'ament_cmake_args': None, 'build_base': '/home/tuanmac/linorobot2_ws/build/linorobot2', 'catkin_cmake_args': None, 'catkin_skip_building_tests': False, 'cmake_args': None, 'cmake_clean_cache': False, 'cmake_clean_first': False, 'cmake_force_configure': False, 'cmake_target': None, 'cmake_target_skip_unavailable': False, 'install_base': '/home/tuanmac/linorobot2_ws/install/linorobot2', 'merge_install': False, 'path': '/home/tuanmac/linorobot2_ws/src/linorobot2-humble/linorobot2', 'symlink_install': True, 'test_result_base': None}
[0.414s] Level 5:colcon.colcon_core.verb:set package 'linorobot2_base' build argument 'cmake_args' from command line to 'None'
[0.414s] Level 5:colcon.colcon_core.verb:set package 'linorobot2_base' build argument 'cmake_target' from command line to 'None'
[0.414s] Level 5:colcon.colcon_core.verb:set package 'linorobot2_base' build argument 'cmake_target_skip_unavailable' from command line to 'False'
[0.414s] Level 5:colcon.colcon_core.verb:set package 'linorobot2_base' build argument 'cmake_clean_cache' from command line to 'False'
[0.414s] Level 5:colcon.colcon_core.verb:set package 'linorobot2_base' build argument 'cmake_clean_first' from command line to 'False'
[0.414s] Level 5:colcon.colcon_core.verb:set package 'linorobot2_base' build argument 'cmake_force_configure' from command line to 'False'
[0.414s] Level 5:colcon.colcon_core.verb:set package 'linorobot2_base' build argument 'ament_cmake_args' from command line to 'None'
[0.414s] Level 5:colcon.colcon_core.verb:set package 'linorobot2_base' build argument 'catkin_cmake_args' from command line to 'None'
[0.414s] Level 5:colcon.colcon_core.verb:set package 'linorobot2_base' build argument 'catkin_skip_building_tests' from command line to 'False'
[0.414s] DEBUG:colcon.colcon_core.verb:Building package 'linorobot2_base' with the following arguments: {'ament_cmake_args': None, 'build_base': '/home/tuanmac/linorobot2_ws/build/linorobot2_base', 'catkin_cmake_args': None, 'catkin_skip_building_tests': False, 'cmake_args': None, 'cmake_clean_cache': False, 'cmake_clean_first': False, 'cmake_force_configure': False, 'cmake_target': None, 'cmake_target_skip_unavailable': False, 'install_base': '/home/tuanmac/linorobot2_ws/install/linorobot2_base', 'merge_install': False, 'path': '/home/tuanmac/linorobot2_ws/src/linorobot2-humble/linorobot2_base', 'symlink_install': True, 'test_result_base': None}
[0.415s] Level 5:colcon.colcon_core.verb:set package 'linorobot2_bringup' build argument 'cmake_args' from command line to 'None'
[0.415s] Level 5:colcon.colcon_core.verb:set package 'linorobot2_bringup' build argument 'cmake_target' from command line to 'None'
[0.415s] Level 5:colcon.colcon_core.verb:set package 'linorobot2_bringup' build argument 'cmake_target_skip_unavailable' from command line to 'False'
[0.415s] Level 5:colcon.colcon_core.verb:set package 'linorobot2_bringup' build argument 'cmake_clean_cache' from command line to 'False'
[0.415s] Level 5:colcon.colcon_core.verb:set package 'linorobot2_bringup' build argument 'cmake_clean_first' from command line to 'False'
[0.415s] Level 5:colcon.colcon_core.verb:set package 'linorobot2_bringup' build argument 'cmake_force_configure' from command line to 'False'
[0.415s] Level 5:colcon.colcon_core.verb:set package 'linorobot2_bringup' build argument 'ament_cmake_args' from command line to 'None'
[0.415s] Level 5:colcon.colcon_core.verb:set package 'linorobot2_bringup' build argument 'catkin_cmake_args' from command line to 'None'
[0.415s] Level 5:colcon.colcon_core.verb:set package 'linorobot2_bringup' build argument 'catkin_skip_building_tests' from command line to 'False'
[0.415s] DEBUG:colcon.colcon_core.verb:Building package 'linorobot2_bringup' with the following arguments: {'ament_cmake_args': None, 'build_base': '/home/tuanmac/linorobot2_ws/build/linorobot2_bringup', 'catkin_cmake_args': None, 'catkin_skip_building_tests': False, 'cmake_args': None, 'cmake_clean_cache': False, 'cmake_clean_first': False, 'cmake_force_configure': False, 'cmake_target': None, 'cmake_target_skip_unavailable': False, 'install_base': '/home/tuanmac/linorobot2_ws/install/linorobot2_bringup', 'merge_install': False, 'path': '/home/tuanmac/linorobot2_ws/src/linorobot2-humble/linorobot2_bringup', 'symlink_install': True, 'test_result_base': None}
[0.415s] Level 5:colcon.colcon_core.verb:set package 'linorobot2_description' build argument 'cmake_args' from command line to 'None'
[0.415s] Level 5:colcon.colcon_core.verb:set package 'linorobot2_description' build argument 'cmake_target' from command line to 'None'
[0.415s] Level 5:colcon.colcon_core.verb:set package 'linorobot2_description' build argument 'cmake_target_skip_unavailable' from command line to 'False'
[0.415s] Level 5:colcon.colcon_core.verb:set package 'linorobot2_description' build argument 'cmake_clean_cache' from command line to 'False'
[0.415s] Level 5:colcon.colcon_core.verb:set package 'linorobot2_description' build argument 'cmake_clean_first' from command line to 'False'
[0.415s] Level 5:colcon.colcon_core.verb:set package 'linorobot2_description' build argument 'cmake_force_configure' from command line to 'False'
[0.415s] Level 5:colcon.colcon_core.verb:set package 'linorobot2_description' build argument 'ament_cmake_args' from command line to 'None'
[0.415s] Level 5:colcon.colcon_core.verb:set package 'linorobot2_description' build argument 'catkin_cmake_args' from command line to 'None'
[0.416s] Level 5:colcon.colcon_core.verb:set package 'linorobot2_description' build argument 'catkin_skip_building_tests' from command line to 'False'
[0.416s] DEBUG:colcon.colcon_core.verb:Building package 'linorobot2_description' with the following arguments: {'ament_cmake_args': None, 'build_base': '/home/tuanmac/linorobot2_ws/build/linorobot2_description', 'catkin_cmake_args': None, 'catkin_skip_building_tests': False, 'cmake_args': None, 'cmake_clean_cache': False, 'cmake_clean_first': False, 'cmake_force_configure': False, 'cmake_target': None, 'cmake_target_skip_unavailable': False, 'install_base': '/home/tuanmac/linorobot2_ws/install/linorobot2_description', 'merge_install': False, 'path': '/home/tuanmac/linorobot2_ws/src/linorobot2-humble/linorobot2_description', 'symlink_install': True, 'test_result_base': None}
[0.416s] Level 5:colcon.colcon_core.verb:set package 'linorobot2_gazebo' build argument 'cmake_args' from command line to 'None'
[0.416s] Level 5:colcon.colcon_core.verb:set package 'linorobot2_gazebo' build argument 'cmake_target' from command line to 'None'
[0.416s] Level 5:colcon.colcon_core.verb:set package 'linorobot2_gazebo' build argument 'cmake_target_skip_unavailable' from command line to 'False'
[0.416s] Level 5:colcon.colcon_core.verb:set package 'linorobot2_gazebo' build argument 'cmake_clean_cache' from command line to 'False'
[0.416s] Level 5:colcon.colcon_core.verb:set package 'linorobot2_gazebo' build argument 'cmake_clean_first' from command line to 'False'
[0.416s] Level 5:colcon.colcon_core.verb:set package 'linorobot2_gazebo' build argument 'cmake_force_configure' from command line to 'False'
[0.416s] Level 5:colcon.colcon_core.verb:set package 'linorobot2_gazebo' build argument 'ament_cmake_args' from command line to 'None'
[0.416s] Level 5:colcon.colcon_core.verb:set package 'linorobot2_gazebo' build argument 'catkin_cmake_args' from command line to 'None'
[0.416s] Level 5:colcon.colcon_core.verb:set package 'linorobot2_gazebo' build argument 'catkin_skip_building_tests' from command line to 'False'
[0.416s] DEBUG:colcon.colcon_core.verb:Building package 'linorobot2_gazebo' with the following arguments: {'ament_cmake_args': None, 'build_base': '/home/tuanmac/linorobot2_ws/build/linorobot2_gazebo', 'catkin_cmake_args': None, 'catkin_skip_building_tests': False, 'cmake_args': None, 'cmake_clean_cache': False, 'cmake_clean_first': False, 'cmake_force_configure': False, 'cmake_target': None, 'cmake_target_skip_unavailable': False, 'install_base': '/home/tuanmac/linorobot2_ws/install/linorobot2_gazebo', 'merge_install': False, 'path': '/home/tuanmac/linorobot2_ws/src/linorobot2-humble/linorobot2_gazebo', 'symlink_install': True, 'test_result_base': None}
[0.416s] Level 5:colcon.colcon_core.verb:set package 'linorobot2_navigation' build argument 'cmake_args' from command line to 'None'
[0.416s] Level 5:colcon.colcon_core.verb:set package 'linorobot2_navigation' build argument 'cmake_target' from command line to 'None'
[0.416s] Level 5:colcon.colcon_core.verb:set package 'linorobot2_navigation' build argument 'cmake_target_skip_unavailable' from command line to 'False'
[0.416s] Level 5:colcon.colcon_core.verb:set package 'linorobot2_navigation' build argument 'cmake_clean_cache' from command line to 'False'
[0.417s] Level 5:colcon.colcon_core.verb:set package 'linorobot2_navigation' build argument 'cmake_clean_first' from command line to 'False'
[0.417s] Level 5:colcon.colcon_core.verb:set package 'linorobot2_navigation' build argument 'cmake_force_configure' from command line to 'False'
[0.417s] Level 5:colcon.colcon_core.verb:set package 'linorobot2_navigation' build argument 'ament_cmake_args' from command line to 'None'
[0.417s] Level 5:colcon.colcon_core.verb:set package 'linorobot2_navigation' build argument 'catkin_cmake_args' from command line to 'None'
[0.417s] Level 5:colcon.colcon_core.verb:set package 'linorobot2_navigation' build argument 'catkin_skip_building_tests' from command line to 'False'
[0.417s] DEBUG:colcon.colcon_core.verb:Building package 'linorobot2_navigation' with the following arguments: {'ament_cmake_args': None, 'build_base': '/home/tuanmac/linorobot2_ws/build/linorobot2_navigation', 'catkin_cmake_args': None, 'catkin_skip_building_tests': False, 'cmake_args': None, 'cmake_clean_cache': False, 'cmake_clean_first': False, 'cmake_force_configure': False, 'cmake_target': None, 'cmake_target_skip_unavailable': False, 'install_base': '/home/tuanmac/linorobot2_ws/install/linorobot2_navigation', 'merge_install': False, 'path': '/home/tuanmac/linorobot2_ws/src/linorobot2-humble/linorobot2_navigation', 'symlink_install': True, 'test_result_base': None}
[0.417s] INFO:colcon.colcon_core.executor:Executing jobs using 'parallel' executor
[0.418s] DEBUG:colcon.colcon_parallel_executor.executor.parallel:run_until_complete
[0.418s] INFO:colcon.colcon_ros.task.ament_cmake.build:Building ROS package in '/home/tuanmac/linorobot2_ws/src/linorobot2-humble/linorobot2' with build type 'ament_cmake'
[0.418s] INFO:colcon.colcon_cmake.task.cmake.build:Building CMake package in '/home/tuanmac/linorobot2_ws/src/linorobot2-humble/linorobot2'
[0.422s] INFO:colcon.colcon_core.plugin_system:Skipping extension 'colcon_core.shell.bat': Not used on non-Windows systems
[0.423s] INFO:colcon.colcon_core.shell:Skip shell extension 'powershell' for command environment: Not usable outside of PowerShell
[0.423s] DEBUG:colcon.colcon_core.shell:Skip shell extension 'dsv' for command environment
[0.427s] INFO:colcon.colcon_ros.task.ament_cmake.build:Building ROS package in '/home/tuanmac/linorobot2_ws/src/linorobot2-humble/linorobot2_base' with build type 'ament_cmake'
[0.427s] INFO:colcon.colcon_cmake.task.cmake.build:Building CMake package in '/home/tuanmac/linorobot2_ws/src/linorobot2-humble/linorobot2_base'
[0.427s] INFO:colcon.colcon_core.shell:Skip shell extension 'powershell' for command environment: Not usable outside of PowerShell
[0.427s] DEBUG:colcon.colcon_core.shell:Skip shell extension 'dsv' for command environment
[0.431s] INFO:colcon.colcon_ros.task.ament_cmake.build:Building ROS package in '/home/tuanmac/linorobot2_ws/src/linorobot2-humble/linorobot2_bringup' with build type 'ament_cmake'
[0.431s] INFO:colcon.colcon_cmake.task.cmake.build:Building CMake package in '/home/tuanmac/linorobot2_ws/src/linorobot2-humble/linorobot2_bringup'
[0.431s] INFO:colcon.colcon_core.shell:Skip shell extension 'powershell' for command environment: Not usable outside of PowerShell
[0.431s] DEBUG:colcon.colcon_core.shell:Skip shell extension 'dsv' for command environment
[0.434s] INFO:colcon.colcon_ros.task.ament_cmake.build:Building ROS package in '/home/tuanmac/linorobot2_ws/src/linorobot2-humble/linorobot2_description' with build type 'ament_cmake'
[0.434s] INFO:colcon.colcon_cmake.task.cmake.build:Building CMake package in '/home/tuanmac/linorobot2_ws/src/linorobot2-humble/linorobot2_description'
[0.435s] INFO:colcon.colcon_core.shell:Skip shell extension 'powershell' for command environment: Not usable outside of PowerShell
[0.435s] DEBUG:colcon.colcon_core.shell:Skip shell extension 'dsv' for command environment
[0.439s] INFO:colcon.colcon_ros.task.ament_cmake.build:Building ROS package in '/home/tuanmac/linorobot2_ws/src/linorobot2-humble/linorobot2_gazebo' with build type 'ament_cmake'
[0.439s] INFO:colcon.colcon_cmake.task.cmake.build:Building CMake package in '/home/tuanmac/linorobot2_ws/src/linorobot2-humble/linorobot2_gazebo'
[0.439s] INFO:colcon.colcon_core.shell:Skip shell extension 'powershell' for command environment: Not usable outside of PowerShell
[0.439s] DEBUG:colcon.colcon_core.shell:Skip shell extension 'dsv' for command environment
[0.443s] INFO:colcon.colcon_ros.task.ament_cmake.build:Building ROS package in '/home/tuanmac/linorobot2_ws/src/linorobot2-humble/linorobot2_navigation' with build type 'ament_cmake'
[0.443s] INFO:colcon.colcon_cmake.task.cmake.build:Building CMake package in '/home/tuanmac/linorobot2_ws/src/linorobot2-humble/linorobot2_navigation'
[0.443s] INFO:colcon.colcon_core.shell:Skip shell extension 'powershell' for command environment: Not usable outside of PowerShell
[0.443s] DEBUG:colcon.colcon_core.shell:Skip shell extension 'dsv' for command environment
[0.454s] DEBUG:colcon.colcon_core.event_handler.log_command:Invoking command in '/home/tuanmac/linorobot2_ws/build/linorobot2': CMAKE_PREFIX_PATH=${CMAKE_PREFIX_PATH}:/home/tuanmac/ros2_ws/install/my_robot_controllr:/opt/ros/humble /usr/bin/cmake --build /home/tuanmac/linorobot2_ws/build/linorobot2 -- -j16 -l16
[0.458s] DEBUG:colcon.colcon_core.event_handler.log_command:Invoking command in '/home/tuanmac/linorobot2_ws/build/linorobot2_base': CMAKE_PREFIX_PATH=${CMAKE_PREFIX_PATH}:/home/tuanmac/ros2_ws/install/my_robot_controllr:/opt/ros/humble /usr/bin/cmake --build /home/tuanmac/linorobot2_ws/build/linorobot2_base -- -j16 -l16
[0.460s] DEBUG:colcon.colcon_core.event_handler.log_command:Invoking command in '/home/tuanmac/linorobot2_ws/build/linorobot2_bringup': CMAKE_PREFIX_PATH=${CMAKE_PREFIX_PATH}:/home/tuanmac/ros2_ws/install/my_robot_controllr:/opt/ros/humble /usr/bin/cmake --build /home/tuanmac/linorobot2_ws/build/linorobot2_bringup -- -j16 -l16
[0.463s] DEBUG:colcon.colcon_core.event_handler.log_command:Invoking command in '/home/tuanmac/linorobot2_ws/build/linorobot2_description': CMAKE_PREFIX_PATH=${CMAKE_PREFIX_PATH}:/home/tuanmac/ros2_ws/install/my_robot_controllr:/opt/ros/humble /usr/bin/cmake --build /home/tuanmac/linorobot2_ws/build/linorobot2_description -- -j16 -l16
[0.466s] DEBUG:colcon.colcon_core.event_handler.log_command:Invoking command in '/home/tuanmac/linorobot2_ws/build/linorobot2_gazebo': CMAKE_PREFIX_PATH=${CMAKE_PREFIX_PATH}:/home/tuanmac/ros2_ws/install/my_robot_controllr:/opt/ros/humble /usr/bin/cmake --build /home/tuanmac/linorobot2_ws/build/linorobot2_gazebo -- -j16 -l16
[0.469s] DEBUG:colcon.colcon_core.event_handler.log_command:Invoking command in '/home/tuanmac/linorobot2_ws/build/linorobot2_navigation': CMAKE_PREFIX_PATH=${CMAKE_PREFIX_PATH}:/home/tuanmac/ros2_ws/install/my_robot_controllr:/opt/ros/humble /usr/bin/cmake --build /home/tuanmac/linorobot2_ws/build/linorobot2_navigation -- -j16 -l16
[0.499s] DEBUG:colcon.colcon_core.event_handler.log_command:Invoked command in '/home/tuanmac/linorobot2_ws/build/linorobot2_base' returned '0': CMAKE_PREFIX_PATH=${CMAKE_PREFIX_PATH}:/home/tuanmac/ros2_ws/install/my_robot_controllr:/opt/ros/humble /usr/bin/cmake --build /home/tuanmac/linorobot2_ws/build/linorobot2_base -- -j16 -l16
[0.511s] DEBUG:colcon.colcon_core.event_handler.log_command:Invoking command in '/home/tuanmac/linorobot2_ws/build/linorobot2_base': CMAKE_PREFIX_PATH=${CMAKE_PREFIX_PATH}:/home/tuanmac/ros2_ws/install/my_robot_controllr:/opt/ros/humble /usr/bin/cmake --install /home/tuanmac/linorobot2_ws/build/linorobot2_base
[0.511s] DEBUG:colcon.colcon_core.event_handler.log_command:Invoked command in '/home/tuanmac/linorobot2_ws/build/linorobot2_description' returned '0': CMAKE_PREFIX_PATH=${CMAKE_PREFIX_PATH}:/home/tuanmac/ros2_ws/install/my_robot_controllr:/opt/ros/humble /usr/bin/cmake --build /home/tuanmac/linorobot2_ws/build/linorobot2_description -- -j16 -l16
[0.514s] DEBUG:colcon.colcon_core.event_handler.log_command:Invoking command in '/home/tuanmac/linorobot2_ws/build/linorobot2_description': CMAKE_PREFIX_PATH=${CMAKE_PREFIX_PATH}:/home/tuanmac/ros2_ws/install/my_robot_controllr:/opt/ros/humble /usr/bin/cmake --install /home/tuanmac/linorobot2_ws/build/linorobot2_description
[0.520s] DEBUG:colcon.colcon_core.event_handler.log_command:Invoked command in '/home/tuanmac/linorobot2_ws/build/linorobot2_gazebo' returned '0': CMAKE_PREFIX_PATH=${CMAKE_PREFIX_PATH}:/home/tuanmac/ros2_ws/install/my_robot_controllr:/opt/ros/humble /usr/bin/cmake --build /home/tuanmac/linorobot2_ws/build/linorobot2_gazebo -- -j16 -l16
[0.522s] DEBUG:colcon.colcon_core.event_handler.log_command:Invoking command in '/home/tuanmac/linorobot2_ws/build/linorobot2_gazebo': CMAKE_PREFIX_PATH=${CMAKE_PREFIX_PATH}:/home/tuanmac/ros2_ws/install/my_robot_controllr:/opt/ros/humble /usr/bin/cmake --install /home/tuanmac/linorobot2_ws/build/linorobot2_gazebo
[0.522s] DEBUG:colcon.colcon_core.event_handler.log_command:Invoked command in '/home/tuanmac/linorobot2_ws/build/linorobot2_navigation' returned '0': CMAKE_PREFIX_PATH=${CMAKE_PREFIX_PATH}:/home/tuanmac/ros2_ws/install/my_robot_controllr:/opt/ros/humble /usr/bin/cmake --build /home/tuanmac/linorobot2_ws/build/linorobot2_navigation -- -j16 -l16
[0.525s] DEBUG:colcon.colcon_core.event_handler.log_command:Invoking command in '/home/tuanmac/linorobot2_ws/build/linorobot2_navigation': CMAKE_PREFIX_PATH=${CMAKE_PREFIX_PATH}:/home/tuanmac/ros2_ws/install/my_robot_controllr:/opt/ros/humble /usr/bin/cmake --install /home/tuanmac/linorobot2_ws/build/linorobot2_navigation
[0.526s] DEBUG:colcon.colcon_core.event_handler.log_command:Invoked command in '/home/tuanmac/linorobot2_ws/build/linorobot2' returned '0': CMAKE_PREFIX_PATH=${CMAKE_PREFIX_PATH}:/home/tuanmac/ros2_ws/install/my_robot_controllr:/opt/ros/humble /usr/bin/cmake --build /home/tuanmac/linorobot2_ws/build/linorobot2 -- -j16 -l16
[0.529s] DEBUG:colcon.colcon_core.event_handler.log_command:Invoking command in '/home/tuanmac/linorobot2_ws/build/linorobot2': CMAKE_PREFIX_PATH=${CMAKE_PREFIX_PATH}:/home/tuanmac/ros2_ws/install/my_robot_controllr:/opt/ros/humble /usr/bin/cmake --install /home/tuanmac/linorobot2_ws/build/linorobot2
[0.531s] DEBUG:colcon.colcon_core.event_handler.log_command:Invoked command in '/home/tuanmac/linorobot2_ws/build/linorobot2_bringup' returned '0': CMAKE_PREFIX_PATH=${CMAKE_PREFIX_PATH}:/home/tuanmac/ros2_ws/install/my_robot_controllr:/opt/ros/humble /usr/bin/cmake --build /home/tuanmac/linorobot2_ws/build/linorobot2_bringup -- -j16 -l16
[0.537s] DEBUG:colcon.colcon_core.event_handler.log_command:Invoking command in '/home/tuanmac/linorobot2_ws/build/linorobot2_bringup': CMAKE_PREFIX_PATH=${CMAKE_PREFIX_PATH}:/home/tuanmac/ros2_ws/install/my_robot_controllr:/opt/ros/humble /usr/bin/cmake --install /home/tuanmac/linorobot2_ws/build/linorobot2_bringup
[0.566s] Level 1:colcon.colcon_core.environment:create_environment_scripts_only(linorobot2_description)
[0.574s] DEBUG:colcon.colcon_core.event_handler.log_command:Invoked command in '/home/tuanmac/linorobot2_ws/build/linorobot2_description' returned '0': CMAKE_PREFIX_PATH=${CMAKE_PREFIX_PATH}:/home/tuanmac/ros2_ws/install/my_robot_controllr:/opt/ros/humble /usr/bin/cmake --install /home/tuanmac/linorobot2_ws/build/linorobot2_description
[0.582s] Level 1:colcon.colcon_core.environment:checking '/home/tuanmac/linorobot2_ws/install/linorobot2_description' for CMake module files
[0.583s] Level 1:colcon.colcon_core.environment:checking '/home/tuanmac/linorobot2_ws/install/linorobot2_description' for CMake config files
[0.584s] Level 1:colcon.colcon_core.shell:create_environment_hook('linorobot2_description', 'cmake_prefix_path')
[0.584s] INFO:colcon.colcon_core.shell:Creating environment hook '/home/tuanmac/linorobot2_ws/install/linorobot2_description/share/linorobot2_description/hook/cmake_prefix_path.ps1'
[0.586s] INFO:colcon.colcon_core.shell:Creating environment descriptor '/home/tuanmac/linorobot2_ws/install/linorobot2_description/share/linorobot2_description/hook/cmake_prefix_path.dsv'
[0.587s] INFO:colcon.colcon_core.shell:Creating environment hook '/home/tuanmac/linorobot2_ws/install/linorobot2_description/share/linorobot2_description/hook/cmake_prefix_path.sh'
[0.588s] Level 1:colcon.colcon_core.environment:checking '/home/tuanmac/linorobot2_ws/install/linorobot2_description/bin'
[0.588s] Level 1:colcon.colcon_core.environment:checking '/home/tuanmac/linorobot2_ws/install/linorobot2_description/lib/pkgconfig/linorobot2_description.pc'
[0.588s] Level 1:colcon.colcon_core.environment:checking '/home/tuanmac/linorobot2_ws/install/linorobot2_description/lib/python3.10/site-packages'
[0.588s] Level 1:colcon.colcon_core.environment:checking '/home/tuanmac/linorobot2_ws/install/linorobot2_description/bin'
[0.588s] INFO:colcon.colcon_core.shell:Creating package script '/home/tuanmac/linorobot2_ws/install/linorobot2_description/share/linorobot2_description/package.ps1'
[0.589s] INFO:colcon.colcon_core.shell:Creating package descriptor '/home/tuanmac/linorobot2_ws/install/linorobot2_description/share/linorobot2_description/package.dsv'
[0.589s] INFO:colcon.colcon_core.shell:Creating package script '/home/tuanmac/linorobot2_ws/install/linorobot2_description/share/linorobot2_description/package.sh'
[0.590s] INFO:colcon.colcon_core.shell:Creating package script '/home/tuanmac/linorobot2_ws/install/linorobot2_description/share/linorobot2_description/package.bash'
[0.590s] INFO:colcon.colcon_core.shell:Creating package script '/home/tuanmac/linorobot2_ws/install/linorobot2_description/share/linorobot2_description/package.zsh'
[0.591s] Level 1:colcon.colcon_core.environment:create_file_with_runtime_dependencies(/home/tuanmac/linorobot2_ws/install/linorobot2_description/share/colcon-core/packages/linorobot2_description)
[0.592s] Level 1:colcon.colcon_core.environment:create_environment_scripts_only(linorobot2_description)
[0.592s] Level 1:colcon.colcon_core.environment:checking '/home/tuanmac/linorobot2_ws/install/linorobot2_description' for CMake module files
[0.592s] Level 1:colcon.colcon_core.environment:checking '/home/tuanmac/linorobot2_ws/install/linorobot2_description' for CMake config files
[0.592s] Level 1:colcon.colcon_core.shell:create_environment_hook('linorobot2_description', 'cmake_prefix_path')
[0.592s] INFO:colcon.colcon_core.shell:Creating environment hook '/home/tuanmac/linorobot2_ws/install/linorobot2_description/share/linorobot2_description/hook/cmake_prefix_path.ps1'
[0.593s] INFO:colcon.colcon_core.shell:Creating environment descriptor '/home/tuanmac/linorobot2_ws/install/linorobot2_description/share/linorobot2_description/hook/cmake_prefix_path.dsv'
[0.593s] INFO:colcon.colcon_core.shell:Creating environment hook '/home/tuanmac/linorobot2_ws/install/linorobot2_description/share/linorobot2_description/hook/cmake_prefix_path.sh'
[0.593s] Level 1:colcon.colcon_core.environment:checking '/home/tuanmac/linorobot2_ws/install/linorobot2_description/bin'
[0.593s] Level 1:colcon.colcon_core.environment:checking '/home/tuanmac/linorobot2_ws/install/linorobot2_description/lib/pkgconfig/linorobot2_description.pc'
[0.593s] Level 1:colcon.colcon_core.environment:checking '/home/tuanmac/linorobot2_ws/install/linorobot2_description/lib/python3.10/site-packages'
[0.594s] Level 1:colcon.colcon_core.environment:checking '/home/tuanmac/linorobot2_ws/install/linorobot2_description/bin'
[0.594s] INFO:colcon.colcon_core.shell:Creating package script '/home/tuanmac/linorobot2_ws/install/linorobot2_description/share/linorobot2_description/package.ps1'
[0.594s] INFO:colcon.colcon_core.shell:Creating package descriptor '/home/tuanmac/linorobot2_ws/install/linorobot2_description/share/linorobot2_description/package.dsv'
[0.594s] INFO:colcon.colcon_core.shell:Creating package script '/home/tuanmac/linorobot2_ws/install/linorobot2_description/share/linorobot2_description/package.sh'
[0.594s] INFO:colcon.colcon_core.shell:Creating package script '/home/tuanmac/linorobot2_ws/install/linorobot2_description/share/linorobot2_description/package.bash'
[0.595s] INFO:colcon.colcon_core.shell:Creating package script '/home/tuanmac/linorobot2_ws/install/linorobot2_description/share/linorobot2_description/package.zsh'
[0.595s] Level 1:colcon.colcon_core.environment:create_file_with_runtime_dependencies(/home/tuanmac/linorobot2_ws/install/linorobot2_description/share/colcon-core/packages/linorobot2_description)
[0.595s] Level 1:colcon.colcon_core.environment:create_environment_scripts_only(linorobot2_gazebo)
[0.595s] Level 1:colcon.colcon_core.environment:checking '/home/tuanmac/linorobot2_ws/install/linorobot2_gazebo' for CMake module files
[0.596s] Level 1:colcon.colcon_core.environment:checking '/home/tuanmac/linorobot2_ws/install/linorobot2_gazebo' for CMake config files
[0.596s] DEBUG:colcon.colcon_core.event_handler.log_command:Invoked command in '/home/tuanmac/linorobot2_ws/build/linorobot2_gazebo' returned '0': CMAKE_PREFIX_PATH=${CMAKE_PREFIX_PATH}:/home/tuanmac/ros2_ws/install/my_robot_controllr:/opt/ros/humble /usr/bin/cmake --install /home/tuanmac/linorobot2_ws/build/linorobot2_gazebo
[0.596s] Level 1:colcon.colcon_core.shell:create_environment_hook('linorobot2_gazebo', 'cmake_prefix_path')
[0.597s] INFO:colcon.colcon_core.shell:Creating environment hook '/home/tuanmac/linorobot2_ws/install/linorobot2_gazebo/share/linorobot2_gazebo/hook/cmake_prefix_path.ps1'
[0.597s] INFO:colcon.colcon_core.shell:Creating environment descriptor '/home/tuanmac/linorobot2_ws/install/linorobot2_gazebo/share/linorobot2_gazebo/hook/cmake_prefix_path.dsv'
[0.597s] INFO:colcon.colcon_core.shell:Creating environment hook '/home/tuanmac/linorobot2_ws/install/linorobot2_gazebo/share/linorobot2_gazebo/hook/cmake_prefix_path.sh'
[0.597s] Level 1:colcon.colcon_core.environment:checking '/home/tuanmac/linorobot2_ws/install/linorobot2_gazebo/lib'
[0.597s] Level 1:colcon.colcon_core.environment:checking '/home/tuanmac/linorobot2_ws/install/linorobot2_gazebo/bin'
[0.598s] Level 1:colcon.colcon_core.environment:checking '/home/tuanmac/linorobot2_ws/install/linorobot2_gazebo/lib/pkgconfig/linorobot2_gazebo.pc'
[0.598s] Level 1:colcon.colcon_core.environment:checking '/home/tuanmac/linorobot2_ws/install/linorobot2_gazebo/lib/python3.10/site-packages'
[0.598s] Level 1:colcon.colcon_core.environment:checking '/home/tuanmac/linorobot2_ws/install/linorobot2_gazebo/bin'
[0.598s] INFO:colcon.colcon_core.shell:Creating package script '/home/tuanmac/linorobot2_ws/install/linorobot2_gazebo/share/linorobot2_gazebo/package.ps1'
[0.598s] INFO:colcon.colcon_core.shell:Creating package descriptor '/home/tuanmac/linorobot2_ws/install/linorobot2_gazebo/share/linorobot2_gazebo/package.dsv'
[0.599s] INFO:colcon.colcon_core.shell:Creating package script '/home/tuanmac/linorobot2_ws/install/linorobot2_gazebo/share/linorobot2_gazebo/package.sh'
[0.599s] INFO:colcon.colcon_core.shell:Creating package script '/home/tuanmac/linorobot2_ws/install/linorobot2_gazebo/share/linorobot2_gazebo/package.bash'
[0.599s] INFO:colcon.colcon_core.shell:Creating package script '/home/tuanmac/linorobot2_ws/install/linorobot2_gazebo/share/linorobot2_gazebo/package.zsh'
[0.599s] Level 1:colcon.colcon_core.environment:create_file_with_runtime_dependencies(/home/tuanmac/linorobot2_ws/install/linorobot2_gazebo/share/colcon-core/packages/linorobot2_gazebo)
[0.599s] Level 1:colcon.colcon_core.environment:create_environment_scripts_only(linorobot2_gazebo)
[0.600s] Level 1:colcon.colcon_core.environment:checking '/home/tuanmac/linorobot2_ws/install/linorobot2_gazebo' for CMake module files
[0.600s] Level 1:colcon.colcon_core.environment:checking '/home/tuanmac/linorobot2_ws/install/linorobot2_gazebo' for CMake config files
[0.600s] Level 1:colcon.colcon_core.shell:create_environment_hook('linorobot2_gazebo', 'cmake_prefix_path')
[0.600s] INFO:colcon.colcon_core.shell:Creating environment hook '/home/tuanmac/linorobot2_ws/install/linorobot2_gazebo/share/linorobot2_gazebo/hook/cmake_prefix_path.ps1'
[0.600s] INFO:colcon.colcon_core.shell:Creating environment descriptor '/home/tuanmac/linorobot2_ws/install/linorobot2_gazebo/share/linorobot2_gazebo/hook/cmake_prefix_path.dsv'
[0.600s] INFO:colcon.colcon_core.shell:Creating environment hook '/home/tuanmac/linorobot2_ws/install/linorobot2_gazebo/share/linorobot2_gazebo/hook/cmake_prefix_path.sh'
[0.601s] Level 1:colcon.colcon_core.environment:checking '/home/tuanmac/linorobot2_ws/install/linorobot2_gazebo/lib'
[0.601s] Level 1:colcon.colcon_core.environment:checking '/home/tuanmac/linorobot2_ws/install/linorobot2_gazebo/bin'
[0.601s] Level 1:colcon.colcon_core.environment:checking '/home/tuanmac/linorobot2_ws/install/linorobot2_gazebo/lib/pkgconfig/linorobot2_gazebo.pc'
[0.601s] Level 1:colcon.colcon_core.environment:checking '/home/tuanmac/linorobot2_ws/install/linorobot2_gazebo/lib/python3.10/site-packages'
[0.601s] Level 1:colcon.colcon_core.environment:checking '/home/tuanmac/linorobot2_ws/install/linorobot2_gazebo/bin'
[0.602s] INFO:colcon.colcon_core.shell:Creating package script '/home/tuanmac/linorobot2_ws/install/linorobot2_gazebo/share/linorobot2_gazebo/package.ps1'
[0.602s] INFO:colcon.colcon_core.shell:Creating package descriptor '/home/tuanmac/linorobot2_ws/install/linorobot2_gazebo/share/linorobot2_gazebo/package.dsv'
[0.602s] INFO:colcon.colcon_core.shell:Creating package script '/home/tuanmac/linorobot2_ws/install/linorobot2_gazebo/share/linorobot2_gazebo/package.sh'
[0.602s] INFO:colcon.colcon_core.shell:Creating package script '/home/tuanmac/linorobot2_ws/install/linorobot2_gazebo/share/linorobot2_gazebo/package.bash'
[0.603s] INFO:colcon.colcon_core.shell:Creating package script '/home/tuanmac/linorobot2_ws/install/linorobot2_gazebo/share/linorobot2_gazebo/package.zsh'
[0.603s] Level 1:colcon.colcon_core.environment:create_file_with_runtime_dependencies(/home/tuanmac/linorobot2_ws/install/linorobot2_gazebo/share/colcon-core/packages/linorobot2_gazebo)
[0.603s] Level 1:colcon.colcon_core.environment:create_environment_scripts_only(linorobot2_base)
[0.604s] Level 1:colcon.colcon_core.environment:checking '/home/tuanmac/linorobot2_ws/install/linorobot2_base' for CMake module files
[0.604s] Level 1:colcon.colcon_core.environment:checking '/home/tuanmac/linorobot2_ws/install/linorobot2_base' for CMake config files
[0.604s] DEBUG:colcon.colcon_core.event_handler.log_command:Invoked command in '/home/tuanmac/linorobot2_ws/build/linorobot2_base' returned '0': CMAKE_PREFIX_PATH=${CMAKE_PREFIX_PATH}:/home/tuanmac/ros2_ws/install/my_robot_controllr:/opt/ros/humble /usr/bin/cmake --install /home/tuanmac/linorobot2_ws/build/linorobot2_base
[0.605s] Level 1:colcon.colcon_core.shell:create_environment_hook('linorobot2_base', 'cmake_prefix_path')
[0.605s] INFO:colcon.colcon_core.shell:Creating environment hook '/home/tuanmac/linorobot2_ws/install/linorobot2_base/share/linorobot2_base/hook/cmake_prefix_path.ps1'
[0.605s] INFO:colcon.colcon_core.shell:Creating environment descriptor '/home/tuanmac/linorobot2_ws/install/linorobot2_base/share/linorobot2_base/hook/cmake_prefix_path.dsv'
[0.605s] INFO:colcon.colcon_core.shell:Creating environment hook '/home/tuanmac/linorobot2_ws/install/linorobot2_base/share/linorobot2_base/hook/cmake_prefix_path.sh'
[0.606s] Level 1:colcon.colcon_core.environment:checking '/home/tuanmac/linorobot2_ws/install/linorobot2_base/bin'
[0.606s] Level 1:colcon.colcon_core.environment:checking '/home/tuanmac/linorobot2_ws/install/linorobot2_base/lib/pkgconfig/linorobot2_base.pc'
[0.606s] Level 1:colcon.colcon_core.environment:checking '/home/tuanmac/linorobot2_ws/install/linorobot2_base/lib/python3.10/site-packages'
[0.606s] Level 1:colcon.colcon_core.environment:checking '/home/tuanmac/linorobot2_ws/install/linorobot2_base/bin'
[0.607s] INFO:colcon.colcon_core.shell:Creating package script '/home/tuanmac/linorobot2_ws/install/linorobot2_base/share/linorobot2_base/package.ps1'
[0.607s] INFO:colcon.colcon_core.shell:Creating package descriptor '/home/tuanmac/linorobot2_ws/install/linorobot2_base/share/linorobot2_base/package.dsv'
[0.607s] INFO:colcon.colcon_core.shell:Creating package script '/home/tuanmac/linorobot2_ws/install/linorobot2_base/share/linorobot2_base/package.sh'
[0.608s] INFO:colcon.colcon_core.shell:Creating package script '/home/tuanmac/linorobot2_ws/install/linorobot2_base/share/linorobot2_base/package.bash'
[0.608s] INFO:colcon.colcon_core.shell:Creating package script '/home/tuanmac/linorobot2_ws/install/linorobot2_base/share/linorobot2_base/package.zsh'
[0.608s] Level 1:colcon.colcon_core.environment:create_file_with_runtime_dependencies(/home/tuanmac/linorobot2_ws/install/linorobot2_base/share/colcon-core/packages/linorobot2_base)
[0.609s] Level 1:colcon.colcon_core.environment:create_environment_scripts_only(linorobot2_base)
[0.609s] Level 1:colcon.colcon_core.environment:checking '/home/tuanmac/linorobot2_ws/install/linorobot2_base' for CMake module files
[0.609s] Level 1:colcon.colcon_core.environment:checking '/home/tuanmac/linorobot2_ws/install/linorobot2_base' for CMake config files
[0.609s] Level 1:colcon.colcon_core.shell:create_environment_hook('linorobot2_base', 'cmake_prefix_path')
[0.609s] INFO:colcon.colcon_core.shell:Creating environment hook '/home/tuanmac/linorobot2_ws/install/linorobot2_base/share/linorobot2_base/hook/cmake_prefix_path.ps1'
[0.610s] INFO:colcon.colcon_core.shell:Creating environment descriptor '/home/tuanmac/linorobot2_ws/install/linorobot2_base/share/linorobot2_base/hook/cmake_prefix_path.dsv'
[0.610s] INFO:colcon.colcon_core.shell:Creating environment hook '/home/tuanmac/linorobot2_ws/install/linorobot2_base/share/linorobot2_base/hook/cmake_prefix_path.sh'
[0.611s] Level 1:colcon.colcon_core.environment:checking '/home/tuanmac/linorobot2_ws/install/linorobot2_base/bin'
[0.611s] Level 1:colcon.colcon_core.environment:checking '/home/tuanmac/linorobot2_ws/install/linorobot2_base/lib/pkgconfig/linorobot2_base.pc'
[0.611s] Level 1:colcon.colcon_core.environment:checking '/home/tuanmac/linorobot2_ws/install/linorobot2_base/lib/python3.10/site-packages'
[0.611s] Level 1:colcon.colcon_core.environment:checking '/home/tuanmac/linorobot2_ws/install/linorobot2_base/bin'
[0.612s] INFO:colcon.colcon_core.shell:Creating package script '/home/tuanmac/linorobot2_ws/install/linorobot2_base/share/linorobot2_base/package.ps1'
[0.612s] INFO:colcon.colcon_core.shell:Creating package descriptor '/home/tuanmac/linorobot2_ws/install/linorobot2_base/share/linorobot2_base/package.dsv'
[0.613s] INFO:colcon.colcon_core.shell:Creating package script '/home/tuanmac/linorobot2_ws/install/linorobot2_base/share/linorobot2_base/package.sh'
[0.613s] INFO:colcon.colcon_core.shell:Creating package script '/home/tuanmac/linorobot2_ws/install/linorobot2_base/share/linorobot2_base/package.bash'
[0.614s] INFO:colcon.colcon_core.shell:Creating package script '/home/tuanmac/linorobot2_ws/install/linorobot2_base/share/linorobot2_base/package.zsh'
[0.614s] Level 1:colcon.colcon_core.environment:create_file_with_runtime_dependencies(/home/tuanmac/linorobot2_ws/install/linorobot2_base/share/colcon-core/packages/linorobot2_base)
[0.616s] Level 1:colcon.colcon_core.environment:create_environment_scripts_only(linorobot2)
[0.616s] Level 1:colcon.colcon_core.environment:checking '/home/tuanmac/linorobot2_ws/install/linorobot2' for CMake module files
[0.618s] Level 1:colcon.colcon_core.environment:checking '/home/tuanmac/linorobot2_ws/install/linorobot2' for CMake config files
[0.618s] DEBUG:colcon.colcon_core.event_handler.log_command:Invoked command in '/home/tuanmac/linorobot2_ws/build/linorobot2' returned '0': CMAKE_PREFIX_PATH=${CMAKE_PREFIX_PATH}:/home/tuanmac/ros2_ws/install/my_robot_controllr:/opt/ros/humble /usr/bin/cmake --install /home/tuanmac/linorobot2_ws/build/linorobot2
[0.618s] Level 1:colcon.colcon_core.shell:create_environment_hook('linorobot2', 'cmake_prefix_path')
[0.618s] INFO:colcon.colcon_core.shell:Creating environment hook '/home/tuanmac/linorobot2_ws/install/linorobot2/share/linorobot2/hook/cmake_prefix_path.ps1'
[0.619s] INFO:colcon.colcon_core.shell:Creating environment descriptor '/home/tuanmac/linorobot2_ws/install/linorobot2/share/linorobot2/hook/cmake_prefix_path.dsv'
[0.619s] INFO:colcon.colcon_core.shell:Creating environment hook '/home/tuanmac/linorobot2_ws/install/linorobot2/share/linorobot2/hook/cmake_prefix_path.sh'
[0.619s] Level 1:colcon.colcon_core.environment:checking '/home/tuanmac/linorobot2_ws/install/linorobot2/bin'
[0.620s] Level 1:colcon.colcon_core.environment:checking '/home/tuanmac/linorobot2_ws/install/linorobot2/lib/pkgconfig/linorobot2.pc'
[0.620s] Level 1:colcon.colcon_core.environment:checking '/home/tuanmac/linorobot2_ws/install/linorobot2/lib/python3.10/site-packages'
[0.620s] Level 1:colcon.colcon_core.environment:checking '/home/tuanmac/linorobot2_ws/install/linorobot2/bin'
[0.620s] INFO:colcon.colcon_core.shell:Creating package script '/home/tuanmac/linorobot2_ws/install/linorobot2/share/linorobot2/package.ps1'
[0.621s] INFO:colcon.colcon_core.shell:Creating package descriptor '/home/tuanmac/linorobot2_ws/install/linorobot2/share/linorobot2/package.dsv'
[0.621s] INFO:colcon.colcon_core.shell:Creating package script '/home/tuanmac/linorobot2_ws/install/linorobot2/share/linorobot2/package.sh'
[0.621s] INFO:colcon.colcon_core.shell:Creating package script '/home/tuanmac/linorobot2_ws/install/linorobot2/share/linorobot2/package.bash'
[0.622s] INFO:colcon.colcon_core.shell:Creating package script '/home/tuanmac/linorobot2_ws/install/linorobot2/share/linorobot2/package.zsh'
[0.622s] Level 1:colcon.colcon_core.environment:create_file_with_runtime_dependencies(/home/tuanmac/linorobot2_ws/install/linorobot2/share/colcon-core/packages/linorobot2)
[0.623s] Level 1:colcon.colcon_core.environment:create_environment_scripts_only(linorobot2)
[0.623s] Level 1:colcon.colcon_core.environment:checking '/home/tuanmac/linorobot2_ws/install/linorobot2' for CMake module files
[0.623s] Level 1:colcon.colcon_core.environment:checking '/home/tuanmac/linorobot2_ws/install/linorobot2' for CMake config files
[0.624s] Level 1:colcon.colcon_core.shell:create_environment_hook('linorobot2', 'cmake_prefix_path')
[0.624s] INFO:colcon.colcon_core.shell:Creating environment hook '/home/tuanmac/linorobot2_ws/install/linorobot2/share/linorobot2/hook/cmake_prefix_path.ps1'
[0.624s] INFO:colcon.colcon_core.shell:Creating environment descriptor '/home/tuanmac/linorobot2_ws/install/linorobot2/share/linorobot2/hook/cmake_prefix_path.dsv'
[0.624s] INFO:colcon.colcon_core.shell:Creating environment hook '/home/tuanmac/linorobot2_ws/install/linorobot2/share/linorobot2/hook/cmake_prefix_path.sh'
[0.625s] Level 1:colcon.colcon_core.environment:checking '/home/tuanmac/linorobot2_ws/install/linorobot2/bin'
[0.625s] Level 1:colcon.colcon_core.environment:checking '/home/tuanmac/linorobot2_ws/install/linorobot2/lib/pkgconfig/linorobot2.pc'
[0.625s] Level 1:colcon.colcon_core.environment:checking '/home/tuanmac/linorobot2_ws/install/linorobot2/lib/python3.10/site-packages'
[0.625s] Level 1:colcon.colcon_core.environment:checking '/home/tuanmac/linorobot2_ws/install/linorobot2/bin'
[0.626s] INFO:colcon.colcon_core.shell:Creating package script '/home/tuanmac/linorobot2_ws/install/linorobot2/share/linorobot2/package.ps1'
[0.626s] INFO:colcon.colcon_core.shell:Creating package descriptor '/home/tuanmac/linorobot2_ws/install/linorobot2/share/linorobot2/package.dsv'
[0.627s] INFO:colcon.colcon_core.shell:Creating package script '/home/tuanmac/linorobot2_ws/install/linorobot2/share/linorobot2/package.sh'
[0.627s] INFO:colcon.colcon_core.shell:Creating package script '/home/tuanmac/linorobot2_ws/install/linorobot2/share/linorobot2/package.bash'
[0.627s] INFO:colcon.colcon_core.shell:Creating package script '/home/tuanmac/linorobot2_ws/install/linorobot2/share/linorobot2/package.zsh'
[0.628s] Level 1:colcon.colcon_core.environment:create_file_with_runtime_dependencies(/home/tuanmac/linorobot2_ws/install/linorobot2/share/colcon-core/packages/linorobot2)
[0.628s] Level 1:colcon.colcon_core.environment:create_environment_scripts_only(linorobot2_navigation)
[0.628s] Level 1:colcon.colcon_core.environment:checking '/home/tuanmac/linorobot2_ws/install/linorobot2_navigation' for CMake module files
[0.629s] DEBUG:colcon.colcon_core.event_handler.log_command:Invoked command in '/home/tuanmac/linorobot2_ws/build/linorobot2_navigation' returned '0': CMAKE_PREFIX_PATH=${CMAKE_PREFIX_PATH}:/home/tuanmac/ros2_ws/install/my_robot_controllr:/opt/ros/humble /usr/bin/cmake --install /home/tuanmac/linorobot2_ws/build/linorobot2_navigation
[0.629s] Level 1:colcon.colcon_core.environment:checking '/home/tuanmac/linorobot2_ws/install/linorobot2_navigation' for CMake config files
[0.630s] Level 1:colcon.colcon_core.shell:create_environment_hook('linorobot2_navigation', 'cmake_prefix_path')
[0.630s] INFO:colcon.colcon_core.shell:Creating environment hook '/home/tuanmac/linorobot2_ws/install/linorobot2_navigation/share/linorobot2_navigation/hook/cmake_prefix_path.ps1'
[0.630s] INFO:colcon.colcon_core.shell:Creating environment descriptor '/home/tuanmac/linorobot2_ws/install/linorobot2_navigation/share/linorobot2_navigation/hook/cmake_prefix_path.dsv'
[0.631s] INFO:colcon.colcon_core.shell:Creating environment hook '/home/tuanmac/linorobot2_ws/install/linorobot2_navigation/share/linorobot2_navigation/hook/cmake_prefix_path.sh'
[0.631s] Level 1:colcon.colcon_core.environment:checking '/home/tuanmac/linorobot2_ws/install/linorobot2_navigation/bin'
[0.631s] Level 1:colcon.colcon_core.environment:checking '/home/tuanmac/linorobot2_ws/install/linorobot2_navigation/lib/pkgconfig/linorobot2_navigation.pc'
[0.631s] Level 1:colcon.colcon_core.environment:checking '/home/tuanmac/linorobot2_ws/install/linorobot2_navigation/lib/python3.10/site-packages'
[0.632s] Level 1:colcon.colcon_core.environment:checking '/home/tuanmac/linorobot2_ws/install/linorobot2_navigation/bin'
[0.632s] INFO:colcon.colcon_core.shell:Creating package script '/home/tuanmac/linorobot2_ws/install/linorobot2_navigation/share/linorobot2_navigation/package.ps1'
[0.632s] INFO:colcon.colcon_core.shell:Creating package descriptor '/home/tuanmac/linorobot2_ws/install/linorobot2_navigation/share/linorobot2_navigation/package.dsv'
[0.633s] INFO:colcon.colcon_core.shell:Creating package script '/home/tuanmac/linorobot2_ws/install/linorobot2_navigation/share/linorobot2_navigation/package.sh'
[0.633s] INFO:colcon.colcon_core.shell:Creating package script '/home/tuanmac/linorobot2_ws/install/linorobot2_navigation/share/linorobot2_navigation/package.bash'
[0.633s] INFO:colcon.colcon_core.shell:Creating package script '/home/tuanmac/linorobot2_ws/install/linorobot2_navigation/share/linorobot2_navigation/package.zsh'
[0.634s] Level 1:colcon.colcon_core.environment:create_file_with_runtime_dependencies(/home/tuanmac/linorobot2_ws/install/linorobot2_navigation/share/colcon-core/packages/linorobot2_navigation)
[0.634s] Level 1:colcon.colcon_core.environment:create_environment_scripts_only(linorobot2_navigation)
[0.634s] Level 1:colcon.colcon_core.environment:checking '/home/tuanmac/linorobot2_ws/install/linorobot2_navigation' for CMake module files
[0.635s] Level 1:colcon.colcon_core.environment:checking '/home/tuanmac/linorobot2_ws/install/linorobot2_navigation' for CMake config files
[0.635s] Level 1:colcon.colcon_core.shell:create_environment_hook('linorobot2_navigation', 'cmake_prefix_path')
[0.635s] INFO:colcon.colcon_core.shell:Creating environment hook '/home/tuanmac/linorobot2_ws/install/linorobot2_navigation/share/linorobot2_navigation/hook/cmake_prefix_path.ps1'
[0.636s] INFO:colcon.colcon_core.shell:Creating environment descriptor '/home/tuanmac/linorobot2_ws/install/linorobot2_navigation/share/linorobot2_navigation/hook/cmake_prefix_path.dsv'
[0.637s] INFO:colcon.colcon_core.shell:Creating environment hook '/home/tuanmac/linorobot2_ws/install/linorobot2_navigation/share/linorobot2_navigation/hook/cmake_prefix_path.sh'
[0.637s] Level 1:colcon.colcon_core.environment:checking '/home/tuanmac/linorobot2_ws/install/linorobot2_navigation/bin'
[0.637s] Level 1:colcon.colcon_core.environment:checking '/home/tuanmac/linorobot2_ws/install/linorobot2_navigation/lib/pkgconfig/linorobot2_navigation.pc'
[0.638s] Level 1:colcon.colcon_core.environment:checking '/home/tuanmac/linorobot2_ws/install/linorobot2_navigation/lib/python3.10/site-packages'
[0.638s] Level 1:colcon.colcon_core.environment:checking '/home/tuanmac/linorobot2_ws/install/linorobot2_navigation/bin'
[0.638s] INFO:colcon.colcon_core.shell:Creating package script '/home/tuanmac/linorobot2_ws/install/linorobot2_navigation/share/linorobot2_navigation/package.ps1'
[0.639s] INFO:colcon.colcon_core.shell:Creating package descriptor '/home/tuanmac/linorobot2_ws/install/linorobot2_navigation/share/linorobot2_navigation/package.dsv'
[0.639s] INFO:colcon.colcon_core.shell:Creating package script '/home/tuanmac/linorobot2_ws/install/linorobot2_navigation/share/linorobot2_navigation/package.sh'
[0.639s] INFO:colcon.colcon_core.shell:Creating package script '/home/tuanmac/linorobot2_ws/install/linorobot2_navigation/share/linorobot2_navigation/package.bash'
[0.640s] INFO:colcon.colcon_core.shell:Creating package script '/home/tuanmac/linorobot2_ws/install/linorobot2_navigation/share/linorobot2_navigation/package.zsh'
[0.640s] Level 1:colcon.colcon_core.environment:create_file_with_runtime_dependencies(/home/tuanmac/linorobot2_ws/install/linorobot2_navigation/share/colcon-core/packages/linorobot2_navigation)
[0.641s] Level 1:colcon.colcon_core.environment:create_environment_scripts_only(linorobot2_bringup)
[0.641s] Level 1:colcon.colcon_core.environment:checking '/home/tuanmac/linorobot2_ws/install/linorobot2_bringup' for CMake module files
[0.642s] DEBUG:colcon.colcon_core.event_handler.log_command:Invoked command in '/home/tuanmac/linorobot2_ws/build/linorobot2_bringup' returned '0': CMAKE_PREFIX_PATH=${CMAKE_PREFIX_PATH}:/home/tuanmac/ros2_ws/install/my_robot_controllr:/opt/ros/humble /usr/bin/cmake --install /home/tuanmac/linorobot2_ws/build/linorobot2_bringup
[0.642s] Level 1:colcon.colcon_core.environment:checking '/home/tuanmac/linorobot2_ws/install/linorobot2_bringup' for CMake config files
[0.642s] Level 1:colcon.colcon_core.shell:create_environment_hook('linorobot2_bringup', 'cmake_prefix_path')
[0.643s] INFO:colcon.colcon_core.shell:Creating environment hook '/home/tuanmac/linorobot2_ws/install/linorobot2_bringup/share/linorobot2_bringup/hook/cmake_prefix_path.ps1'
[0.643s] INFO:colcon.colcon_core.shell:Creating environment descriptor '/home/tuanmac/linorobot2_ws/install/linorobot2_bringup/share/linorobot2_bringup/hook/cmake_prefix_path.dsv'
[0.644s] INFO:colcon.colcon_core.shell:Creating environment hook '/home/tuanmac/linorobot2_ws/install/linorobot2_bringup/share/linorobot2_bringup/hook/cmake_prefix_path.sh'
[0.645s] Level 1:colcon.colcon_core.environment:checking '/home/tuanmac/linorobot2_ws/install/linorobot2_bringup/bin'
[0.645s] Level 1:colcon.colcon_core.environment:checking '/home/tuanmac/linorobot2_ws/install/linorobot2_bringup/lib/pkgconfig/linorobot2_bringup.pc'
[0.645s] Level 1:colcon.colcon_core.environment:checking '/home/tuanmac/linorobot2_ws/install/linorobot2_bringup/lib/python3.10/site-packages'
[0.645s] Level 1:colcon.colcon_core.environment:checking '/home/tuanmac/linorobot2_ws/install/linorobot2_bringup/bin'
[0.646s] INFO:colcon.colcon_core.shell:Creating package script '/home/tuanmac/linorobot2_ws/install/linorobot2_bringup/share/linorobot2_bringup/package.ps1'
[0.647s] INFO:colcon.colcon_core.shell:Creating package descriptor '/home/tuanmac/linorobot2_ws/install/linorobot2_bringup/share/linorobot2_bringup/package.dsv'
[0.647s] INFO:colcon.colcon_core.shell:Creating package script '/home/tuanmac/linorobot2_ws/install/linorobot2_bringup/share/linorobot2_bringup/package.sh'
[0.648s] INFO:colcon.colcon_core.shell:Creating package script '/home/tuanmac/linorobot2_ws/install/linorobot2_bringup/share/linorobot2_bringup/package.bash'
[0.648s] INFO:colcon.colcon_core.shell:Creating package script '/home/tuanmac/linorobot2_ws/install/linorobot2_bringup/share/linorobot2_bringup/package.zsh'
[0.649s] Level 1:colcon.colcon_core.environment:create_file_with_runtime_dependencies(/home/tuanmac/linorobot2_ws/install/linorobot2_bringup/share/colcon-core/packages/linorobot2_bringup)
[0.649s] Level 1:colcon.colcon_core.environment:create_environment_scripts_only(linorobot2_bringup)
[0.650s] Level 1:colcon.colcon_core.environment:checking '/home/tuanmac/linorobot2_ws/install/linorobot2_bringup' for CMake module files
[0.650s] Level 1:colcon.colcon_core.environment:checking '/home/tuanmac/linorobot2_ws/install/linorobot2_bringup' for CMake config files
[0.651s] Level 1:colcon.colcon_core.shell:create_environment_hook('linorobot2_bringup', 'cmake_prefix_path')
[0.651s] INFO:colcon.colcon_core.shell:Creating environment hook '/home/tuanmac/linorobot2_ws/install/linorobot2_bringup/share/linorobot2_bringup/hook/cmake_prefix_path.ps1'
[0.651s] INFO:colcon.colcon_core.shell:Creating environment descriptor '/home/tuanmac/linorobot2_ws/install/linorobot2_bringup/share/linorobot2_bringup/hook/cmake_prefix_path.dsv'
[0.652s] INFO:colcon.colcon_core.shell:Creating environment hook '/home/tuanmac/linorobot2_ws/install/linorobot2_bringup/share/linorobot2_bringup/hook/cmake_prefix_path.sh'
[0.653s] Level 1:colcon.colcon_core.environment:checking '/home/tuanmac/linorobot2_ws/install/linorobot2_bringup/bin'
[0.653s] Level 1:colcon.colcon_core.environment:checking '/home/tuanmac/linorobot2_ws/install/linorobot2_bringup/lib/pkgconfig/linorobot2_bringup.pc'
[0.653s] Level 1:colcon.colcon_core.environment:checking '/home/tuanmac/linorobot2_ws/install/linorobot2_bringup/lib/python3.10/site-packages'
[0.654s] Level 1:colcon.colcon_core.environment:checking '/home/tuanmac/linorobot2_ws/install/linorobot2_bringup/bin'
[0.655s] INFO:colcon.colcon_core.shell:Creating package script '/home/tuanmac/linorobot2_ws/install/linorobot2_bringup/share/linorobot2_bringup/package.ps1'
[0.656s] INFO:colcon.colcon_core.shell:Creating package descriptor '/home/tuanmac/linorobot2_ws/install/linorobot2_bringup/share/linorobot2_bringup/package.dsv'
[0.656s] INFO:colcon.colcon_core.shell:Creating package script '/home/tuanmac/linorobot2_ws/install/linorobot2_bringup/share/linorobot2_bringup/package.sh'
[0.657s] INFO:colcon.colcon_core.shell:Creating package script '/home/tuanmac/linorobot2_ws/install/linorobot2_bringup/share/linorobot2_bringup/package.bash'
[0.658s] INFO:colcon.colcon_core.shell:Creating package script '/home/tuanmac/linorobot2_ws/install/linorobot2_bringup/share/linorobot2_bringup/package.zsh'
[0.658s] Level 1:colcon.colcon_core.environment:create_file_with_runtime_dependencies(/home/tuanmac/linorobot2_ws/install/linorobot2_bringup/share/colcon-core/packages/linorobot2_bringup)
[0.658s] DEBUG:colcon.colcon_parallel_executor.executor.parallel:closing loop
[0.659s] DEBUG:colcon.colcon_parallel_executor.executor.parallel:loop closed
[0.659s] DEBUG:colcon.colcon_parallel_executor.executor.parallel:run_until_complete finished with '0'
[0.659s] DEBUG:colcon.colcon_core.event_reactor:joining thread
[0.664s] INFO:colcon.colcon_core.plugin_system:Skipping extension 'colcon_notification.desktop_notification.terminal_notifier': Not used on non-Darwin systems
[0.664s] INFO:colcon.colcon_core.plugin_system:Skipping extension 'colcon_notification.desktop_notification.win32': Not used on non-Windows systems
[0.664s] INFO:colcon.colcon_notification.desktop_notification:Sending desktop notification using 'notify2'
[0.679s] DEBUG:colcon.colcon_core.event_reactor:joined thread
[0.680s] INFO:colcon.colcon_core.shell:Creating prefix script '/home/tuanmac/linorobot2_ws/install/local_setup.ps1'
[0.682s] INFO:colcon.colcon_core.shell:Creating prefix util module '/home/tuanmac/linorobot2_ws/install/_local_setup_util_ps1.py'
[0.686s] INFO:colcon.colcon_core.shell:Creating prefix chain script '/home/tuanmac/linorobot2_ws/install/setup.ps1'
[0.687s] INFO:colcon.colcon_core.shell:Creating prefix script '/home/tuanmac/linorobot2_ws/install/local_setup.sh'
[0.688s] INFO:colcon.colcon_core.shell:Creating prefix util module '/home/tuanmac/linorobot2_ws/install/_local_setup_util_sh.py'
[0.688s] INFO:colcon.colcon_core.shell:Creating prefix chain script '/home/tuanmac/linorobot2_ws/install/setup.sh'
[0.689s] INFO:colcon.colcon_core.shell:Creating prefix script '/home/tuanmac/linorobot2_ws/install/local_setup.bash'
[0.689s] INFO:colcon.colcon_core.shell:Creating prefix chain script '/home/tuanmac/linorobot2_ws/install/setup.bash'
[0.690s] INFO:colcon.colcon_core.shell:Creating prefix script '/home/tuanmac/linorobot2_ws/install/local_setup.zsh'
[0.691s] INFO:colcon.colcon_core.shell:Creating prefix chain script '/home/tuanmac/linorobot2_ws/install/setup.zsh'
