[0.016s] Invoking command in '/home/tuanmac/linorobot2_ws/build/linorobot2_base': CMAKE_PREFIX_PATH=${CMAKE_PREFIX_PATH}:/home/tuanmac/ros2_ws/install/my_robot_controllr:/opt/ros/humble /usr/bin/cmake --build /home/tuanmac/linorobot2_ws/build/linorobot2_base -- -j16 -l16
[0.075s] Invoked command in '/home/tuanmac/linorobot2_ws/build/linorobot2_base' returned '0': CMAKE_PREFIX_PATH=${CMAKE_PREFIX_PATH}:/home/tuanmac/ros2_ws/install/my_robot_controllr:/opt/ros/humble /usr/bin/cmake --build /home/tuanmac/linorobot2_ws/build/linorobot2_base -- -j16 -l16
[0.078s] Invoking command in '/home/tuanmac/linorobot2_ws/build/linorobot2_base': CMAKE_PREFIX_PATH=${CMAKE_PREFIX_PATH}:/home/tuanmac/ros2_ws/install/my_robot_controllr:/opt/ros/humble /usr/bin/cmake --install /home/tuanmac/linorobot2_ws/build/linorobot2_base
[0.091s] -- Install configuration: ""
[0.091s] -- Execute custom install script
[0.091s] -- Up-to-date symlink: /home/tuanmac/linorobot2_ws/install/linorobot2_base/share/linorobot2_base/config/ekf.yaml
[0.092s] -- Up-to-date symlink: /home/tuanmac/linorobot2_ws/install/linorobot2_base/share/ament_index/resource_index/package_run_dependencies/linorobot2_base
[0.093s] -- Up-to-date symlink: /home/tuanmac/linorobot2_ws/install/linorobot2_base/share/ament_index/resource_index/parent_prefix_path/linorobot2_base
[0.093s] -- Up-to-date symlink: /home/tuanmac/linorobot2_ws/install/linorobot2_base/share/linorobot2_base/environment/ament_prefix_path.sh
[0.093s] -- Up-to-date symlink: /home/tuanmac/linorobot2_ws/install/linorobot2_base/share/linorobot2_base/environment/ament_prefix_path.dsv
[0.093s] -- Up-to-date symlink: /home/tuanmac/linorobot2_ws/install/linorobot2_base/share/linorobot2_base/environment/path.sh
[0.093s] -- Up-to-date symlink: /home/tuanmac/linorobot2_ws/install/linorobot2_base/share/linorobot2_base/environment/path.dsv
[0.093s] -- Up-to-date symlink: /home/tuanmac/linorobot2_ws/install/linorobot2_base/share/linorobot2_base/local_setup.bash
[0.093s] -- Up-to-date symlink: /home/tuanmac/linorobot2_ws/install/linorobot2_base/share/linorobot2_base/local_setup.sh
[0.094s] -- Up-to-date symlink: /home/tuanmac/linorobot2_ws/install/linorobot2_base/share/linorobot2_base/local_setup.zsh
[0.094s] -- Up-to-date symlink: /home/tuanmac/linorobot2_ws/install/linorobot2_base/share/linorobot2_base/local_setup.dsv
[0.094s] -- Symlinking: /home/tuanmac/linorobot2_ws/install/linorobot2_base/share/linorobot2_base/package.dsv
[0.102s] -- Up-to-date symlink: /home/tuanmac/linorobot2_ws/install/linorobot2_base/share/ament_index/resource_index/packages/linorobot2_base
[0.103s] -- Up-to-date symlink: /home/tuanmac/linorobot2_ws/install/linorobot2_base/share/linorobot2_base/cmake/linorobot2_baseConfig.cmake
[0.103s] -- Up-to-date symlink: /home/tuanmac/linorobot2_ws/install/linorobot2_base/share/linorobot2_base/cmake/linorobot2_baseConfig-version.cmake
[0.103s] -- Up-to-date symlink: /home/tuanmac/linorobot2_ws/install/linorobot2_base/share/linorobot2_base/package.xml
[0.132s] Invoked command in '/home/tuanmac/linorobot2_ws/build/linorobot2_base' returned '0': CMAKE_PREFIX_PATH=${CMAKE_PREFIX_PATH}:/home/tuanmac/ros2_ws/install/my_robot_controllr:/opt/ros/humble /usr/bin/cmake --install /home/tuanmac/linorobot2_ws/build/linorobot2_base
