[0.013s] Invoking command in '/home/tuanmac/linorobot2_ws/build/linorobot2_navigation': /usr/bin/cmake /home/tuanmac/linorobot2_ws/src/linorobot2-humble/linorobot2_navigation -DAMENT_CMAKE_SYMLINK_INSTALL=1 -DCMAKE_INSTALL_PREFIX=/home/tuanmac/linorobot2_ws/install/linorobot2_navigation
[0.122s] -- The C compiler identification is GNU 11.4.0
[0.220s] -- The CXX compiler identification is GNU 11.4.0
[0.229s] -- Detecting C compiler ABI info
[0.306s] -- Detecting C compiler ABI info - done
[0.311s] -- Check for working C compiler: /usr/bin/cc - skipped
[0.311s] -- Detecting C compile features
[0.312s] -- Detecting C compile features - done
[0.314s] -- Detecting CXX compiler ABI info
[0.389s] -- Detecting CXX compiler ABI info - done
[0.396s] -- Check for working CXX compiler: /usr/bin/c++ - skipped
[0.397s] -- Detecting CXX compile features
[0.397s] -- Detecting CXX compile features - done
[0.398s] -- Found ament_cmake: 1.3.13 (/opt/ros/humble/share/ament_cmake/cmake)
[0.502s] -- Found Python3: /usr/bin/python3 (found version "3.10.12") found components: Interpreter 
[0.547s] -- Override CMake install command with custom implementation using symlinks instead of copying resources
[0.603s] -- Configuring done
[0.605s] -- Generating done
[0.606s] -- Build files have been written to: /home/tuanmac/linorobot2_ws/build/linorobot2_navigation
[0.609s] Invoked command in '/home/tuanmac/linorobot2_ws/build/linorobot2_navigation' returned '0': /usr/bin/cmake /home/tuanmac/linorobot2_ws/src/linorobot2-humble/linorobot2_navigation -DAMENT_CMAKE_SYMLINK_INSTALL=1 -DCMAKE_INSTALL_PREFIX=/home/tuanmac/linorobot2_ws/install/linorobot2_navigation
[0.610s] Invoking command in '/home/tuanmac/linorobot2_ws/build/linorobot2_navigation': /usr/bin/cmake --build /home/tuanmac/linorobot2_ws/build/linorobot2_navigation -- -j16 -l16
[0.642s] Invoked command in '/home/tuanmac/linorobot2_ws/build/linorobot2_navigation' returned '0': /usr/bin/cmake --build /home/tuanmac/linorobot2_ws/build/linorobot2_navigation -- -j16 -l16
[0.643s] Invoking command in '/home/tuanmac/linorobot2_ws/build/linorobot2_navigation': /usr/bin/cmake --install /home/tuanmac/linorobot2_ws/build/linorobot2_navigation
[0.647s] -- Install configuration: ""
[0.648s] -- Execute custom install script
[0.649s] -- Symlinking: /home/tuanmac/linorobot2_ws/install/linorobot2_navigation/share/linorobot2_navigation/launch/navigation.launch.py
[0.653s] -- Symlinking: /home/tuanmac/linorobot2_ws/install/linorobot2_navigation/share/linorobot2_navigation/launch/slam.launch.py
[0.660s] -- Symlinking: /home/tuanmac/linorobot2_ws/install/linorobot2_navigation/share/linorobot2_navigation/rviz/linorobot2_navigation.rviz
[0.665s] -- Symlinking: /home/tuanmac/linorobot2_ws/install/linorobot2_navigation/share/linorobot2_navigation/rviz/linorobot2_navigation_minimal.rviz
[0.673s] -- Symlinking: /home/tuanmac/linorobot2_ws/install/linorobot2_navigation/share/linorobot2_navigation/rviz/linorobot2_slam.rviz
[0.682s] -- Symlinking: /home/tuanmac/linorobot2_ws/install/linorobot2_navigation/share/linorobot2_navigation/config/navigation.yaml
[0.690s] -- Symlinking: /home/tuanmac/linorobot2_ws/install/linorobot2_navigation/share/linorobot2_navigation/config/navigation_sim.yaml
[0.698s] -- Symlinking: /home/tuanmac/linorobot2_ws/install/linorobot2_navigation/share/linorobot2_navigation/config/slam.yaml
[0.703s] -- Symlinking: /home/tuanmac/linorobot2_ws/install/linorobot2_navigation/share/linorobot2_navigation/maps/map.pgm
[0.708s] -- Symlinking: /home/tuanmac/linorobot2_ws/install/linorobot2_navigation/share/linorobot2_navigation/maps/map.yaml
[0.713s] -- Symlinking: /home/tuanmac/linorobot2_ws/install/linorobot2_navigation/share/linorobot2_navigation/maps/playground.pgm
[0.717s] -- Symlinking: /home/tuanmac/linorobot2_ws/install/linorobot2_navigation/share/linorobot2_navigation/maps/playground.yaml
[0.722s] -- Symlinking: /home/tuanmac/linorobot2_ws/install/linorobot2_navigation/share/ament_index/resource_index/package_run_dependencies/linorobot2_navigation
[0.727s] -- Symlinking: /home/tuanmac/linorobot2_ws/install/linorobot2_navigation/share/ament_index/resource_index/parent_prefix_path/linorobot2_navigation
[0.732s] -- Symlinking: /home/tuanmac/linorobot2_ws/install/linorobot2_navigation/share/linorobot2_navigation/environment/ament_prefix_path.sh
[0.736s] -- Symlinking: /home/tuanmac/linorobot2_ws/install/linorobot2_navigation/share/linorobot2_navigation/environment/ament_prefix_path.dsv
[0.741s] -- Symlinking: /home/tuanmac/linorobot2_ws/install/linorobot2_navigation/share/linorobot2_navigation/environment/path.sh
[0.747s] -- Symlinking: /home/tuanmac/linorobot2_ws/install/linorobot2_navigation/share/linorobot2_navigation/environment/path.dsv
[0.752s] -- Symlinking: /home/tuanmac/linorobot2_ws/install/linorobot2_navigation/share/linorobot2_navigation/local_setup.bash
[0.757s] -- Symlinking: /home/tuanmac/linorobot2_ws/install/linorobot2_navigation/share/linorobot2_navigation/local_setup.sh
[0.761s] -- Symlinking: /home/tuanmac/linorobot2_ws/install/linorobot2_navigation/share/linorobot2_navigation/local_setup.zsh
[0.769s] -- Symlinking: /home/tuanmac/linorobot2_ws/install/linorobot2_navigation/share/linorobot2_navigation/local_setup.dsv
[0.774s] -- Symlinking: /home/tuanmac/linorobot2_ws/install/linorobot2_navigation/share/linorobot2_navigation/package.dsv
[0.783s] -- Symlinking: /home/tuanmac/linorobot2_ws/install/linorobot2_navigation/share/ament_index/resource_index/packages/linorobot2_navigation
[0.791s] -- Symlinking: /home/tuanmac/linorobot2_ws/install/linorobot2_navigation/share/linorobot2_navigation/cmake/linorobot2_navigationConfig.cmake
[0.797s] -- Symlinking: /home/tuanmac/linorobot2_ws/install/linorobot2_navigation/share/linorobot2_navigation/cmake/linorobot2_navigationConfig-version.cmake
[0.805s] -- Symlinking: /home/tuanmac/linorobot2_ws/install/linorobot2_navigation/share/linorobot2_navigation/package.xml
[0.812s] Invoked command in '/home/tuanmac/linorobot2_ws/build/linorobot2_navigation' returned '0': /usr/bin/cmake --install /home/tuanmac/linorobot2_ws/build/linorobot2_navigation
