[0.014s] Invoking command in '/home/tuanmac/linorobot2_ws/build/linorobot2': /usr/bin/cmake /home/tuanmac/linorobot2_ws/src/linorobot2-humble/linorobot2 -DAMENT_CMAKE_SYMLINK_INSTALL=1 -DCMAKE_INSTALL_PREFIX=/home/tuanmac/linorobot2_ws/install/linorobot2
[0.131s] -- The C compiler identification is GNU 11.4.0
[0.227s] -- The CXX compiler identification is GNU 11.4.0
[0.239s] -- Detecting C compiler ABI info
[0.298s] -- Detecting C compiler ABI info - done
[0.304s] -- Check for working C compiler: /usr/bin/cc - skipped
[0.305s] -- Detecting C compile features
[0.306s] -- Detecting C compile features - done
[0.309s] -- Detecting CXX compiler ABI info
[0.397s] -- Detecting CXX compiler ABI info - done
[0.407s] -- Check for working CXX compiler: /usr/bin/c++ - skipped
[0.407s] -- Detecting CXX compile features
[0.407s] -- Detecting CXX compile features - done
[0.410s] -- Found ament_cmake: 1.3.13 (/opt/ros/humble/share/ament_cmake/cmake)
[0.520s] -- Found Python3: /usr/bin/python3 (found version "3.10.12") found components: Interpreter 
[0.564s] -- Override CMake install command with custom implementation using symlinks instead of copying resources
[0.624s] -- Configuring done
[0.625s] -- Generating done
[0.626s] -- Build files have been written to: /home/tuanmac/linorobot2_ws/build/linorobot2
[0.629s] Invoked command in '/home/tuanmac/linorobot2_ws/build/linorobot2' returned '0': /usr/bin/cmake /home/tuanmac/linorobot2_ws/src/linorobot2-humble/linorobot2 -DAMENT_CMAKE_SYMLINK_INSTALL=1 -DCMAKE_INSTALL_PREFIX=/home/tuanmac/linorobot2_ws/install/linorobot2
[0.630s] Invoking command in '/home/tuanmac/linorobot2_ws/build/linorobot2': /usr/bin/cmake --build /home/tuanmac/linorobot2_ws/build/linorobot2 -- -j16 -l16
[0.658s] Invoked command in '/home/tuanmac/linorobot2_ws/build/linorobot2' returned '0': /usr/bin/cmake --build /home/tuanmac/linorobot2_ws/build/linorobot2 -- -j16 -l16
[0.659s] Invoking command in '/home/tuanmac/linorobot2_ws/build/linorobot2': /usr/bin/cmake --install /home/tuanmac/linorobot2_ws/build/linorobot2
[0.665s] -- Install configuration: ""
[0.665s] -- Execute custom install script
[0.665s] -- Symlinking: /home/tuanmac/linorobot2_ws/install/linorobot2/share/ament_index/resource_index/package_run_dependencies/linorobot2
[0.674s] -- Symlinking: /home/tuanmac/linorobot2_ws/install/linorobot2/share/ament_index/resource_index/parent_prefix_path/linorobot2
[0.678s] -- Symlinking: /home/tuanmac/linorobot2_ws/install/linorobot2/share/linorobot2/environment/ament_prefix_path.sh
[0.683s] -- Symlinking: /home/tuanmac/linorobot2_ws/install/linorobot2/share/linorobot2/environment/ament_prefix_path.dsv
[0.688s] -- Symlinking: /home/tuanmac/linorobot2_ws/install/linorobot2/share/linorobot2/environment/path.sh
[0.692s] -- Symlinking: /home/tuanmac/linorobot2_ws/install/linorobot2/share/linorobot2/environment/path.dsv
[0.698s] -- Symlinking: /home/tuanmac/linorobot2_ws/install/linorobot2/share/linorobot2/local_setup.bash
[0.703s] -- Symlinking: /home/tuanmac/linorobot2_ws/install/linorobot2/share/linorobot2/local_setup.sh
[0.708s] -- Symlinking: /home/tuanmac/linorobot2_ws/install/linorobot2/share/linorobot2/local_setup.zsh
[0.713s] -- Symlinking: /home/tuanmac/linorobot2_ws/install/linorobot2/share/linorobot2/local_setup.dsv
[0.718s] -- Symlinking: /home/tuanmac/linorobot2_ws/install/linorobot2/share/linorobot2/package.dsv
[0.726s] -- Symlinking: /home/tuanmac/linorobot2_ws/install/linorobot2/share/ament_index/resource_index/packages/linorobot2
[0.732s] -- Symlinking: /home/tuanmac/linorobot2_ws/install/linorobot2/share/linorobot2/cmake/linorobot2Config.cmake
[0.737s] -- Symlinking: /home/tuanmac/linorobot2_ws/install/linorobot2/share/linorobot2/cmake/linorobot2Config-version.cmake
[0.744s] -- Symlinking: /home/tuanmac/linorobot2_ws/install/linorobot2/share/linorobot2/package.xml
[0.755s] Invoked command in '/home/tuanmac/linorobot2_ws/build/linorobot2' returned '0': /usr/bin/cmake --install /home/tuanmac/linorobot2_ws/build/linorobot2
