[0.035s] Invoking command in '/home/tuanmac/linorobot2_ws/build/linorobot2': CMAKE_PREFIX_PATH=${CMAKE_PREFIX_PATH}:/home/tuanmac/ros2_ws/install/my_robot_controllr:/opt/ros/humble /usr/bin/cmake --build /home/tuanmac/linorobot2_ws/build/linorobot2 -- -j16 -l16
[0.107s] Invoked command in '/home/tuanmac/linorobot2_ws/build/linorobot2' returned '0': CMAKE_PREFIX_PATH=${CMAKE_PREFIX_PATH}:/home/tuanmac/ros2_ws/install/my_robot_controllr:/opt/ros/humble /usr/bin/cmake --build /home/tuanmac/linorobot2_ws/build/linorobot2 -- -j16 -l16
[0.109s] Invoking command in '/home/tuanmac/linorobot2_ws/build/linorobot2': CMAKE_PREFIX_PATH=${CMAKE_PREFIX_PATH}:/home/tuanmac/ros2_ws/install/my_robot_controllr:/opt/ros/humble /usr/bin/cmake --install /home/tuanmac/linorobot2_ws/build/linorobot2
[0.127s] -- Install configuration: ""
[0.128s] -- Execute custom install script
[0.128s] -- Up-to-date symlink: /home/tuanmac/linorobot2_ws/install/linorobot2/share/ament_index/resource_index/package_run_dependencies/linorobot2
[0.129s] -- Up-to-date symlink: /home/tuanmac/linorobot2_ws/install/linorobot2/share/ament_index/resource_index/parent_prefix_path/linorobot2
[0.142s] -- Up-to-date symlink: /home/tuanmac/linorobot2_ws/install/linorobot2/share/linorobot2/environment/ament_prefix_path.sh
[0.145s] -- Up-to-date symlink: /home/tuanmac/linorobot2_ws/install/linorobot2/share/linorobot2/environment/ament_prefix_path.dsv
[0.145s] -- Up-to-date symlink: /home/tuanmac/linorobot2_ws/install/linorobot2/share/linorobot2/environment/path.sh
[0.145s] -- Up-to-date symlink: /home/tuanmac/linorobot2_ws/install/linorobot2/share/linorobot2/environment/path.dsv
[0.145s] -- Up-to-date symlink: /home/tuanmac/linorobot2_ws/install/linorobot2/share/linorobot2/local_setup.bash
[0.151s] -- Up-to-date symlink: /home/tuanmac/linorobot2_ws/install/linorobot2/share/linorobot2/local_setup.sh
[0.151s] -- Up-to-date symlink: /home/tuanmac/linorobot2_ws/install/linorobot2/share/linorobot2/local_setup.zsh
[0.151s] -- Up-to-date symlink: /home/tuanmac/linorobot2_ws/install/linorobot2/share/linorobot2/local_setup.dsv
[0.151s] -- Symlinking: /home/tuanmac/linorobot2_ws/install/linorobot2/share/linorobot2/package.dsv
[0.156s] -- Up-to-date symlink: /home/tuanmac/linorobot2_ws/install/linorobot2/share/ament_index/resource_index/packages/linorobot2
[0.156s] -- Up-to-date symlink: /home/tuanmac/linorobot2_ws/install/linorobot2/share/linorobot2/cmake/linorobot2Config.cmake
[0.157s] -- Up-to-date symlink: /home/tuanmac/linorobot2_ws/install/linorobot2/share/linorobot2/cmake/linorobot2Config-version.cmake
[0.157s] -- Up-to-date symlink: /home/tuanmac/linorobot2_ws/install/linorobot2/share/linorobot2/package.xml
[0.199s] Invoked command in '/home/tuanmac/linorobot2_ws/build/linorobot2' returned '0': CMAKE_PREFIX_PATH=${CMAKE_PREFIX_PATH}:/home/tuanmac/ros2_ws/install/my_robot_controllr:/opt/ros/humble /usr/bin/cmake --install /home/tuanmac/linorobot2_ws/build/linorobot2
